Archive member included to satisfy reference by file (symbol)

c:/progra~2/gnuarm~1/102021~1.10/bin/../lib/gcc/arm-none-eabi/10.3.1/../../../../arm-none-eabi/lib/thumb/v6-m/nofp\libc_nano.a(lib_a-exit.o)
                              c:/progra~2/gnuarm~1/102021~1.10/bin/../lib/gcc/arm-none-eabi/10.3.1/../../../../arm-none-eabi/lib/thumb/v6-m/nofp/crt0.o (exit)
c:/progra~2/gnuarm~1/102021~1.10/bin/../lib/gcc/arm-none-eabi/10.3.1/../../../../arm-none-eabi/lib/thumb/v6-m/nofp\libc_nano.a(lib_a-impure.o)
                              c:/progra~2/gnuarm~1/102021~1.10/bin/../lib/gcc/arm-none-eabi/10.3.1/../../../../arm-none-eabi/lib/thumb/v6-m/nofp\libc_nano.a(lib_a-exit.o) (_global_impure_ptr)
c:/progra~2/gnuarm~1/102021~1.10/bin/../lib/gcc/arm-none-eabi/10.3.1/../../../../arm-none-eabi/lib/thumb/v6-m/nofp\libc_nano.a(lib_a-init.o)
                              c:/progra~2/gnuarm~1/102021~1.10/bin/../lib/gcc/arm-none-eabi/10.3.1/../../../../arm-none-eabi/lib/thumb/v6-m/nofp/crt0.o (__libc_init_array)
c:/progra~2/gnuarm~1/102021~1.10/bin/../lib/gcc/arm-none-eabi/10.3.1/../../../../arm-none-eabi/lib/thumb/v6-m/nofp\libc_nano.a(lib_a-memset.o)
                              c:/progra~2/gnuarm~1/102021~1.10/bin/../lib/gcc/arm-none-eabi/10.3.1/../../../../arm-none-eabi/lib/thumb/v6-m/nofp/crt0.o (memset)
c:/progra~2/gnuarm~1/102021~1.10/bin/../lib/gcc/arm-none-eabi/10.3.1/thumb/v6-m/nofp\libgcc.a(_udivsi3.o)
                              CMakeFiles\PWM_CaptureMode.dir\__\__\__\__\Libraries\W7500x_StdPeriph_Driver\src\w7500x_uart.c.obj (__aeabi_uidiv)
c:/progra~2/gnuarm~1/102021~1.10/bin/../lib/gcc/arm-none-eabi/10.3.1/thumb/v6-m/nofp\libgcc.a(_dvmd_tls.o)
                              c:/progra~2/gnuarm~1/102021~1.10/bin/../lib/gcc/arm-none-eabi/10.3.1/thumb/v6-m/nofp\libgcc.a(_udivsi3.o) (__aeabi_idiv0)
c:/progra~2/gnuarm~1/102021~1.10/bin/../lib/gcc/arm-none-eabi/10.3.1/thumb/v6-m/nofp\libgcc.a(_fixunssfsi.o)
                              CMakeFiles\PWM_CaptureMode.dir\__\__\__\__\Libraries\W7500x_StdPeriph_Driver\src\w7500x_uart.c.obj (__aeabi_f2uiz)
c:/progra~2/gnuarm~1/102021~1.10/bin/../lib/gcc/arm-none-eabi/10.3.1/thumb/v6-m/nofp\libgcc.a(_fixunsdfsi.o)
                              CMakeFiles\PWM_CaptureMode.dir\__\__\__\__\Libraries\W7500x_StdPeriph_Driver\src\w7500x_uart.c.obj (__aeabi_d2uiz)
c:/progra~2/gnuarm~1/102021~1.10/bin/../lib/gcc/arm-none-eabi/10.3.1/thumb/v6-m/nofp\libgcc.a(divsf3.o)
                              CMakeFiles\PWM_CaptureMode.dir\__\__\__\__\Libraries\W7500x_StdPeriph_Driver\src\w7500x_uart.c.obj (__aeabi_fdiv)
c:/progra~2/gnuarm~1/102021~1.10/bin/../lib/gcc/arm-none-eabi/10.3.1/thumb/v6-m/nofp\libgcc.a(mulsf3.o)
                              CMakeFiles\PWM_CaptureMode.dir\__\__\__\__\Libraries\W7500x_StdPeriph_Driver\src\w7500x_uart.c.obj (__aeabi_fmul)
c:/progra~2/gnuarm~1/102021~1.10/bin/../lib/gcc/arm-none-eabi/10.3.1/thumb/v6-m/nofp\libgcc.a(subsf3.o)
                              CMakeFiles\PWM_CaptureMode.dir\__\__\__\__\Libraries\W7500x_StdPeriph_Driver\src\w7500x_uart.c.obj (__aeabi_fsub)
c:/progra~2/gnuarm~1/102021~1.10/bin/../lib/gcc/arm-none-eabi/10.3.1/thumb/v6-m/nofp\libgcc.a(fixsfsi.o)
                              c:/progra~2/gnuarm~1/102021~1.10/bin/../lib/gcc/arm-none-eabi/10.3.1/thumb/v6-m/nofp\libgcc.a(_fixunssfsi.o) (__aeabi_f2iz)
c:/progra~2/gnuarm~1/102021~1.10/bin/../lib/gcc/arm-none-eabi/10.3.1/thumb/v6-m/nofp\libgcc.a(floatunsisf.o)
                              CMakeFiles\PWM_CaptureMode.dir\__\__\__\__\Libraries\W7500x_StdPeriph_Driver\src\w7500x_uart.c.obj (__aeabi_ui2f)
c:/progra~2/gnuarm~1/102021~1.10/bin/../lib/gcc/arm-none-eabi/10.3.1/thumb/v6-m/nofp\libgcc.a(adddf3.o)
                              CMakeFiles\PWM_CaptureMode.dir\__\__\__\__\Libraries\W7500x_StdPeriph_Driver\src\w7500x_uart.c.obj (__aeabi_dadd)
c:/progra~2/gnuarm~1/102021~1.10/bin/../lib/gcc/arm-none-eabi/10.3.1/thumb/v6-m/nofp\libgcc.a(subdf3.o)
                              c:/progra~2/gnuarm~1/102021~1.10/bin/../lib/gcc/arm-none-eabi/10.3.1/thumb/v6-m/nofp\libgcc.a(_fixunsdfsi.o) (__aeabi_dsub)
c:/progra~2/gnuarm~1/102021~1.10/bin/../lib/gcc/arm-none-eabi/10.3.1/thumb/v6-m/nofp\libgcc.a(fixdfsi.o)
                              c:/progra~2/gnuarm~1/102021~1.10/bin/../lib/gcc/arm-none-eabi/10.3.1/thumb/v6-m/nofp\libgcc.a(_fixunsdfsi.o) (__aeabi_d2iz)
c:/progra~2/gnuarm~1/102021~1.10/bin/../lib/gcc/arm-none-eabi/10.3.1/thumb/v6-m/nofp\libgcc.a(extendsfdf2.o)
                              CMakeFiles\PWM_CaptureMode.dir\__\__\__\__\Libraries\W7500x_StdPeriph_Driver\src\w7500x_uart.c.obj (__aeabi_f2d)
c:/progra~2/gnuarm~1/102021~1.10/bin/../lib/gcc/arm-none-eabi/10.3.1/thumb/v6-m/nofp\libgcc.a(_arm_cmpdf2.o)
                              c:/progra~2/gnuarm~1/102021~1.10/bin/../lib/gcc/arm-none-eabi/10.3.1/thumb/v6-m/nofp\libgcc.a(_fixunsdfsi.o) (__aeabi_dcmpge)
c:/progra~2/gnuarm~1/102021~1.10/bin/../lib/gcc/arm-none-eabi/10.3.1/thumb/v6-m/nofp\libgcc.a(_arm_cmpsf2.o)
[...]
Memory Configuration

Name             Origin             Length             Attributes
FLASH            0x00000000         0x00020000         xr
RAM              0x20000000         0x00003fc0         xrw
*default*        0x00000000         0xffffffff

Linker script and memory map

LOAD c:/progra~2/gnuarm~1/102021~1.10/bin/../lib/gcc/arm-none-eabi/10.3.1/thumb/v6-m/nofp/crti.o
LOAD c:/progra~2/gnuarm~1/102021~1.10/bin/../lib/gcc/arm-none-eabi/10.3.1/thumb/v6-m/nofp/crtbegin.o
LOAD c:/progra~2/gnuarm~1/102021~1.10/bin/../lib/gcc/arm-none-eabi/10.3.1/../../../../arm-none-eabi/lib/thumb/v6-m/nofp/crt0.o
LOAD c:/progra~2/gnuarm~1/102021~1.10/bin/../lib/gcc/arm-none-eabi/10.3.1/../../../../arm-none-eabi/lib/thumb/v6-m/nofp\libc_nano.a
LOAD c:/progra~2/gnuarm~1/102021~1.10/bin/../lib/gcc/arm-none-eabi/10.3.1/../../../../arm-none-eabi/lib/thumb/v6-m/nofp\libm.a
LOAD CMakeFiles\PWM_CaptureMode.dir\main.c.obj
LOAD CMakeFiles\PWM_CaptureMode.dir\w7500x_it.c.obj
LOAD CMakeFiles\PWM_CaptureMode.dir\retarget.c.obj
LOAD CMakeFiles\PWM_CaptureMode.dir\__\__\__\__\Libraries\CMSIS\Device\WIZnet\W7500\Source\GCC\startup_W7500.s.obj
LOAD CMakeFiles\PWM_CaptureMode.dir\__\__\__\__\Libraries\CMSIS\Device\WIZnet\W7500\Source\system_w7500x.c.obj
LOAD CMakeFiles\PWM_CaptureMode.dir\__\__\__\__\Libraries\W7500x_StdPeriph_Driver\src\w7500x_gpio.c.obj
LOAD CMakeFiles\PWM_CaptureMode.dir\__\__\__\__\Libraries\W7500x_StdPeriph_Driver\src\w7500x_uart.c.obj
LOAD CMakeFiles\PWM_CaptureMode.dir\__\__\__\__\Libraries\W7500x_StdPeriph_Driver\src\w7500x_adc.c.obj
LOAD CMakeFiles\PWM_CaptureMode.dir\__\__\__\__\Libraries\W7500x_StdPeriph_Driver\src\w7500x_crg.c.obj
LOAD CMakeFiles\PWM_CaptureMode.dir\__\__\__\__\Libraries\W7500x_StdPeriph_Driver\src\w7500x_dualtimer.c.obj
LOAD CMakeFiles\PWM_CaptureMode.dir\__\__\__\__\Libraries\W7500x_StdPeriph_Driver\src\w7500x_exti.c.obj
LOAD CMakeFiles\PWM_CaptureMode.dir\__\__\__\__\Libraries\W7500x_StdPeriph_Driver\src\w7500x_flash.c.obj
LOAD CMakeFiles\PWM_CaptureMode.dir\__\__\__\__\Libraries\W7500x_StdPeriph_Driver\src\w7500x_miim.c.obj
LOAD CMakeFiles\PWM_CaptureMode.dir\__\__\__\__\Libraries\W7500x_StdPeriph_Driver\src\w7500x_misc.c.obj
LOAD CMakeFiles\PWM_CaptureMode.dir\__\__\__\__\Libraries\W7500x_StdPeriph_Driver\src\w7500x_pwm.c.obj
LOAD CMakeFiles\PWM_CaptureMode.dir\__\__\__\__\Libraries\W7500x_StdPeriph_Driver\src\w7500x_rng.c.obj
LOAD CMakeFiles\PWM_CaptureMode.dir\__\__\__\__\Libraries\W7500x_StdPeriph_Driver\src\w7500x_rtc.c.obj
LOAD CMakeFiles\PWM_CaptureMode.dir\__\__\__\__\Libraries\W7500x_StdPeriph_Driver\src\w7500x_ssp.c.obj
LOAD CMakeFiles\PWM_CaptureMode.dir\__\__\__\__\Libraries\W7500x_StdPeriph_Driver\src\w7500x_wdt.c.obj
LOAD CMakeFiles\PWM_CaptureMode.dir\__\__\__\__\Libraries\W7500x_StdPeriph_Driver\src\w7500x_wztoe.c.obj
LOAD ..\..\..\..\Libraries\libSYSTEM_W7500X_FILES.a
LOAD ..\..\..\..\Libraries\libGPIO_FILES.a
LOAD ..\..\..\..\Libraries\libUART_FILES.a
LOAD ..\..\..\..\Libraries\libADC_FILES.a
LOAD ..\..\..\..\Libraries\libCRG_FILES.a
LOAD ..\..\..\..\Libraries\libDUALTIMER_FILES.a
LOAD ..\..\..\..\Libraries\libEXTI_FILES.a
LOAD ..\..\..\..\Libraries\libFLASH_FILES.a
LOAD ..\..\..\..\Libraries\libMIIM_FILES.a
LOAD ..\..\..\..\Libraries\libMISC_FILES.a
LOAD ..\..\..\..\Libraries\libPWM_FILES.a
LOAD ..\..\..\..\Libraries\libRNG_FILES.a
LOAD ..\..\..\..\Libraries\libRTC_FILES.a
LOAD ..\..\..\..\Libraries\libSSP_FILES.a
LOAD ..\..\..\..\Libraries\libWDT_FILES.a
LOAD ..\..\..\..\Libraries\libWZTOE_FILES.a
LOAD ..\..\..\..\Libraries\libGPIO_FILES.a
LOAD ..\..\..\..\Libraries\libCRG_FILES.a
LOAD ..\..\..\..\Libraries\libSYSTEM_W7500X_FILES.a
START GROUP
LOAD c:/progra~2/gnuarm~1/102021~1.10/bin/../lib/gcc/arm-none-eabi/10.3.1/thumb/v6-m/nofp\libgcc.a
LOAD c:/progra~2/gnuarm~1/102021~1.10/bin/../lib/gcc/arm-none-eabi/10.3.1/../../../../arm-none-eabi/lib/thumb/v6-m/nofp\libg_nano.a
LOAD c:/progra~2/gnuarm~1/102021~1.10/bin/../lib/gcc/arm-none-eabi/10.3.1/../../../../arm-none-eabi/lib/thumb/v6-m/nofp\libc_nano.a
END GROUP
START GROUP
LOAD c:/progra~2/gnuarm~1/102021~1.10/bin/../lib/gcc/arm-none-eabi/10.3.1/thumb/v6-m/nofp\libgcc.a
LOAD c:/progra~2/gnuarm~1/102021~1.10/bin/../lib/gcc/arm-none-eabi/10.3.1/../../../../arm-none-eabi/lib/thumb/v6-m/nofp\libc_nano.a
END GROUP
LOAD c:/progra~2/gnuarm~1/102021~1.10/bin/../lib/gcc/arm-none-eabi/10.3.1/thumb/v6-m/nofp/crtend.o
LOAD c:/progra~2/gnuarm~1/102021~1.10/bin/../lib/gcc/arm-none-eabi/10.3.1/thumb/v6-m/nofp/crtn.o
START GROUP
LOAD c:/progra~2/gnuarm~1/102021~1.10/bin/../lib/gcc/arm-none-eabi/10.3.1/thumb/v6-m/nofp\libgcc.a
LOAD c:/progra~2/gnuarm~1/102021~1.10/bin/../lib/gcc/arm-none-eabi/10.3.1/../../../../arm-none-eabi/lib/thumb/v6-m/nofp\libc.a
LOAD c:/progra~2/gnuarm~1/102021~1.10/bin/../lib/gcc/arm-none-eabi/10.3.1/../../../../arm-none-eabi/lib/thumb/v6-m/nofp\libm.a
LOAD c:/progra~2/gnuarm~1/102021~1.10/bin/../lib/gcc/arm-none-eabi/10.3.1/../../../../arm-none-eabi/lib/thumb/v6-m/nofp\libnosys.a
END GROUP

.text           0x00000000     0x1b80
 *(.isr_vector)
 .isr_vector    0x00000000       0xa8 CMakeFiles\PWM_CaptureMode.dir\__\__\__\__\Libraries\CMSIS\Device\WIZnet\W7500\Source\GCC\startup_W7500.s.obj
                0x00000000                __isr_vector
 *(.text*)
 .text          0x000000a8       0x48 c:/progra~2/gnuarm~1/102021~1.10/bin/../lib/gcc/arm-none-eabi/10.3.1/thumb/v6-m/nofp/crtbegin.o
 .text.memset   0x000000f0       0x10 c:/progra~2/gnuarm~1/102021~1.10/bin/../lib/gcc/arm-none-eabi/10.3.1/../../../../arm-none-eabi/lib/thumb/v6-m/nofp\libc_nano.a(lib_a-memset.o)
                0x000000f0                memset
 .text.startup.main
                0x00000100       0xc4 CMakeFiles\PWM_CaptureMode.dir\main.c.obj
                0x00000100                main
 .text.NMI_Handler
                0x000001c4        0x4 CMakeFiles\PWM_CaptureMode.dir\w7500x_it.c.obj
                0x000001c4                NMI_Handler
 .text.HardFault_Handler
                0x000001c8        0x4 CMakeFiles\PWM_CaptureMode.dir\w7500x_it.c.obj
                0x000001c8                HardFault_Handler
 .text.SVC_Handler
                0x000001cc        0x4 CMakeFiles\PWM_CaptureMode.dir\w7500x_it.c.obj
                0x000001cc                SVC_Handler
 .text.PendSV_Handler
                0x000001d0        0x4 CMakeFiles\PWM_CaptureMode.dir\w7500x_it.c.obj
                0x000001d0                PendSV_Handler
 .text.SysTick_Handler
                0x000001d4        0x4 CMakeFiles\PWM_CaptureMode.dir\w7500x_it.c.obj
                0x000001d4                SysTick_Handler
 .text.SSP0_Handler
                0x000001d8        0x4 CMakeFiles\PWM_CaptureMode.dir\w7500x_it.c.obj
                0x000001d8                SSP0_Handler
 .text.SSP1_Handler
                0x000001dc        0x4 CMakeFiles\PWM_CaptureMode.dir\w7500x_it.c.obj
                0x000001dc                SSP1_Handler
 .text.UART0_Handler
                0x000001e0        0x4 CMakeFiles\PWM_CaptureMode.dir\w7500x_it.c.obj
                0x000001e0                UART0_Handler
 .text.UART1_Handler
                0x000001e4        0x4 CMakeFiles\PWM_CaptureMode.dir\w7500x_it.c.obj
                0x000001e4                UART1_Handler
 .text.UART2_Handler
                0x000001e8        0x4 CMakeFiles\PWM_CaptureMode.dir\w7500x_it.c.obj
                0x000001e8                UART2_Handler
 .text.PORT0_Handler
                0x000001ec        0x4 CMakeFiles\PWM_CaptureMode.dir\w7500x_it.c.obj
                0x000001ec                PORT0_Handler
 .text.PORT1_Handler
                0x000001f0        0x4 CMakeFiles\PWM_CaptureMode.dir\w7500x_it.c.obj
                0x000001f0                PORT1_Handler
 .text.PORT2_Handler
                0x000001f4        0x4 CMakeFiles\PWM_CaptureMode.dir\w7500x_it.c.obj
                0x000001f4                PORT2_Handler
 .text.PORT3_Handler
                0x000001f8        0x4 CMakeFiles\PWM_CaptureMode.dir\w7500x_it.c.obj
                0x000001f8                PORT3_Handler
 .text.DMA_Handler
                0x000001fc        0x4 CMakeFiles\PWM_CaptureMode.dir\w7500x_it.c.obj
                0x000001fc                DMA_Handler
 .text.DUALTIMER0_Handler
                0x00000200        0x4 CMakeFiles\PWM_CaptureMode.dir\w7500x_it.c.obj
                0x00000200                DUALTIMER0_Handler
 .text.DUALTIMER1_Handler
                0x00000204        0x4 CMakeFiles\PWM_CaptureMode.dir\w7500x_it.c.obj
                0x00000204                DUALTIMER1_Handler
 .text.PWM0_Handler
                0x00000208       0x74 CMakeFiles\PWM_CaptureMode.dir\w7500x_it.c.obj
                0x00000208                PWM0_Handler
 .text.PWM1_Handler
                0x0000027c        0x4 CMakeFiles\PWM_CaptureMode.dir\w7500x_it.c.obj
                0x0000027c                PWM1_Handler
 .text.PWM2_Handler
                0x00000280        0x4 CMakeFiles\PWM_CaptureMode.dir\w7500x_it.c.obj
                0x00000280                PWM2_Handler
 .text.PWM3_Handler
                0x00000284        0x4 CMakeFiles\PWM_CaptureMode.dir\w7500x_it.c.obj
                0x00000284                PWM3_Handler
 .text.PWM4_Handler
                0x00000288        0x4 CMakeFiles\PWM_CaptureMode.dir\w7500x_it.c.obj
                0x00000288                PWM4_Handler
 .text.PWM5_Handler
                0x0000028c        0x4 CMakeFiles\PWM_CaptureMode.dir\w7500x_it.c.obj
                0x0000028c                PWM5_Handler
 .text.PWM6_Handler
                0x00000290        0x4 CMakeFiles\PWM_CaptureMode.dir\w7500x_it.c.obj
                0x00000290                PWM6_Handler
 .text.PWM7_Handler
                0x00000294        0x4 CMakeFiles\PWM_CaptureMode.dir\w7500x_it.c.obj
                0x00000294                PWM7_Handler
 .text.RTC_Handler
                0x00000298        0x4 CMakeFiles\PWM_CaptureMode.dir\w7500x_it.c.obj
                0x00000298                RTC_Handler
 .text.ADC_Handler
                0x0000029c        0x4 CMakeFiles\PWM_CaptureMode.dir\w7500x_it.c.obj
                0x0000029c                ADC_Handler
 .text.WZTOE_Handler
                0x000002a0        0x4 CMakeFiles\PWM_CaptureMode.dir\w7500x_it.c.obj
                0x000002a0                WZTOE_Handler
 .text.EXTI_Handler
                0x000002a4        0x4 CMakeFiles\PWM_CaptureMode.dir\w7500x_it.c.obj
                0x000002a4                EXTI_Handler
 .text._write   0x000002a8       0x1c CMakeFiles\PWM_CaptureMode.dir\retarget.c.obj
                0x000002a8                _write
 .text          0x000002c4       0x84 CMakeFiles\PWM_CaptureMode.dir\__\__\__\__\Libraries\CMSIS\Device\WIZnet\W7500\Source\GCC\startup_W7500.s.obj
                0x000002c4                Reset_Handler
                0x00000304                MemManage_Handler
                0x00000306                BusFault_Handler
                0x00000308                UsageFault_Handler
                0x0000030c                DebugMon_Handler
                0x0000031c                I2C0_Handler
                0x0000031e                I2C1_Handler
 .text.GetSystemClock
                0x00000348        0xc CMakeFiles\PWM_CaptureMode.dir\__\__\__\__\Libraries\CMSIS\Device\WIZnet\W7500\Source\system_w7500x.c.obj
                0x00000348                GetSystemClock
 .text.GetSourceClock
                0x00000354        0xc CMakeFiles\PWM_CaptureMode.dir\__\__\__\__\Libraries\CMSIS\Device\WIZnet\W7500\Source\system_w7500x.c.obj
                0x00000354                GetSourceClock
 .text.SystemInit
                0x00000360       0x54 CMakeFiles\PWM_CaptureMode.dir\__\__\__\__\Libraries\CMSIS\Device\WIZnet\W7500\Source\system_w7500x.c.obj
                0x00000360                SystemInit
 .text.GPIO_Init
                0x000003b4      0x198 CMakeFiles\PWM_CaptureMode.dir\__\__\__\__\Libraries\W7500x_StdPeriph_Driver\src\w7500x_gpio.c.obj
                0x000003b4                GPIO_Init
 .text.GPIO_PinAFConfig
                0x0000054c       0x48 CMakeFiles\PWM_CaptureMode.dir\__\__\__\__\Libraries\W7500x_StdPeriph_Driver\src\w7500x_gpio.c.obj
                0x0000054c                GPIO_PinAFConfig
 .text.UART_StructInit
                0x00000594       0x18 CMakeFiles\PWM_CaptureMode.dir\__\__\__\__\Libraries\W7500x_StdPeriph_Driver\src\w7500x_uart.c.obj
                0x00000594                UART_StructInit
 .text.S_UART_Init
                0x000005ac       0x18 CMakeFiles\PWM_CaptureMode.dir\__\__\__\__\Libraries\W7500x_StdPeriph_Driver\src\w7500x_uart.c.obj
                0x000005ac                S_UART_Init
 .text.S_UART_Cmd
                0x000005c4       0x1c CMakeFiles\PWM_CaptureMode.dir\__\__\__\__\Libraries\W7500x_StdPeriph_Driver\src\w7500x_uart.c.obj
                0x000005c4                S_UART_Cmd
 .text.S_UART_SendData
                0x000005e0       0x14 CMakeFiles\PWM_CaptureMode.dir\__\__\__\__\Libraries\W7500x_StdPeriph_Driver\src\w7500x_uart.c.obj
                0x000005e0                S_UART_SendData
 .text.CRG_PLL_Bypass
                0x000005f4       0x18 CMakeFiles\PWM_CaptureMode.dir\__\__\__\__\Libraries\W7500x_StdPeriph_Driver\src\w7500x_crg.c.obj
                0x000005f4                CRG_PLL_Bypass
 .text.CRG_PLL_SourceSelect
                0x0000060c       0x18 CMakeFiles\PWM_CaptureMode.dir\__\__\__\__\Libraries\W7500x_StdPeriph_Driver\src\w7500x_crg.c.obj
                0x0000060c                CRG_PLL_SourceSelect
 .text.NVIC_Init
                0x00000624       0x58 CMakeFiles\PWM_CaptureMode.dir\__\__\__\__\Libraries\W7500x_StdPeriph_Driver\src\w7500x_misc.c.obj
                0x00000624                NVIC_Init
 .text.PWM_Init
                0x0000067c       0x2c CMakeFiles\PWM_CaptureMode.dir\__\__\__\__\Libraries\W7500x_StdPeriph_Driver\src\w7500x_pwm.c.obj
                0x0000067c                PWM_Init
 .text.PWM_StructInit
                0x000006a8       0x20 CMakeFiles\PWM_CaptureMode.dir\__\__\__\__\Libraries\W7500x_StdPeriph_Driver\src\w7500x_pwm.c.obj
                0x000006a8                PWM_StructInit
 .text.PWM_Cmd  0x000006c8       0x88 CMakeFiles\PWM_CaptureMode.dir\__\__\__\__\Libraries\W7500x_StdPeriph_Driver\src\w7500x_pwm.c.obj
                0x000006c8                PWM_Cmd
 .text.PWM_GetCapture
                0x00000750        0x4 CMakeFiles\PWM_CaptureMode.dir\__\__\__\__\Libraries\W7500x_StdPeriph_Driver\src\w7500x_pwm.c.obj
                0x00000750                PWM_GetCapture
 .text.PWM_ITConfig
                0x00000754       0x98 CMakeFiles\PWM_CaptureMode.dir\__\__\__\__\Libraries\W7500x_StdPeriph_Driver\src\w7500x_pwm.c.obj
                0x00000754                PWM_ITConfig
 .text.PWM_GetITStatus
                0x000007ec        0xc CMakeFiles\PWM_CaptureMode.dir\__\__\__\__\Libraries\W7500x_StdPeriph_Driver\src\w7500x_pwm.c.obj
                0x000007ec                PWM_GetITStatus
 .text.PWM_ClearITPendingBit
                0x000007f8        0x8 CMakeFiles\PWM_CaptureMode.dir\__\__\__\__\Libraries\W7500x_StdPeriph_Driver\src\w7500x_pwm.c.obj
                0x000007f8                PWM_ClearITPendingBit
 .text          0x00000800      0x114 c:/progra~2/gnuarm~1/102021~1.10/bin/../lib/gcc/arm-none-eabi/10.3.1/thumb/v6-m/nofp\libgcc.a(_udivsi3.o)
                0x00000800                __aeabi_uidiv
                0x00000800                __udivsi3
                0x0000090c                __aeabi_uidivmod
 .text          0x00000914        0x4 c:/progra~2/gnuarm~1/102021~1.10/bin/../lib/gcc/arm-none-eabi/10.3.1/thumb/v6-m/nofp\libgcc.a(_dvmd_tls.o)
                0x00000914                __aeabi_idiv0
                0x00000914                __aeabi_ldiv0
 .text.printf   0x00000918       0x34 c:/progra~2/gnuarm~1/102021~1.10/bin/../lib/gcc/arm-none-eabi/10.3.1/../../../../arm-none-eabi/lib/thumb/v6-m/nofp\libg_nano.a(lib_a-printf.o)
                0x00000918                iprintf
                0x00000918                printf
 .text._puts_r  0x0000094c       0xe4 c:/progra~2/gnuarm~1/102021~1.10/bin/../lib/gcc/arm-none-eabi/10.3.1/../../../../arm-none-eabi/lib/thumb/v6-m/nofp\libg_nano.a(lib_a-puts.o)
                0x0000094c                _puts_r
 .text.puts     0x00000a30       0x14 c:/progra~2/gnuarm~1/102021~1.10/bin/../lib/gcc/arm-none-eabi/10.3.1/../../../../arm-none-eabi/lib/thumb/v6-m/nofp\libg_nano.a(lib_a-puts.o)
                0x00000a30                puts
 .text.__swbuf_r
                0x00000a44       0xac c:/progra~2/gnuarm~1/102021~1.10/bin/../lib/gcc/arm-none-eabi/10.3.1/../../../../arm-none-eabi/lib/thumb/v6-m/nofp\libg_nano.a(lib_a-wbuf.o)
                0x00000a44                __swbuf_r
 .text.__swsetup_r
                0x00000af0       0xf0 c:/progra~2/gnuarm~1/102021~1.10/bin/../lib/gcc/arm-none-eabi/10.3.1/../../../../arm-none-eabi/lib/thumb/v6-m/nofp\libg_nano.a(lib_a-wsetup.o)
                0x00000af0                __swsetup_r
 .text.__sflush_r
                0x00000be0      0x118 c:/progra~2/gnuarm~1/102021~1.10/bin/../lib/gcc/arm-none-eabi/10.3.1/../../../../arm-none-eabi/lib/thumb/v6-m/nofp\libg_nano.a(lib_a-fflush.o)
                0x00000be0                __sflush_r
 .text._fflush_r
                0x00000cf8       0x80 c:/progra~2/gnuarm~1/102021~1.10/bin/../lib/gcc/arm-none-eabi/10.3.1/../../../../arm-none-eabi/lib/thumb/v6-m/nofp\libg_nano.a(lib_a-fflush.o)
                0x00000cf8                _fflush_r
 .text.std      0x00000d78       0x48 c:/progra~2/gnuarm~1/102021~1.10/bin/../lib/gcc/arm-none-eabi/10.3.1/../../../../arm-none-eabi/lib/thumb/v6-m/nofp\libg_nano.a(lib_a-findfp.o)
 .text._cleanup_r
                0x00000dc0       0x10 c:/progra~2/gnuarm~1/102021~1.10/bin/../lib/gcc/arm-none-eabi/10.3.1/../../../../arm-none-eabi/lib/thumb/v6-m/nofp\libg_nano.a(lib_a-findfp.o)
                0x00000dc0                _cleanup_r
 .text.__sfmoreglue
                0x00000dd0       0x2c c:/progra~2/gnuarm~1/102021~1.10/bin/../lib/gcc/arm-none-eabi/10.3.1/../../../../arm-none-eabi/lib/thumb/v6-m/nofp\libg_nano.a(lib_a-findfp.o)
                0x00000dd0                __sfmoreglue
 .text.__sfp_lock_acquire
                0x00000dfc       0x10 c:/progra~2/gnuarm~1/102021~1.10/bin/../lib/gcc/arm-none-eabi/10.3.1/../../../../arm-none-eabi/lib/thumb/v6-m/nofp\libg_nano.a(lib_a-findfp.o)
                0x00000dfc                __sfp_lock_acquire
 .text.__sfp_lock_release
                0x00000e0c       0x10 c:/progra~2/gnuarm~1/102021~1.10/bin/../lib/gcc/arm-none-eabi/10.3.1/../../../../arm-none-eabi/lib/thumb/v6-m/nofp\libg_nano.a(lib_a-findfp.o)
                0x00000e0c                __sfp_lock_release
 .text.__sinit_lock_acquire
                0x00000e1c       0x10 c:/progra~2/gnuarm~1/102021~1.10/bin/../lib/gcc/arm-none-eabi/10.3.1/../../../../arm-none-eabi/lib/thumb/v6-m/nofp\libg_nano.a(lib_a-findfp.o)
                0x00000e1c                __sinit_lock_acquire
 .text.__sinit_lock_release
                0x00000e2c       0x10 c:/progra~2/gnuarm~1/102021~1.10/bin/../lib/gcc/arm-none-eabi/10.3.1/../../../../arm-none-eabi/lib/thumb/v6-m/nofp\libg_nano.a(lib_a-findfp.o)
                0x00000e2c                __sinit_lock_release
 .text.__sinit  0x00000e3c       0x70 c:/progra~2/gnuarm~1/102021~1.10/bin/../lib/gcc/arm-none-eabi/10.3.1/../../../../arm-none-eabi/lib/thumb/v6-m/nofp\libg_nano.a(lib_a-findfp.o)
                0x00000e3c                __sinit
 .text.__sfp    0x00000eac       0x90 c:/progra~2/gnuarm~1/102021~1.10/bin/../lib/gcc/arm-none-eabi/10.3.1/../../../../arm-none-eabi/lib/thumb/v6-m/nofp\libg_nano.a(lib_a-findfp.o)
                0x00000eac                __sfp
 .text._fwalk_reent
                0x00000f3c       0x40 c:/progra~2/gnuarm~1/102021~1.10/bin/../lib/gcc/arm-none-eabi/10.3.1/../../../../arm-none-eabi/lib/thumb/v6-m/nofp\libg_nano.a(lib_a-fwalk.o)
                0x00000f3c                _fwalk_reent
 .text.__retarget_lock_init_recursive
                0x00000f7c        0x2 c:/progra~2/gnuarm~1/102021~1.10/bin/../lib/gcc/arm-none-eabi/10.3.1/../../../../arm-none-eabi/lib/thumb/v6-m/nofp\libg_nano.a(lib_a-lock.o)
                0x00000f7c                __retarget_lock_init_recursive
 .text.__retarget_lock_acquire_recursive
                0x00000f7e        0x2 c:/progra~2/gnuarm~1/102021~1.10/bin/../lib/gcc/arm-none-eabi/10.3.1/../../../../arm-none-eabi/lib/thumb/v6-m/nofp\libg_nano.a(lib_a-lock.o)
                0x00000f7e                __retarget_lock_acquire_recursive
 .text.__retarget_lock_release_recursive
                0x00000f80        0x2 c:/progra~2/gnuarm~1/102021~1.10/bin/../lib/gcc/arm-none-eabi/10.3.1/../../../../arm-none-eabi/lib/thumb/v6-m/nofp\libg_nano.a(lib_a-lock.o)
                0x00000f80                __retarget_lock_release_recursive
 *fill*         0x00000f82        0x2 
 .text.__swhatbuf_r
                0x00000f84       0x50 c:/progra~2/gnuarm~1/102021~1.10/bin/../lib/gcc/arm-none-eabi/10.3.1/../../../../arm-none-eabi/lib/thumb/v6-m/nofp\libg_nano.a(lib_a-makebuf.o)
                0x00000f84                __swhatbuf_r
 .text.__smakebuf_r
                0x00000fd4       0x88 c:/progra~2/gnuarm~1/102021~1.10/bin/../lib/gcc/arm-none-eabi/10.3.1/../../../../arm-none-eabi/lib/thumb/v6-m/nofp\libg_nano.a(lib_a-makebuf.o)
                0x00000fd4                __smakebuf_r
 .text._free_r  0x0000105c       0x94 c:/progra~2/gnuarm~1/102021~1.10/bin/../lib/gcc/arm-none-eabi/10.3.1/../../../../arm-none-eabi/lib/thumb/v6-m/nofp\libg_nano.a(lib_a-nano-freer.o)
                0x0000105c                _free_r
 .text.sbrk_aligned
                0x000010f0       0x44 c:/progra~2/gnuarm~1/102021~1.10/bin/../lib/gcc/arm-none-eabi/10.3.1/../../../../arm-none-eabi/lib/thumb/v6-m/nofp\libg_nano.a(lib_a-nano-mallocr.o)
 .text._malloc_r
                0x00001134       0xec c:/progra~2/gnuarm~1/102021~1.10/bin/../lib/gcc/arm-none-eabi/10.3.1/../../../../arm-none-eabi/lib/thumb/v6-m/nofp\libg_nano.a(lib_a-nano-mallocr.o)
                0x00001134                _malloc_r
 .text.__sfputc_r
                0x00001220       0x2a c:/progra~2/gnuarm~1/102021~1.10/bin/../lib/gcc/arm-none-eabi/10.3.1/../../../../arm-none-eabi/lib/thumb/v6-m/nofp\libg_nano.a(lib_a-nano-vfprintf.o)
 .text.__sfputs_r
                0x0000124a       0x24 c:/progra~2/gnuarm~1/102021~1.10/bin/../lib/gcc/arm-none-eabi/10.3.1/../../../../arm-none-eabi/lib/thumb/v6-m/nofp\libg_nano.a(lib_a-nano-vfprintf.o)
                0x0000124a                __sfputs_r
 *fill*         0x0000126e        0x2 
 .text._vfprintf_r
                0x00001270      0x274 c:/progra~2/gnuarm~1/102021~1.10/bin/../lib/gcc/arm-none-eabi/10.3.1/../../../../arm-none-eabi/lib/thumb/v6-m/nofp\libg_nano.a(lib_a-nano-vfprintf.o)
                0x00001270                _vfprintf_r
                0x00001270                _vfiprintf_r
 .text._printf_common
                0x000014e4       0xde c:/progra~2/gnuarm~1/102021~1.10/bin/../lib/gcc/arm-none-eabi/10.3.1/../../../../arm-none-eabi/lib/thumb/v6-m/nofp\libg_nano.a(lib_a-nano-vfprintf_i.o)
                0x000014e4                _printf_common
 *fill*         0x000015c2        0x2 
 .text._printf_i
                0x000015c4      0x224 c:/progra~2/gnuarm~1/102021~1.10/bin/../lib/gcc/arm-none-eabi/10.3.1/../../../../arm-none-eabi/lib/thumb/v6-m/nofp\libg_nano.a(lib_a-nano-vfprintf_i.o)
                0x000015c4                _printf_i
 .text._sbrk_r  0x000017e8       0x24 c:/progra~2/gnuarm~1/102021~1.10/bin/../lib/gcc/arm-none-eabi/10.3.1/../../../../arm-none-eabi/lib/thumb/v6-m/nofp\libg_nano.a(lib_a-sbrkr.o)
                0x000017e8                _sbrk_r
 .text.__sread  0x0000180c       0x28 c:/progra~2/gnuarm~1/102021~1.10/bin/../lib/gcc/arm-none-eabi/10.3.1/../../../../arm-none-eabi/lib/thumb/v6-m/nofp\libg_nano.a(lib_a-stdio.o)
                0x0000180c                __sread
 .text.__swrite
                0x00001834       0x38 c:/progra~2/gnuarm~1/102021~1.10/bin/../lib/gcc/arm-none-eabi/10.3.1/../../../../arm-none-eabi/lib/thumb/v6-m/nofp\libg_nano.a(lib_a-stdio.o)
                0x00001834                __swrite
 .text.__sseek  0x0000186c       0x2c c:/progra~2/gnuarm~1/102021~1.10/bin/../lib/gcc/arm-none-eabi/10.3.1/../../../../arm-none-eabi/lib/thumb/v6-m/nofp\libg_nano.a(lib_a-stdio.o)
                0x0000186c                __sseek
 .text.__sclose
                0x00001898        0xc c:/progra~2/gnuarm~1/102021~1.10/bin/../lib/gcc/arm-none-eabi/10.3.1/../../../../arm-none-eabi/lib/thumb/v6-m/nofp\libg_nano.a(lib_a-stdio.o)
                0x00001898                __sclose
 .text._write_r
                0x000018a4       0x28 c:/progra~2/gnuarm~1/102021~1.10/bin/../lib/gcc/arm-none-eabi/10.3.1/../../../../arm-none-eabi/lib/thumb/v6-m/nofp\libg_nano.a(lib_a-writer.o)
                0x000018a4                _write_r
 .text._close_r
                0x000018cc       0x24 c:/progra~2/gnuarm~1/102021~1.10/bin/../lib/gcc/arm-none-eabi/10.3.1/../../../../arm-none-eabi/lib/thumb/v6-m/nofp\libg_nano.a(lib_a-closer.o)
                0x000018cc                _close_r
 .text._fstat_r
                0x000018f0       0x24 c:/progra~2/gnuarm~1/102021~1.10/bin/../lib/gcc/arm-none-eabi/10.3.1/../../../../arm-none-eabi/lib/thumb/v6-m/nofp\libg_nano.a(lib_a-fstatr.o)
                0x000018f0                _fstat_r
 .text._isatty_r
                0x00001914       0x24 c:/progra~2/gnuarm~1/102021~1.10/bin/../lib/gcc/arm-none-eabi/10.3.1/../../../../arm-none-eabi/lib/thumb/v6-m/nofp\libg_nano.a(lib_a-isattyr.o)
                0x00001914                _isatty_r
 .text._lseek_r
                0x00001938       0x28 c:/progra~2/gnuarm~1/102021~1.10/bin/../lib/gcc/arm-none-eabi/10.3.1/../../../../arm-none-eabi/lib/thumb/v6-m/nofp\libg_nano.a(lib_a-lseekr.o)
                0x00001938                _lseek_r
 .text.memchr   0x00001960       0x16 c:/progra~2/gnuarm~1/102021~1.10/bin/../lib/gcc/arm-none-eabi/10.3.1/../../../../arm-none-eabi/lib/thumb/v6-m/nofp\libg_nano.a(lib_a-memchr-stub.o)
                0x00001960                memchr
 *fill*         0x00001976        0x2 
 .text.__malloc_lock
                0x00001978       0x10 c:/progra~2/gnuarm~1/102021~1.10/bin/../lib/gcc/arm-none-eabi/10.3.1/../../../../arm-none-eabi/lib/thumb/v6-m/nofp\libg_nano.a(lib_a-mlock.o)
                0x00001978                __malloc_lock
 .text.__malloc_unlock
                0x00001988       0x10 c:/progra~2/gnuarm~1/102021~1.10/bin/../lib/gcc/arm-none-eabi/10.3.1/../../../../arm-none-eabi/lib/thumb/v6-m/nofp\libg_nano.a(lib_a-mlock.o)
                0x00001988                __malloc_unlock
 .text._read_r  0x00001998       0x28 c:/progra~2/gnuarm~1/102021~1.10/bin/../lib/gcc/arm-none-eabi/10.3.1/../../../../arm-none-eabi/lib/thumb/v6-m/nofp\libg_nano.a(lib_a-readr.o)
                0x00001998                _read_r
 .text          0x000019c0       0x14 c:/progra~2/gnuarm~1/102021~1.10/bin/../lib/gcc/arm-none-eabi/10.3.1/thumb/v6-m/nofp\libgcc.a(_thumb1_case_shi.o)
                0x000019c0                __gnu_thumb1_case_shi
 .text._close   0x000019d4       0x10 c:/progra~2/gnuarm~1/102021~1.10/bin/../lib/gcc/arm-none-eabi/10.3.1/../../../../arm-none-eabi/lib/thumb/v6-m/nofp\libnosys.a(close.o)
                0x000019d4                _close
 .text._fstat   0x000019e4       0x10 c:/progra~2/gnuarm~1/102021~1.10/bin/../lib/gcc/arm-none-eabi/10.3.1/../../../../arm-none-eabi/lib/thumb/v6-m/nofp\libnosys.a(fstat.o)
                0x000019e4                _fstat
 .text._isatty  0x000019f4       0x10 c:/progra~2/gnuarm~1/102021~1.10/bin/../lib/gcc/arm-none-eabi/10.3.1/../../../../arm-none-eabi/lib/thumb/v6-m/nofp\libnosys.a(isatty.o)
                0x000019f4                _isatty
 .text._lseek   0x00001a04       0x10 c:/progra~2/gnuarm~1/102021~1.10/bin/../lib/gcc/arm-none-eabi/10.3.1/../../../../arm-none-eabi/lib/thumb/v6-m/nofp\libnosys.a(lseek.o)
                0x00001a04                _lseek
 .text._read    0x00001a14       0x10 c:/progra~2/gnuarm~1/102021~1.10/bin/../lib/gcc/arm-none-eabi/10.3.1/../../../../arm-none-eabi/lib/thumb/v6-m/nofp\libnosys.a(read.o)
                0x00001a14                _read
 .text._sbrk    0x00001a24       0x1c c:/progra~2/gnuarm~1/102021~1.10/bin/../lib/gcc/arm-none-eabi/10.3.1/../../../../arm-none-eabi/lib/thumb/v6-m/nofp\libnosys.a(sbrk.o)
                0x00001a24                _sbrk
 *(.init)
 .init          0x00001a40        0x4 c:/progra~2/gnuarm~1/102021~1.10/bin/../lib/gcc/arm-none-eabi/10.3.1/thumb/v6-m/nofp/crti.o
                0x00001a40                _init
 .init          0x00001a44        0x8 c:/progra~2/gnuarm~1/102021~1.10/bin/../lib/gcc/arm-none-eabi/10.3.1/thumb/v6-m/nofp/crtn.o
 *(.fini)
 .fini          0x00001a4c        0x4 c:/progra~2/gnuarm~1/102021~1.10/bin/../lib/gcc/arm-none-eabi/10.3.1/thumb/v6-m/nofp/crti.o
                0x00001a4c                _fini
 .fini          0x00001a50        0x8 c:/progra~2/gnuarm~1/102021~1.10/bin/../lib/gcc/arm-none-eabi/10.3.1/thumb/v6-m/nofp/crtn.o
 *crtbegin.o(.ctors)
 *crtbegin?.o(.ctors)
 *(EXCLUDE_FILE(*crtend.o *crtend?.o) .ctors)
 *(SORT_BY_NAME(.ctors.*))
 *(.ctors)
 *crtbegin.o(.dtors)
 *crtbegin?.o(.dtors)
 *(EXCLUDE_FILE(*crtend.o *crtend?.o) .dtors)
 *(SORT_BY_NAME(.dtors.*))
 *(.dtors)
 *(.rodata*)
 .rodata._global_impure_ptr
                0x00001a58        0x4 c:/progra~2/gnuarm~1/102021~1.10/bin/../lib/gcc/arm-none-eabi/10.3.1/../../../../arm-none-eabi/lib/thumb/v6-m/nofp\libc_nano.a(lib_a-impure.o)
                0x00001a58                _global_impure_ptr
 .rodata.main.str1.4
                0x00001a5c       0x73 CMakeFiles\PWM_CaptureMode.dir\main.c.obj
 *fill*         0x00001acf        0x1 
 .rodata.PWM0_Handler.str1.4
                0x00001ad0       0x16 CMakeFiles\PWM_CaptureMode.dir\w7500x_it.c.obj
 *fill*         0x00001ae6        0x2 
 .rodata.__sf_fake_stderr
                0x00001ae8       0x20 c:/progra~2/gnuarm~1/102021~1.10/bin/../lib/gcc/arm-none-eabi/10.3.1/../../../../arm-none-eabi/lib/thumb/v6-m/nofp\libg_nano.a(lib_a-findfp.o)
                0x00001ae8                __sf_fake_stderr
 .rodata.__sf_fake_stdin
                0x00001b08       0x20 c:/progra~2/gnuarm~1/102021~1.10/bin/../lib/gcc/arm-none-eabi/10.3.1/../../../../arm-none-eabi/lib/thumb/v6-m/nofp\libg_nano.a(lib_a-findfp.o)
                0x00001b08                __sf_fake_stdin
 .rodata.__sf_fake_stdout
                0x00001b28       0x20 c:/progra~2/gnuarm~1/102021~1.10/bin/../lib/gcc/arm-none-eabi/10.3.1/../../../../arm-none-eabi/lib/thumb/v6-m/nofp\libg_nano.a(lib_a-findfp.o)
                0x00001b28                __sf_fake_stdout
 .rodata._vfprintf_r.str1.1
                0x00001b48       0x11 c:/progra~2/gnuarm~1/102021~1.10/bin/../lib/gcc/arm-none-eabi/10.3.1/../../../../arm-none-eabi/lib/thumb/v6-m/nofp\libg_nano.a(lib_a-nano-vfprintf.o)
 .rodata._printf_i.str1.1
                0x00001b59       0x22 c:/progra~2/gnuarm~1/102021~1.10/bin/../lib/gcc/arm-none-eabi/10.3.1/../../../../arm-none-eabi/lib/thumb/v6-m/nofp\libg_nano.a(lib_a-nano-vfprintf_i.o)
 *(.eh_frame*)
 *fill*         0x00001b7b        0x1 
 .eh_frame      0x00001b7c        0x0 c:/progra~2/gnuarm~1/102021~1.10/bin/../lib/gcc/arm-none-eabi/10.3.1/thumb/v6-m/nofp/crtbegin.o
 .eh_frame      0x00001b7c        0x4 c:/progra~2/gnuarm~1/102021~1.10/bin/../lib/gcc/arm-none-eabi/10.3.1/thumb/v6-m/nofp/crtend.o

.glue_7         0x00001b80        0x0
 .glue_7        0x00001b80        0x0 linker stubs

.glue_7t        0x00001b80        0x0
 .glue_7t       0x00001b80        0x0 linker stubs

.vfp11_veneer   0x00001b80        0x0
 .vfp11_veneer  0x00001b80        0x0 linker stubs

.v4_bx          0x00001b80        0x0
 .v4_bx         0x00001b80        0x0 linker stubs

.iplt           0x00001b80        0x0
 .iplt          0x00001b80        0x0 c:/progra~2/gnuarm~1/102021~1.10/bin/../lib/gcc/arm-none-eabi/10.3.1/thumb/v6-m/nofp/crtbegin.o

.rel.dyn        0x00001b80        0x0
 .rel.iplt      0x00001b80        0x0 c:/progra~2/gnuarm~1/102021~1.10/bin/../lib/gcc/arm-none-eabi/10.3.1/thumb/v6-m/nofp/crtbegin.o

.ARM.extab
 *(.ARM.extab* .gnu.linkonce.armextab.*)
                0x00001b80                __exidx_start = .

.ARM.exidx
 *(.ARM.exidx* .gnu.linkonce.armexidx.*)
                0x00001b80                __exidx_end = .
                0x00001b80                __etext = .

.data           0x20000000       0x6c load address 0x00001b80
                0x20000000                __data_start__ = .
 *(vtable)
 *(.data*)
 .data._impure_ptr
                0x20000000        0x4 c:/progra~2/gnuarm~1/102021~1.10/bin/../lib/gcc/arm-none-eabi/10.3.1/../../../../arm-none-eabi/lib/thumb/v6-m/nofp\libc_nano.a(lib_a-impure.o)
                0x20000000                _impure_ptr
 .data.impure_data
                0x20000004       0x60 c:/progra~2/gnuarm~1/102021~1.10/bin/../lib/gcc/arm-none-eabi/10.3.1/../../../../arm-none-eabi/lib/thumb/v6-m/nofp\libc_nano.a(lib_a-impure.o)
                0x20000064                . = ALIGN (0x4)
                0x20000064                PROVIDE (__preinit_array_start = .)
 *(.preinit_array)
                0x20000064                PROVIDE (__preinit_array_end = .)
                0x20000064                . = ALIGN (0x4)
                0x20000064                PROVIDE (__init_array_start = .)
 *(SORT_BY_NAME(.init_array.*))
 *(.init_array)
 .init_array    0x20000064        0x4 c:/progra~2/gnuarm~1/102021~1.10/bin/../lib/gcc/arm-none-eabi/10.3.1/thumb/v6-m/nofp/crtbegin.o
                0x20000068                PROVIDE (__init_array_end = .)
                0x20000068                . = ALIGN (0x4)
                [!provide]                PROVIDE (__fini_array_start = .)
 *(SORT_BY_NAME(.fini_array.*))
 *(.fini_array)
 .fini_array    0x20000068        0x4 c:/progra~2/gnuarm~1/102021~1.10/bin/../lib/gcc/arm-none-eabi/10.3.1/thumb/v6-m/nofp/crtbegin.o
                [!provide]                PROVIDE (__fini_array_end = .)
 *(.jcr*)
                0x2000006c                . = ALIGN (0x4)
                0x2000006c                __data_end__ = .

.igot.plt       0x2000006c        0x0 load address 0x00001bec
 .igot.plt      0x2000006c        0x0 c:/progra~2/gnuarm~1/102021~1.10/bin/../lib/gcc/arm-none-eabi/10.3.1/thumb/v6-m/nofp/crtbegin.o

.bss            0x2000006c       0x38 load address 0x00001bec
                0x2000006c                . = ALIGN (0x4)
                0x2000006c                __bss_start__ = .
 *(.bss*)
 .bss           0x2000006c       0x1c c:/progra~2/gnuarm~1/102021~1.10/bin/../lib/gcc/arm-none-eabi/10.3.1/thumb/v6-m/nofp/crtbegin.o
 .bss.SystemCoreClock
                0x20000088        0x4 CMakeFiles\PWM_CaptureMode.dir\__\__\__\__\Libraries\CMSIS\Device\WIZnet\W7500\Source\system_w7500x.c.obj
 .bss.SystemSourceClock
                0x2000008c        0x4 CMakeFiles\PWM_CaptureMode.dir\__\__\__\__\Libraries\CMSIS\Device\WIZnet\W7500\Source\system_w7500x.c.obj
 .bss.__lock___malloc_recursive_mutex
                0x20000090        0x1 c:/progra~2/gnuarm~1/102021~1.10/bin/../lib/gcc/arm-none-eabi/10.3.1/../../../../arm-none-eabi/lib/thumb/v6-m/nofp\libg_nano.a(lib_a-lock.o)
                0x20000090                __lock___malloc_recursive_mutex
 .bss.__lock___sfp_recursive_mutex
                0x20000091        0x1 c:/progra~2/gnuarm~1/102021~1.10/bin/../lib/gcc/arm-none-eabi/10.3.1/../../../../arm-none-eabi/lib/thumb/v6-m/nofp\libg_nano.a(lib_a-lock.o)
                0x20000091                __lock___sfp_recursive_mutex
 .bss.__lock___sinit_recursive_mutex
                0x20000092        0x1 c:/progra~2/gnuarm~1/102021~1.10/bin/../lib/gcc/arm-none-eabi/10.3.1/../../../../arm-none-eabi/lib/thumb/v6-m/nofp\libg_nano.a(lib_a-lock.o)
                0x20000092                __lock___sinit_recursive_mutex
 *fill*         0x20000093        0x1 
 .bss.__malloc_free_list
                0x20000094        0x4 c:/progra~2/gnuarm~1/102021~1.10/bin/../lib/gcc/arm-none-eabi/10.3.1/../../../../arm-none-eabi/lib/thumb/v6-m/nofp\libg_nano.a(lib_a-nano-mallocr.o)
                0x20000094                __malloc_free_list
 .bss.__malloc_sbrk_start
                0x20000098        0x4 c:/progra~2/gnuarm~1/102021~1.10/bin/../lib/gcc/arm-none-eabi/10.3.1/../../../../arm-none-eabi/lib/thumb/v6-m/nofp\libg_nano.a(lib_a-nano-mallocr.o)
                0x20000098                __malloc_sbrk_start
 .bss.errno     0x2000009c        0x4 c:/progra~2/gnuarm~1/102021~1.10/bin/../lib/gcc/arm-none-eabi/10.3.1/../../../../arm-none-eabi/lib/thumb/v6-m/nofp\libg_nano.a(lib_a-reent.o)
                0x2000009c                errno
 .bss.heap_end.0
                0x200000a0        0x4 c:/progra~2/gnuarm~1/102021~1.10/bin/../lib/gcc/arm-none-eabi/10.3.1/../../../../arm-none-eabi/lib/thumb/v6-m/nofp\libnosys.a(sbrk.o)
 *(COMMON)
                0x200000a4                . = ALIGN (0x4)
                0x200000a4                __bss_end__ = .

.heap           0x200000a8        0x0
                0x200000a8                __end__ = .
                0x200000a8                end = __end__
 *(.heap*)
 .heap          0x200000a8        0x0 CMakeFiles\PWM_CaptureMode.dir\__\__\__\__\Libraries\CMSIS\Device\WIZnet\W7500\Source\GCC\startup_W7500.s.obj
                0x200000a8                __HeapLimit = .

.stack_dummy    0x200000a8      0x200
 *(.stack*)
 .stack         0x200000a8      0x200 CMakeFiles\PWM_CaptureMode.dir\__\__\__\__\Libraries\CMSIS\Device\WIZnet\W7500\Source\GCC\startup_W7500.s.obj
                0x20003fc0                __StackTop = (ORIGIN (RAM) + LENGTH (RAM))
                0x20003dc0                __StackLimit = (__StackTop - SIZEOF (.stack_dummy))
                0x20003fc0                PROVIDE (__stack = __StackTop)
                0x00000001                ASSERT ((__StackLimit >= __HeapLimit), region RAM overflowed with stack)
OUTPUT(PWM_CaptureMode elf32-littlearm)
LOAD linker stubs

.ARM.attributes
                0x00000000       0x28
 .ARM.attributes
                0x00000000       0x1e c:/progra~2/gnuarm~1/102021~1.10/bin/../lib/gcc/arm-none-eabi/10.3.1/thumb/v6-m/nofp/crti.o
 .ARM.attributes
                0x0000001e       0x2c c:/progra~2/gnuarm~1/102021~1.10/bin/../lib/gcc/arm-none-eabi/10.3.1/thumb/v6-m/nofp/crtbegin.o
 .ARM.attributes
                0x0000004a       0x2c c:/progra~2/gnuarm~1/102021~1.10/bin/../lib/gcc/arm-none-eabi/10.3.1/../../../../arm-none-eabi/lib/thumb/v6-m/nofp\libc_nano.a(lib_a-impure.o)
 .ARM.attributes
                0x00000076       0x2c c:/progra~2/gnuarm~1/102021~1.10/bin/../lib/gcc/arm-none-eabi/10.3.1/../../../../arm-none-eabi/lib/thumb/v6-m/nofp\libc_nano.a(lib_a-memset.o)
 .ARM.attributes
                0x000000a2       0x2c CMakeFiles\PWM_CaptureMode.dir\main.c.obj
 .ARM.attributes
                0x000000ce       0x2c CMakeFiles\PWM_CaptureMode.dir\w7500x_it.c.obj
 .ARM.attributes
                0x000000fa       0x2c CMakeFiles\PWM_CaptureMode.dir\retarget.c.obj
 .ARM.attributes
                0x00000126       0x1b CMakeFiles\PWM_CaptureMode.dir\__\__\__\__\Libraries\CMSIS\Device\WIZnet\W7500\Source\GCC\startup_W7500.s.obj
 .ARM.attributes
                0x00000141       0x2c CMakeFiles\PWM_CaptureMode.dir\__\__\__\__\Libraries\CMSIS\Device\WIZnet\W7500\Source\system_w7500x.c.obj
 .ARM.attributes
                0x0000016d       0x2c CMakeFiles\PWM_CaptureMode.dir\__\__\__\__\Libraries\W7500x_StdPeriph_Driver\src\w7500x_gpio.c.obj
 .ARM.attributes
                0x00000199       0x2c CMakeFiles\PWM_CaptureMode.dir\__\__\__\__\Libraries\W7500x_StdPeriph_Driver\src\w7500x_uart.c.obj
 .ARM.attributes
                0x000001c5       0x2c CMakeFiles\PWM_CaptureMode.dir\__\__\__\__\Libraries\W7500x_StdPeriph_Driver\src\w7500x_crg.c.obj
 .ARM.attributes
                0x000001f1       0x2c CMakeFiles\PWM_CaptureMode.dir\__\__\__\__\Libraries\W7500x_StdPeriph_Driver\src\w7500x_misc.c.obj
 .ARM.attributes
                0x0000021d       0x2c CMakeFiles\PWM_CaptureMode.dir\__\__\__\__\Libraries\W7500x_StdPeriph_Driver\src\w7500x_pwm.c.obj
 .ARM.attributes
                0x00000249       0x1e c:/progra~2/gnuarm~1/102021~1.10/bin/../lib/gcc/arm-none-eabi/10.3.1/thumb/v6-m/nofp\libgcc.a(_udivsi3.o)
 .ARM.attributes
                0x00000267       0x1e c:/progra~2/gnuarm~1/102021~1.10/bin/../lib/gcc/arm-none-eabi/10.3.1/thumb/v6-m/nofp\libgcc.a(_dvmd_tls.o)
 .ARM.attributes
                0x00000285       0x2c c:/progra~2/gnuarm~1/102021~1.10/bin/../lib/gcc/arm-none-eabi/10.3.1/../../../../arm-none-eabi/lib/thumb/v6-m/nofp\libg_nano.a(lib_a-printf.o)
 .ARM.attributes
                0x000002b1       0x2c c:/progra~2/gnuarm~1/102021~1.10/bin/../lib/gcc/arm-none-eabi/10.3.1/../../../../arm-none-eabi/lib/thumb/v6-m/nofp\libg_nano.a(lib_a-puts.o)
 .ARM.attributes
                0x000002dd       0x2c c:/progra~2/gnuarm~1/102021~1.10/bin/../lib/gcc/arm-none-eabi/10.3.1/../../../../arm-none-eabi/lib/thumb/v6-m/nofp\libg_nano.a(lib_a-wbuf.o)
 .ARM.attributes
                0x00000309       0x2c c:/progra~2/gnuarm~1/102021~1.10/bin/../lib/gcc/arm-none-eabi/10.3.1/../../../../arm-none-eabi/lib/thumb/v6-m/nofp\libg_nano.a(lib_a-wsetup.o)
 .ARM.attributes
                0x00000335       0x2c c:/progra~2/gnuarm~1/102021~1.10/bin/../lib/gcc/arm-none-eabi/10.3.1/../../../../arm-none-eabi/lib/thumb/v6-m/nofp\libg_nano.a(lib_a-fflush.o)
 .ARM.attributes
                0x00000361       0x2c c:/progra~2/gnuarm~1/102021~1.10/bin/../lib/gcc/arm-none-eabi/10.3.1/../../../../arm-none-eabi/lib/thumb/v6-m/nofp\libg_nano.a(lib_a-findfp.o)
 .ARM.attributes
                0x0000038d       0x2c c:/progra~2/gnuarm~1/102021~1.10/bin/../lib/gcc/arm-none-eabi/10.3.1/../../../../arm-none-eabi/lib/thumb/v6-m/nofp\libg_nano.a(lib_a-fwalk.o)
 .ARM.attributes
                0x000003b9       0x2c c:/progra~2/gnuarm~1/102021~1.10/bin/../lib/gcc/arm-none-eabi/10.3.1/../../../../arm-none-eabi/lib/thumb/v6-m/nofp\libg_nano.a(lib_a-lock.o)
 .ARM.attributes
                0x000003e5       0x2c c:/progra~2/gnuarm~1/102021~1.10/bin/../lib/gcc/arm-none-eabi/10.3.1/../../../../arm-none-eabi/lib/thumb/v6-m/nofp\libg_nano.a(lib_a-makebuf.o)
 .ARM.attributes
                0x00000411       0x2c c:/progra~2/gnuarm~1/102021~1.10/bin/../lib/gcc/arm-none-eabi/10.3.1/../../../../arm-none-eabi/lib/thumb/v6-m/nofp\libg_nano.a(lib_a-nano-freer.o)
 .ARM.attributes
                0x0000043d       0x2c c:/progra~2/gnuarm~1/102021~1.10/bin/../lib/gcc/arm-none-eabi/10.3.1/../../../../arm-none-eabi/lib/thumb/v6-m/nofp\libg_nano.a(lib_a-nano-mallocr.o)
 .ARM.attributes
                0x00000469       0x2c c:/progra~2/gnuarm~1/102021~1.10/bin/../lib/gcc/arm-none-eabi/10.3.1/../../../../arm-none-eabi/lib/thumb/v6-m/nofp\libg_nano.a(lib_a-nano-vfprintf.o)
 .ARM.attributes
                0x00000495       0x2c c:/progra~2/gnuarm~1/102021~1.10/bin/../lib/gcc/arm-none-eabi/10.3.1/../../../../arm-none-eabi/lib/thumb/v6-m/nofp\libg_nano.a(lib_a-nano-vfprintf_i.o)
 .ARM.attributes
                0x000004c1       0x2c c:/progra~2/gnuarm~1/102021~1.10/bin/../lib/gcc/arm-none-eabi/10.3.1/../../../../arm-none-eabi/lib/thumb/v6-m/nofp\libg_nano.a(lib_a-sbrkr.o)
 .ARM.attributes
                0x000004ed       0x2c c:/progra~2/gnuarm~1/102021~1.10/bin/../lib/gcc/arm-none-eabi/10.3.1/../../../../arm-none-eabi/lib/thumb/v6-m/nofp\libg_nano.a(lib_a-stdio.o)
 .ARM.attributes
                0x00000519       0x2c c:/progra~2/gnuarm~1/102021~1.10/bin/../lib/gcc/arm-none-eabi/10.3.1/../../../../arm-none-eabi/lib/thumb/v6-m/nofp\libg_nano.a(lib_a-writer.o)
 .ARM.attributes
                0x00000545       0x2c c:/progra~2/gnuarm~1/102021~1.10/bin/../lib/gcc/arm-none-eabi/10.3.1/../../../../arm-none-eabi/lib/thumb/v6-m/nofp\libg_nano.a(lib_a-closer.o)
 .ARM.attributes
                0x00000571       0x2c c:/progra~2/gnuarm~1/102021~1.10/bin/../lib/gcc/arm-none-eabi/10.3.1/../../../../arm-none-eabi/lib/thumb/v6-m/nofp\libg_nano.a(lib_a-fstatr.o)
 .ARM.attributes
                0x0000059d       0x2c c:/progra~2/gnuarm~1/102021~1.10/bin/../lib/gcc/arm-none-eabi/10.3.1/../../../../arm-none-eabi/lib/thumb/v6-m/nofp\libg_nano.a(lib_a-isattyr.o)
 .ARM.attributes
                0x000005c9       0x2c c:/progra~2/gnuarm~1/102021~1.10/bin/../lib/gcc/arm-none-eabi/10.3.1/../../../../arm-none-eabi/lib/thumb/v6-m/nofp\libg_nano.a(lib_a-lseekr.o)
 .ARM.attributes
                0x000005f5       0x2c c:/progra~2/gnuarm~1/102021~1.10/bin/../lib/gcc/arm-none-eabi/10.3.1/../../../../arm-none-eabi/lib/thumb/v6-m/nofp\libg_nano.a(lib_a-memchr-stub.o)
 .ARM.attributes
                0x00000621       0x2c c:/progra~2/gnuarm~1/102021~1.10/bin/../lib/gcc/arm-none-eabi/10.3.1/../../../../arm-none-eabi/lib/thumb/v6-m/nofp\libg_nano.a(lib_a-mlock.o)
 .ARM.attributes
                0x0000064d       0x2c c:/progra~2/gnuarm~1/102021~1.10/bin/../lib/gcc/arm-none-eabi/10.3.1/../../../../arm-none-eabi/lib/thumb/v6-m/nofp\libg_nano.a(lib_a-readr.o)
 .ARM.attributes
                0x00000679       0x2c c:/progra~2/gnuarm~1/102021~1.10/bin/../lib/gcc/arm-none-eabi/10.3.1/../../../../arm-none-eabi/lib/thumb/v6-m/nofp\libg_nano.a(lib_a-reent.o)
 .ARM.attributes
                0x000006a5       0x1e c:/progra~2/gnuarm~1/102021~1.10/bin/../lib/gcc/arm-none-eabi/10.3.1/thumb/v6-m/nofp\libgcc.a(_thumb1_case_shi.o)
 .ARM.attributes
                0x000006c3       0x2c c:/progra~2/gnuarm~1/102021~1.10/bin/../lib/gcc/arm-none-eabi/10.3.1/thumb/v6-m/nofp/crtend.o
 .ARM.attributes
                0x000006ef       0x1e c:/progra~2/gnuarm~1/102021~1.10/bin/../lib/gcc/arm-none-eabi/10.3.1/thumb/v6-m/nofp/crtn.o
 .ARM.attributes
                0x0000070d       0x2c c:/progra~2/gnuarm~1/102021~1.10/bin/../lib/gcc/arm-none-eabi/10.3.1/../../../../arm-none-eabi/lib/thumb/v6-m/nofp\libnosys.a(close.o)
 .ARM.attributes
                0x00000739       0x2c c:/progra~2/gnuarm~1/102021~1.10/bin/../lib/gcc/arm-none-eabi/10.3.1/../../../../arm-none-eabi/lib/thumb/v6-m/nofp\libnosys.a(fstat.o)
 .ARM.attributes
                0x00000765       0x2c c:/progra~2/gnuarm~1/102021~1.10/bin/../lib/gcc/arm-none-eabi/10.3.1/../../../../arm-none-eabi/lib/thumb/v6-m/nofp\libnosys.a(isatty.o)
 .ARM.attributes
                0x00000791       0x2c c:/progra~2/gnuarm~1/102021~1.10/bin/../lib/gcc/arm-none-eabi/10.3.1/../../../../arm-none-eabi/lib/thumb/v6-m/nofp\libnosys.a(lseek.o)
 .ARM.attributes
                0x000007bd       0x2c c:/progra~2/gnuarm~1/102021~1.10/bin/../lib/gcc/arm-none-eabi/10.3.1/../../../../arm-none-eabi/lib/thumb/v6-m/nofp\libnosys.a(read.o)
 .ARM.attributes
                0x000007e9       0x2c c:/progra~2/gnuarm~1/102021~1.10/bin/../lib/gcc/arm-none-eabi/10.3.1/../../../../arm-none-eabi/lib/thumb/v6-m/nofp\libnosys.a(sbrk.o)

.comment        0x00000000       0x49
 .comment       0x00000000       0x49 CMakeFiles\PWM_CaptureMode.dir\main.c.obj
                                 0x4a (size before relaxing)
 .comment       0x00000049       0x4a CMakeFiles\PWM_CaptureMode.dir\w7500x_it.c.obj
 .comment       0x00000049       0x4a CMakeFiles\PWM_CaptureMode.dir\retarget.c.obj
 .comment       0x00000049       0x4a CMakeFiles\PWM_CaptureMode.dir\__\__\__\__\Libraries\CMSIS\Device\WIZnet\W7500\Source\system_w7500x.c.obj
 .comment       0x00000049       0x4a CMakeFiles\PWM_CaptureMode.dir\__\__\__\__\Libraries\W7500x_StdPeriph_Driver\src\w7500x_gpio.c.obj
 .comment       0x00000049       0x4a CMakeFiles\PWM_CaptureMode.dir\__\__\__\__\Libraries\W7500x_StdPeriph_Driver\src\w7500x_uart.c.obj
 .comment       0x00000049       0x4a CMakeFiles\PWM_CaptureMode.dir\__\__\__\__\Libraries\W7500x_StdPeriph_Driver\src\w7500x_crg.c.obj
 .comment       0x00000049       0x4a CMakeFiles\PWM_CaptureMode.dir\__\__\__\__\Libraries\W7500x_StdPeriph_Driver\src\w7500x_misc.c.obj
 .comment       0x00000049       0x4a CMakeFiles\PWM_CaptureMode.dir\__\__\__\__\Libraries\W7500x_StdPeriph_Driver\src\w7500x_pwm.c.obj

.debug_frame    0x00000000     0x1260
 .debug_frame   0x00000000       0x20 c:/progra~2/gnuarm~1/102021~1.10/bin/../lib/gcc/arm-none-eabi/10.3.1/../../../../arm-none-eabi/lib/thumb/v6-m/nofp\libc_nano.a(lib_a-memset.o)
 .debug_frame   0x00000020       0x2c CMakeFiles\PWM_CaptureMode.dir\main.c.obj
 .debug_frame   0x0000004c      0x1e8 CMakeFiles\PWM_CaptureMode.dir\w7500x_it.c.obj
 .debug_frame   0x00000234       0xbc CMakeFiles\PWM_CaptureMode.dir\retarget.c.obj
 .debug_frame   0x000002f0       0x58 CMakeFiles\PWM_CaptureMode.dir\__\__\__\__\Libraries\CMSIS\Device\WIZnet\W7500\Source\system_w7500x.c.obj
 .debug_frame   0x00000348      0x1a0 CMakeFiles\PWM_CaptureMode.dir\__\__\__\__\Libraries\W7500x_StdPeriph_Driver\src\w7500x_gpio.c.obj
 .debug_frame   0x000004e8      0x1d0 CMakeFiles\PWM_CaptureMode.dir\__\__\__\__\Libraries\W7500x_StdPeriph_Driver\src\w7500x_uart.c.obj
 .debug_frame   0x000006b8      0x1b8 CMakeFiles\PWM_CaptureMode.dir\__\__\__\__\Libraries\W7500x_StdPeriph_Driver\src\w7500x_crg.c.obj
 .debug_frame   0x00000870       0x30 CMakeFiles\PWM_CaptureMode.dir\__\__\__\__\Libraries\W7500x_StdPeriph_Driver\src\w7500x_misc.c.obj
 .debug_frame   0x000008a0       0xcc CMakeFiles\PWM_CaptureMode.dir\__\__\__\__\Libraries\W7500x_StdPeriph_Driver\src\w7500x_pwm.c.obj
 .debug_frame   0x0000096c       0x20 c:/progra~2/gnuarm~1/102021~1.10/bin/../lib/gcc/arm-none-eabi/10.3.1/thumb/v6-m/nofp\libgcc.a(_udivsi3.o)
 .debug_frame   0x0000098c       0x50 c:/progra~2/gnuarm~1/102021~1.10/bin/../lib/gcc/arm-none-eabi/10.3.1/../../../../arm-none-eabi/lib/thumb/v6-m/nofp\libg_nano.a(lib_a-printf.o)
 .debug_frame   0x000009dc       0x44 c:/progra~2/gnuarm~1/102021~1.10/bin/../lib/gcc/arm-none-eabi/10.3.1/../../../../arm-none-eabi/lib/thumb/v6-m/nofp\libg_nano.a(lib_a-puts.o)
 .debug_frame   0x00000a20       0x48 c:/progra~2/gnuarm~1/102021~1.10/bin/../lib/gcc/arm-none-eabi/10.3.1/../../../../arm-none-eabi/lib/thumb/v6-m/nofp\libg_nano.a(lib_a-wbuf.o)
 .debug_frame   0x00000a68       0x2c c:/progra~2/gnuarm~1/102021~1.10/bin/../lib/gcc/arm-none-eabi/10.3.1/../../../../arm-none-eabi/lib/thumb/v6-m/nofp\libg_nano.a(lib_a-wsetup.o)
 .debug_frame   0x00000a94       0x68 c:/progra~2/gnuarm~1/102021~1.10/bin/../lib/gcc/arm-none-eabi/10.3.1/../../../../arm-none-eabi/lib/thumb/v6-m/nofp\libg_nano.a(lib_a-fflush.o)
 .debug_frame   0x00000afc      0x170 c:/progra~2/gnuarm~1/102021~1.10/bin/../lib/gcc/arm-none-eabi/10.3.1/../../../../arm-none-eabi/lib/thumb/v6-m/nofp\libg_nano.a(lib_a-findfp.o)
 .debug_frame   0x00000c6c       0x58 c:/progra~2/gnuarm~1/102021~1.10/bin/../lib/gcc/arm-none-eabi/10.3.1/../../../../arm-none-eabi/lib/thumb/v6-m/nofp\libg_nano.a(lib_a-fwalk.o)
 .debug_frame   0x00000cc4       0xb0 c:/progra~2/gnuarm~1/102021~1.10/bin/../lib/gcc/arm-none-eabi/10.3.1/../../../../arm-none-eabi/lib/thumb/v6-m/nofp\libg_nano.a(lib_a-lock.o)
 .debug_frame   0x00000d74       0x54 c:/progra~2/gnuarm~1/102021~1.10/bin/../lib/gcc/arm-none-eabi/10.3.1/../../../../arm-none-eabi/lib/thumb/v6-m/nofp\libg_nano.a(lib_a-makebuf.o)
 .debug_frame   0x00000dc8       0x2c c:/progra~2/gnuarm~1/102021~1.10/bin/../lib/gcc/arm-none-eabi/10.3.1/../../../../arm-none-eabi/lib/thumb/v6-m/nofp\libg_nano.a(lib_a-nano-freer.o)
 .debug_frame   0x00000df4       0x50 c:/progra~2/gnuarm~1/102021~1.10/bin/../lib/gcc/arm-none-eabi/10.3.1/../../../../arm-none-eabi/lib/thumb/v6-m/nofp\libg_nano.a(lib_a-nano-mallocr.o)
 .debug_frame   0x00000e44       0x9c c:/progra~2/gnuarm~1/102021~1.10/bin/../lib/gcc/arm-none-eabi/10.3.1/../../../../arm-none-eabi/lib/thumb/v6-m/nofp\libg_nano.a(lib_a-nano-vfprintf.o)
 .debug_frame   0x00000ee0       0x54 c:/progra~2/gnuarm~1/102021~1.10/bin/../lib/gcc/arm-none-eabi/10.3.1/../../../../arm-none-eabi/lib/thumb/v6-m/nofp\libg_nano.a(lib_a-nano-vfprintf_i.o)
 .debug_frame   0x00000f34       0x2c c:/progra~2/gnuarm~1/102021~1.10/bin/../lib/gcc/arm-none-eabi/10.3.1/../../../../arm-none-eabi/lib/thumb/v6-m/nofp\libg_nano.a(lib_a-sbrkr.o)
 .debug_frame   0x00000f60       0x90 c:/progra~2/gnuarm~1/102021~1.10/bin/../lib/gcc/arm-none-eabi/10.3.1/../../../../arm-none-eabi/lib/thumb/v6-m/nofp\libg_nano.a(lib_a-stdio.o)
 .debug_frame   0x00000ff0       0x2c c:/progra~2/gnuarm~1/102021~1.10/bin/../lib/gcc/arm-none-eabi/10.3.1/../../../../arm-none-eabi/lib/thumb/v6-m/nofp\libg_nano.a(lib_a-writer.o)
 .debug_frame   0x0000101c       0x2c c:/progra~2/gnuarm~1/102021~1.10/bin/../lib/gcc/arm-none-eabi/10.3.1/../../../../arm-none-eabi/lib/thumb/v6-m/nofp\libg_nano.a(lib_a-closer.o)
 .debug_frame   0x00001048       0x2c c:/progra~2/gnuarm~1/102021~1.10/bin/../lib/gcc/arm-none-eabi/10.3.1/../../../../arm-none-eabi/lib/thumb/v6-m/nofp\libg_nano.a(lib_a-fstatr.o)
 .debug_frame   0x00001074       0x2c c:/progra~2/gnuarm~1/102021~1.10/bin/../lib/gcc/arm-none-eabi/10.3.1/../../../../arm-none-eabi/lib/thumb/v6-m/nofp\libg_nano.a(lib_a-isattyr.o)
 .debug_frame   0x000010a0       0x2c c:/progra~2/gnuarm~1/102021~1.10/bin/../lib/gcc/arm-none-eabi/10.3.1/../../../../arm-none-eabi/lib/thumb/v6-m/nofp\libg_nano.a(lib_a-lseekr.o)
 .debug_frame   0x000010cc       0x20 c:/progra~2/gnuarm~1/102021~1.10/bin/../lib/gcc/arm-none-eabi/10.3.1/../../../../arm-none-eabi/lib/thumb/v6-m/nofp\libg_nano.a(lib_a-memchr-stub.o)
 .debug_frame   0x000010ec       0x40 c:/progra~2/gnuarm~1/102021~1.10/bin/../lib/gcc/arm-none-eabi/10.3.1/../../../../arm-none-eabi/lib/thumb/v6-m/nofp\libg_nano.a(lib_a-mlock.o)
 .debug_frame   0x0000112c       0x2c c:/progra~2/gnuarm~1/102021~1.10/bin/../lib/gcc/arm-none-eabi/10.3.1/../../../../arm-none-eabi/lib/thumb/v6-m/nofp\libg_nano.a(lib_a-readr.o)
 .debug_frame   0x00001158       0x48 c:/progra~2/gnuarm~1/102021~1.10/bin/../lib/gcc/arm-none-eabi/10.3.1/../../../../arm-none-eabi/lib/thumb/v6-m/nofp\libg_nano.a(lib_a-reent.o)
 .debug_frame   0x000011a0       0x20 c:/progra~2/gnuarm~1/102021~1.10/bin/../lib/gcc/arm-none-eabi/10.3.1/../../../../arm-none-eabi/lib/thumb/v6-m/nofp\libnosys.a(close.o)
 .debug_frame   0x000011c0       0x20 c:/progra~2/gnuarm~1/102021~1.10/bin/../lib/gcc/arm-none-eabi/10.3.1/../../../../arm-none-eabi/lib/thumb/v6-m/nofp\libnosys.a(fstat.o)
 .debug_frame   0x000011e0       0x20 c:/progra~2/gnuarm~1/102021~1.10/bin/../lib/gcc/arm-none-eabi/10.3.1/../../../../arm-none-eabi/lib/thumb/v6-m/nofp\libnosys.a(isatty.o)
 .debug_frame   0x00001200       0x20 c:/progra~2/gnuarm~1/102021~1.10/bin/../lib/gcc/arm-none-eabi/10.3.1/../../../../arm-none-eabi/lib/thumb/v6-m/nofp\libnosys.a(lseek.o)
 .debug_frame   0x00001220       0x20 c:/progra~2/gnuarm~1/102021~1.10/bin/../lib/gcc/arm-none-eabi/10.3.1/../../../../arm-none-eabi/lib/thumb/v6-m/nofp\libnosys.a(read.o)
 .debug_frame   0x00001240       0x20 c:/progra~2/gnuarm~1/102021~1.10/bin/../lib/gcc/arm-none-eabi/10.3.1/../../../../arm-none-eabi/lib/thumb/v6-m/nofp\libnosys.a(sbrk.o)

.debug_info     0x00000000     0x4496
 .debug_info    0x00000000      0x8da CMakeFiles\PWM_CaptureMode.dir\main.c.obj
 .debug_info    0x000008da      0x3f7 CMakeFiles\PWM_CaptureMode.dir\w7500x_it.c.obj
 .debug_info    0x00000cd1      0x50d CMakeFiles\PWM_CaptureMode.dir\retarget.c.obj
 .debug_info    0x000011de       0x26 CMakeFiles\PWM_CaptureMode.dir\__\__\__\__\Libraries\CMSIS\Device\WIZnet\W7500\Source\GCC\startup_W7500.s.obj
 .debug_info    0x00001204      0x5f8 CMakeFiles\PWM_CaptureMode.dir\__\__\__\__\Libraries\CMSIS\Device\WIZnet\W7500\Source\system_w7500x.c.obj
 .debug_info    0x000017fc      0xb7e CMakeFiles\PWM_CaptureMode.dir\__\__\__\__\Libraries\W7500x_StdPeriph_Driver\src\w7500x_gpio.c.obj
 .debug_info    0x0000237a      0xff2 CMakeFiles\PWM_CaptureMode.dir\__\__\__\__\Libraries\W7500x_StdPeriph_Driver\src\w7500x_uart.c.obj
 .debug_info    0x0000336c      0x9b1 CMakeFiles\PWM_CaptureMode.dir\__\__\__\__\Libraries\W7500x_StdPeriph_Driver\src\w7500x_crg.c.obj
 .debug_info    0x00003d1d      0x250 CMakeFiles\PWM_CaptureMode.dir\__\__\__\__\Libraries\W7500x_StdPeriph_Driver\src\w7500x_misc.c.obj
 .debug_info    0x00003f6d      0x529 CMakeFiles\PWM_CaptureMode.dir\__\__\__\__\Libraries\W7500x_StdPeriph_Driver\src\w7500x_pwm.c.obj

.debug_abbrev   0x00000000     0x11dd
 .debug_abbrev  0x00000000      0x1fb CMakeFiles\PWM_CaptureMode.dir\main.c.obj
 .debug_abbrev  0x000001fb      0x147 CMakeFiles\PWM_CaptureMode.dir\w7500x_it.c.obj
 .debug_abbrev  0x00000342      0x1d5 CMakeFiles\PWM_CaptureMode.dir\retarget.c.obj
 .debug_abbrev  0x00000517       0x14 CMakeFiles\PWM_CaptureMode.dir\__\__\__\__\Libraries\CMSIS\Device\WIZnet\W7500\Source\GCC\startup_W7500.s.obj
 .debug_abbrev  0x0000052b      0x1e6 CMakeFiles\PWM_CaptureMode.dir\__\__\__\__\Libraries\CMSIS\Device\WIZnet\W7500\Source\system_w7500x.c.obj
 .debug_abbrev  0x00000711      0x2d0 CMakeFiles\PWM_CaptureMode.dir\__\__\__\__\Libraries\W7500x_StdPeriph_Driver\src\w7500x_gpio.c.obj
 .debug_abbrev  0x000009e1      0x336 CMakeFiles\PWM_CaptureMode.dir\__\__\__\__\Libraries\W7500x_StdPeriph_Driver\src\w7500x_uart.c.obj
 .debug_abbrev  0x00000d17      0x1b0 CMakeFiles\PWM_CaptureMode.dir\__\__\__\__\Libraries\W7500x_StdPeriph_Driver\src\w7500x_crg.c.obj
 .debug_abbrev  0x00000ec7      0x12f CMakeFiles\PWM_CaptureMode.dir\__\__\__\__\Libraries\W7500x_StdPeriph_Driver\src\w7500x_misc.c.obj
 .debug_abbrev  0x00000ff6      0x1e7 CMakeFiles\PWM_CaptureMode.dir\__\__\__\__\Libraries\W7500x_StdPeriph_Driver\src\w7500x_pwm.c.obj

.debug_aranges  0x00000000      0x408
 .debug_aranges
                0x00000000       0x20 CMakeFiles\PWM_CaptureMode.dir\main.c.obj
 .debug_aranges
                0x00000020       0x28 CMakeFiles\PWM_CaptureMode.dir\w7500x_it.c.obj
 .debug_aranges
                0x00000048       0x50 CMakeFiles\PWM_CaptureMode.dir\retarget.c.obj
 .debug_aranges
                0x00000098       0x20 CMakeFiles\PWM_CaptureMode.dir\__\__\__\__\Libraries\CMSIS\Device\WIZnet\W7500\Source\GCC\startup_W7500.s.obj
 .debug_aranges
                0x000000b8       0x38 CMakeFiles\PWM_CaptureMode.dir\__\__\__\__\Libraries\CMSIS\Device\WIZnet\W7500\Source\system_w7500x.c.obj
 .debug_aranges
                0x000000f0       0xc0 CMakeFiles\PWM_CaptureMode.dir\__\__\__\__\Libraries\W7500x_StdPeriph_Driver\src\w7500x_gpio.c.obj
 .debug_aranges
                0x000001b0       0xe8 CMakeFiles\PWM_CaptureMode.dir\__\__\__\__\Libraries\W7500x_StdPeriph_Driver\src\w7500x_uart.c.obj
 .debug_aranges
                0x00000298       0xe8 CMakeFiles\PWM_CaptureMode.dir\__\__\__\__\Libraries\W7500x_StdPeriph_Driver\src\w7500x_crg.c.obj
 .debug_aranges
                0x00000380       0x20 CMakeFiles\PWM_CaptureMode.dir\__\__\__\__\Libraries\W7500x_StdPeriph_Driver\src\w7500x_misc.c.obj
 .debug_aranges
                0x000003a0       0x68 CMakeFiles\PWM_CaptureMode.dir\__\__\__\__\Libraries\W7500x_StdPeriph_Driver\src\w7500x_pwm.c.obj

.debug_ranges   0x00000000      0x508
 .debug_ranges  0x00000000       0x10 CMakeFiles\PWM_CaptureMode.dir\main.c.obj
 .debug_ranges  0x00000010       0x18 CMakeFiles\PWM_CaptureMode.dir\w7500x_it.c.obj
 .debug_ranges  0x00000028       0x70 CMakeFiles\PWM_CaptureMode.dir\retarget.c.obj
 .debug_ranges  0x00000098       0x40 CMakeFiles\PWM_CaptureMode.dir\__\__\__\__\Libraries\CMSIS\Device\WIZnet\W7500\Source\system_w7500x.c.obj
 .debug_ranges  0x000000d8      0x1e0 CMakeFiles\PWM_CaptureMode.dir\__\__\__\__\Libraries\W7500x_StdPeriph_Driver\src\w7500x_gpio.c.obj
 .debug_ranges  0x000002b8      0x110 CMakeFiles\PWM_CaptureMode.dir\__\__\__\__\Libraries\W7500x_StdPeriph_Driver\src\w7500x_uart.c.obj
 .debug_ranges  0x000003c8       0xd8 CMakeFiles\PWM_CaptureMode.dir\__\__\__\__\Libraries\W7500x_StdPeriph_Driver\src\w7500x_crg.c.obj
 .debug_ranges  0x000004a0       0x10 CMakeFiles\PWM_CaptureMode.dir\__\__\__\__\Libraries\W7500x_StdPeriph_Driver\src\w7500x_misc.c.obj
 .debug_ranges  0x000004b0       0x58 CMakeFiles\PWM_CaptureMode.dir\__\__\__\__\Libraries\W7500x_StdPeriph_Driver\src\w7500x_pwm.c.obj

.debug_macro    0x00000000     0x6784
 .debug_macro   0x00000000      0x2af CMakeFiles\PWM_CaptureMode.dir\main.c.obj
 .debug_macro   0x000002af      0xa3c CMakeFiles\PWM_CaptureMode.dir\main.c.obj
 .debug_macro   0x00000ceb       0x22 CMakeFiles\PWM_CaptureMode.dir\main.c.obj
 .debug_macro   0x00000d0d       0x5e CMakeFiles\PWM_CaptureMode.dir\main.c.obj
 .debug_macro   0x00000d6b       0x18 CMakeFiles\PWM_CaptureMode.dir\main.c.obj
 .debug_macro   0x00000d83       0x94 CMakeFiles\PWM_CaptureMode.dir\main.c.obj
 .debug_macro   0x00000e17       0x35 CMakeFiles\PWM_CaptureMode.dir\main.c.obj
 .debug_macro   0x00000e4c       0x34 CMakeFiles\PWM_CaptureMode.dir\main.c.obj
 .debug_macro   0x00000e80       0x16 CMakeFiles\PWM_CaptureMode.dir\main.c.obj
 .debug_macro   0x00000e96       0x57 CMakeFiles\PWM_CaptureMode.dir\main.c.obj
 .debug_macro   0x00000eed       0x97 CMakeFiles\PWM_CaptureMode.dir\main.c.obj
 .debug_macro   0x00000f84      0x341 CMakeFiles\PWM_CaptureMode.dir\main.c.obj
 .debug_macro   0x000012c5       0xfd CMakeFiles\PWM_CaptureMode.dir\main.c.obj
 .debug_macro   0x000013c2       0x10 CMakeFiles\PWM_CaptureMode.dir\main.c.obj
 .debug_macro   0x000013d2       0x16 CMakeFiles\PWM_CaptureMode.dir\main.c.obj
 .debug_macro   0x000013e8       0x43 CMakeFiles\PWM_CaptureMode.dir\main.c.obj
 .debug_macro   0x0000142b       0x34 CMakeFiles\PWM_CaptureMode.dir\main.c.obj
 .debug_macro   0x0000145f       0x10 CMakeFiles\PWM_CaptureMode.dir\main.c.obj
 .debug_macro   0x0000146f       0x58 CMakeFiles\PWM_CaptureMode.dir\main.c.obj
 .debug_macro   0x000014c7      0x182 CMakeFiles\PWM_CaptureMode.dir\main.c.obj
 .debug_macro   0x00001649       0x10 CMakeFiles\PWM_CaptureMode.dir\main.c.obj
 .debug_macro   0x00001659       0x6a CMakeFiles\PWM_CaptureMode.dir\main.c.obj
 .debug_macro   0x000016c3       0x1c CMakeFiles\PWM_CaptureMode.dir\main.c.obj
 .debug_macro   0x000016df       0x52 CMakeFiles\PWM_CaptureMode.dir\main.c.obj
 .debug_macro   0x00001731       0x22 CMakeFiles\PWM_CaptureMode.dir\main.c.obj
 .debug_macro   0x00001753       0x10 CMakeFiles\PWM_CaptureMode.dir\main.c.obj
 .debug_macro   0x00001763       0x52 CMakeFiles\PWM_CaptureMode.dir\main.c.obj
 .debug_macro   0x000017b5       0xd5 CMakeFiles\PWM_CaptureMode.dir\main.c.obj
 .debug_macro   0x0000188a       0x1c CMakeFiles\PWM_CaptureMode.dir\main.c.obj
 .debug_macro   0x000018a6       0x3d CMakeFiles\PWM_CaptureMode.dir\main.c.obj
 .debug_macro   0x000018e3       0x16 CMakeFiles\PWM_CaptureMode.dir\main.c.obj
 .debug_macro   0x000018f9      0x16f CMakeFiles\PWM_CaptureMode.dir\main.c.obj
 .debug_macro   0x00001a68       0x56 CMakeFiles\PWM_CaptureMode.dir\main.c.obj
 .debug_macro   0x00001abe       0x3a CMakeFiles\PWM_CaptureMode.dir\main.c.obj
 .debug_macro   0x00001af8      0x103 CMakeFiles\PWM_CaptureMode.dir\main.c.obj
 .debug_macro   0x00001bfb      0x1df CMakeFiles\PWM_CaptureMode.dir\main.c.obj
 .debug_macro   0x00001dda       0x1f CMakeFiles\PWM_CaptureMode.dir\main.c.obj
 .debug_macro   0x00001df9      0x242 CMakeFiles\PWM_CaptureMode.dir\main.c.obj
 .debug_macro   0x0000203b     0x1486 CMakeFiles\PWM_CaptureMode.dir\main.c.obj
 .debug_macro   0x000034c1       0x40 CMakeFiles\PWM_CaptureMode.dir\main.c.obj
 .debug_macro   0x00003501      0x145 CMakeFiles\PWM_CaptureMode.dir\main.c.obj
 .debug_macro   0x00003646       0x29 CMakeFiles\PWM_CaptureMode.dir\main.c.obj
 .debug_macro   0x0000366f      0x17b CMakeFiles\PWM_CaptureMode.dir\main.c.obj
 .debug_macro   0x000037ea       0x34 CMakeFiles\PWM_CaptureMode.dir\main.c.obj
 .debug_macro   0x0000381e       0x16 CMakeFiles\PWM_CaptureMode.dir\main.c.obj
 .debug_macro   0x00003834       0x10 CMakeFiles\PWM_CaptureMode.dir\main.c.obj
 .debug_macro   0x00003844       0xd6 CMakeFiles\PWM_CaptureMode.dir\main.c.obj
 .debug_macro   0x0000391a       0x2e CMakeFiles\PWM_CaptureMode.dir\main.c.obj
 .debug_macro   0x00003948       0x9d CMakeFiles\PWM_CaptureMode.dir\main.c.obj
 .debug_macro   0x000039e5      0x1c5 CMakeFiles\PWM_CaptureMode.dir\main.c.obj
 .debug_macro   0x00003baa      0x23f CMakeFiles\PWM_CaptureMode.dir\main.c.obj
 .debug_macro   0x00003de9       0x10 CMakeFiles\PWM_CaptureMode.dir\main.c.obj
 .debug_macro   0x00003df9      0x5f3 CMakeFiles\PWM_CaptureMode.dir\main.c.obj
 .debug_macro   0x000043ec      0x2a9 CMakeFiles\PWM_CaptureMode.dir\w7500x_it.c.obj
 .debug_macro   0x00004695      0x2fc CMakeFiles\PWM_CaptureMode.dir\retarget.c.obj
 .debug_macro   0x00004991      0x239 CMakeFiles\PWM_CaptureMode.dir\retarget.c.obj
 .debug_macro   0x00004bca       0x10 CMakeFiles\PWM_CaptureMode.dir\retarget.c.obj
 .debug_macro   0x00004bda       0x16 CMakeFiles\PWM_CaptureMode.dir\retarget.c.obj
 .debug_macro   0x00004bf0       0x35 CMakeFiles\PWM_CaptureMode.dir\retarget.c.obj
 .debug_macro   0x00004c25       0x10 CMakeFiles\PWM_CaptureMode.dir\retarget.c.obj
 .debug_macro   0x00004c35       0x10 CMakeFiles\PWM_CaptureMode.dir\retarget.c.obj
 .debug_macro   0x00004c45       0x35 CMakeFiles\PWM_CaptureMode.dir\retarget.c.obj
 .debug_macro   0x00004c7a      0x12c CMakeFiles\PWM_CaptureMode.dir\retarget.c.obj
 .debug_macro   0x00004da6      0x2ab CMakeFiles\PWM_CaptureMode.dir\__\__\__\__\Libraries\CMSIS\Device\WIZnet\W7500\Source\system_w7500x.c.obj
 .debug_macro   0x00005051       0x8e CMakeFiles\PWM_CaptureMode.dir\__\__\__\__\Libraries\CMSIS\Device\WIZnet\W7500\Source\system_w7500x.c.obj
 .debug_macro   0x000050df       0x51 CMakeFiles\PWM_CaptureMode.dir\__\__\__\__\Libraries\CMSIS\Device\WIZnet\W7500\Source\system_w7500x.c.obj
 .debug_macro   0x00005130       0x64 CMakeFiles\PWM_CaptureMode.dir\__\__\__\__\Libraries\CMSIS\Device\WIZnet\W7500\Source\system_w7500x.c.obj
 .debug_macro   0x00005194      0x5ed CMakeFiles\PWM_CaptureMode.dir\__\__\__\__\Libraries\CMSIS\Device\WIZnet\W7500\Source\system_w7500x.c.obj
 .debug_macro   0x00005781      0x2b5 CMakeFiles\PWM_CaptureMode.dir\__\__\__\__\Libraries\W7500x_StdPeriph_Driver\src\w7500x_gpio.c.obj
 .debug_macro   0x00005a36      0x175 CMakeFiles\PWM_CaptureMode.dir\__\__\__\__\Libraries\W7500x_StdPeriph_Driver\src\w7500x_gpio.c.obj
 .debug_macro   0x00005bab      0x2b9 CMakeFiles\PWM_CaptureMode.dir\__\__\__\__\Libraries\W7500x_StdPeriph_Driver\src\w7500x_uart.c.obj
 .debug_macro   0x00005e64      0x2b5 CMakeFiles\PWM_CaptureMode.dir\__\__\__\__\Libraries\W7500x_StdPeriph_Driver\src\w7500x_crg.c.obj
 .debug_macro   0x00006119      0x2b6 CMakeFiles\PWM_CaptureMode.dir\__\__\__\__\Libraries\W7500x_StdPeriph_Driver\src\w7500x_misc.c.obj
 .debug_macro   0x000063cf      0x2e5 CMakeFiles\PWM_CaptureMode.dir\__\__\__\__\Libraries\W7500x_StdPeriph_Driver\src\w7500x_pwm.c.obj
 .debug_macro   0x000066b4       0xd0 CMakeFiles\PWM_CaptureMode.dir\__\__\__\__\Libraries\W7500x_StdPeriph_Driver\src\w7500x_pwm.c.obj

.debug_line     0x00000000     0x5256
 .debug_line    0x00000000      0x603 CMakeFiles\PWM_CaptureMode.dir\main.c.obj
 .debug_line    0x00000603      0x597 CMakeFiles\PWM_CaptureMode.dir\w7500x_it.c.obj
 .debug_line    0x00000b9a      0x78b CMakeFiles\PWM_CaptureMode.dir\retarget.c.obj
 .debug_line    0x00001325       0xc9 CMakeFiles\PWM_CaptureMode.dir\__\__\__\__\Libraries\CMSIS\Device\WIZnet\W7500\Source\GCC\startup_W7500.s.obj
 .debug_line    0x000013ee      0x644 CMakeFiles\PWM_CaptureMode.dir\__\__\__\__\Libraries\CMSIS\Device\WIZnet\W7500\Source\system_w7500x.c.obj
 .debug_line    0x00001a32      0xf70 CMakeFiles\PWM_CaptureMode.dir\__\__\__\__\Libraries\W7500x_StdPeriph_Driver\src\w7500x_gpio.c.obj
 .debug_line    0x000029a2      0xbcf CMakeFiles\PWM_CaptureMode.dir\__\__\__\__\Libraries\W7500x_StdPeriph_Driver\src\w7500x_uart.c.obj
 .debug_line    0x00003571      0xd93 CMakeFiles\PWM_CaptureMode.dir\__\__\__\__\Libraries\W7500x_StdPeriph_Driver\src\w7500x_crg.c.obj
 .debug_line    0x00004304      0x5e7 CMakeFiles\PWM_CaptureMode.dir\__\__\__\__\Libraries\W7500x_StdPeriph_Driver\src\w7500x_misc.c.obj
 .debug_line    0x000048eb      0x96b CMakeFiles\PWM_CaptureMode.dir\__\__\__\__\Libraries\W7500x_StdPeriph_Driver\src\w7500x_pwm.c.obj

.debug_str      0x00000000    0x17860
 .debug_str     0x00000000    0x160fe CMakeFiles\PWM_CaptureMode.dir\main.c.obj
                              0x162fd (size before relaxing)
 .debug_str     0x000160fe      0x232 CMakeFiles\PWM_CaptureMode.dir\w7500x_it.c.obj
                              0x15f66 (size before relaxing)
 .debug_str     0x00016330      0x68c CMakeFiles\PWM_CaptureMode.dir\retarget.c.obj
                              0x16409 (size before relaxing)
 .debug_str     0x000169bc       0x66 CMakeFiles\PWM_CaptureMode.dir\__\__\__\__\Libraries\CMSIS\Device\WIZnet\W7500\Source\GCC\startup_W7500.s.obj
                                 0xbc (size before relaxing)
 .debug_str     0x00016a22      0x37f CMakeFiles\PWM_CaptureMode.dir\__\__\__\__\Libraries\CMSIS\Device\WIZnet\W7500\Source\system_w7500x.c.obj
                              0x160ed (size before relaxing)
 .debug_str     0x00016da1      0x2f4 CMakeFiles\PWM_CaptureMode.dir\__\__\__\__\Libraries\W7500x_StdPeriph_Driver\src\w7500x_gpio.c.obj
                              0x161c4 (size before relaxing)
 .debug_str     0x00017095      0x283 CMakeFiles\PWM_CaptureMode.dir\__\__\__\__\Libraries\W7500x_StdPeriph_Driver\src\w7500x_uart.c.obj
                              0x16597 (size before relaxing)
 .debug_str     0x00017318      0x37e CMakeFiles\PWM_CaptureMode.dir\__\__\__\__\Libraries\W7500x_StdPeriph_Driver\src\w7500x_crg.c.obj
                              0x163b9 (size before relaxing)
 .debug_str     0x00017696       0x69 CMakeFiles\PWM_CaptureMode.dir\__\__\__\__\Libraries\W7500x_StdPeriph_Driver\src\w7500x_misc.c.obj
                              0x15e3b (size before relaxing)
 .debug_str     0x000176ff      0x161 CMakeFiles\PWM_CaptureMode.dir\__\__\__\__\Libraries\W7500x_StdPeriph_Driver\src\w7500x_pwm.c.obj
                              0x15fbf (size before relaxing)

.debug_loc      0x00000000     0x17a3
 .debug_loc     0x00000000      0x2af CMakeFiles\PWM_CaptureMode.dir\retarget.c.obj
 .debug_loc     0x000002af      0xc59 CMakeFiles\PWM_CaptureMode.dir\__\__\__\__\Libraries\W7500x_StdPeriph_Driver\src\w7500x_gpio.c.obj
 .debug_loc     0x00000f08      0x507 CMakeFiles\PWM_CaptureMode.dir\__\__\__\__\Libraries\W7500x_StdPeriph_Driver\src\w7500x_uart.c.obj
 .debug_loc     0x0000140f      0x18c CMakeFiles\PWM_CaptureMode.dir\__\__\__\__\Libraries\W7500x_StdPeriph_Driver\src\w7500x_crg.c.obj
 .debug_loc     0x0000159b       0x88 CMakeFiles\PWM_CaptureMode.dir\__\__\__\__\Libraries\W7500x_StdPeriph_Driver\src\w7500x_misc.c.obj
 .debug_loc     0x00001623      0x180 CMakeFiles\PWM_CaptureMode.dir\__\__\__\__\Libraries\W7500x_StdPeriph_Driver\src\w7500x_pwm.c.obj

.stab           0x00000000       0x84
 .stab          0x00000000       0x24 c:/progra~2/gnuarm~1/102021~1.10/bin/../lib/gcc/arm-none-eabi/10.3.1/../../../../arm-none-eabi/lib/thumb/v6-m/nofp\libnosys.a(close.o)
 .stab          0x00000024       0x18 c:/progra~2/gnuarm~1/102021~1.10/bin/../lib/gcc/arm-none-eabi/10.3.1/../../../../arm-none-eabi/lib/thumb/v6-m/nofp\libnosys.a(fstat.o)
                                 0x24 (size before relaxing)
 .stab          0x0000003c       0x18 c:/progra~2/gnuarm~1/102021~1.10/bin/../lib/gcc/arm-none-eabi/10.3.1/../../../../arm-none-eabi/lib/thumb/v6-m/nofp\libnosys.a(isatty.o)
                                 0x24 (size before relaxing)
 .stab          0x00000054       0x18 c:/progra~2/gnuarm~1/102021~1.10/bin/../lib/gcc/arm-none-eabi/10.3.1/../../../../arm-none-eabi/lib/thumb/v6-m/nofp\libnosys.a(lseek.o)
                                 0x24 (size before relaxing)
 .stab          0x0000006c       0x18 c:/progra~2/gnuarm~1/102021~1.10/bin/../lib/gcc/arm-none-eabi/10.3.1/../../../../arm-none-eabi/lib/thumb/v6-m/nofp\libnosys.a(read.o)
                                 0x24 (size before relaxing)

.stabstr        0x00000000      0x117
 .stabstr       0x00000000      0x117 c:/progra~2/gnuarm~1/102021~1.10/bin/../lib/gcc/arm-none-eabi/10.3.1/../../../../arm-none-eabi/lib/thumb/v6-m/nofp\libnosys.a(close.o)

Cross Reference Table

Symbol                                            File
ADC_ChannelConfig                                 CMakeFiles\PWM_CaptureMode.dir\__\__\__\__\Libraries\W7500x_StdPeriph_Driver\src\w7500x_adc.c.obj
ADC_ClearIT                                       CMakeFiles\PWM_CaptureMode.dir\__\__\__\__\Libraries\W7500x_StdPeriph_Driver\src\w7500x_adc.c.obj
ADC_Cmd                                           CMakeFiles\PWM_CaptureMode.dir\__\__\__\__\Libraries\W7500x_StdPeriph_Driver\src\w7500x_adc.c.obj
ADC_GetConversionValue                            CMakeFiles\PWM_CaptureMode.dir\__\__\__\__\Libraries\W7500x_StdPeriph_Driver\src\w7500x_adc.c.obj
ADC_GetITStatus                                   CMakeFiles\PWM_CaptureMode.dir\__\__\__\__\Libraries\W7500x_StdPeriph_Driver\src\w7500x_adc.c.obj
ADC_Handler                                       CMakeFiles\PWM_CaptureMode.dir\w7500x_it.c.obj
ADC_ITConfig                                      CMakeFiles\PWM_CaptureMode.dir\__\__\__\__\Libraries\W7500x_StdPeriph_Driver\src\w7500x_adc.c.obj
ADC_StartOfConversion                             CMakeFiles\PWM_CaptureMode.dir\__\__\__\__\Libraries\W7500x_StdPeriph_Driver\src\w7500x_adc.c.obj
BusFault_Handler                                  CMakeFiles\PWM_CaptureMode.dir\__\__\__\__\Libraries\CMSIS\Device\WIZnet\W7500\Source\GCC\startup_W7500.s.obj
CRG_ADCCLK_SetPrescale                            CMakeFiles\PWM_CaptureMode.dir\__\__\__\__\Libraries\W7500x_StdPeriph_Driver\src\w7500x_crg.c.obj
CRG_ADCCLK_SourceSelect                           CMakeFiles\PWM_CaptureMode.dir\__\__\__\__\Libraries\W7500x_StdPeriph_Driver\src\w7500x_crg.c.obj
CRG_DeInit                                        CMakeFiles\PWM_CaptureMode.dir\__\__\__\__\Libraries\W7500x_StdPeriph_Driver\src\w7500x_crg.c.obj
CRG_FCLK_SetPrescale                              CMakeFiles\PWM_CaptureMode.dir\__\__\__\__\Libraries\W7500x_StdPeriph_Driver\src\w7500x_crg.c.obj
CRG_FCLK_SourceSelect                             CMakeFiles\PWM_CaptureMode.dir\__\__\__\__\Libraries\W7500x_StdPeriph_Driver\src\w7500x_crg.c.obj
CRG_GetMonitoringClock                            CMakeFiles\PWM_CaptureMode.dir\__\__\__\__\Libraries\W7500x_StdPeriph_Driver\src\w7500x_crg.c.obj
CRG_MII_Enable                                    CMakeFiles\PWM_CaptureMode.dir\__\__\__\__\Libraries\W7500x_StdPeriph_Driver\src\w7500x_crg.c.obj
CRG_OSC_PowerDown                                 CMakeFiles\PWM_CaptureMode.dir\__\__\__\__\Libraries\W7500x_StdPeriph_Driver\src\w7500x_crg.c.obj
CRG_PLL_Bypass                                    CMakeFiles\PWM_CaptureMode.dir\__\__\__\__\Libraries\W7500x_StdPeriph_Driver\src\w7500x_crg.c.obj
                                                  CMakeFiles\PWM_CaptureMode.dir\__\__\__\__\Libraries\CMSIS\Device\WIZnet\W7500\Source\system_w7500x.c.obj
CRG_PLL_Output                                    CMakeFiles\PWM_CaptureMode.dir\__\__\__\__\Libraries\W7500x_StdPeriph_Driver\src\w7500x_crg.c.obj
CRG_PLL_PowerDown                                 CMakeFiles\PWM_CaptureMode.dir\__\__\__\__\Libraries\W7500x_StdPeriph_Driver\src\w7500x_crg.c.obj
CRG_PLL_SourceSelect                              CMakeFiles\PWM_CaptureMode.dir\__\__\__\__\Libraries\W7500x_StdPeriph_Driver\src\w7500x_crg.c.obj
                                                  CMakeFiles\PWM_CaptureMode.dir\__\__\__\__\Libraries\CMSIS\Device\WIZnet\W7500\Source\system_w7500x.c.obj
CRG_PWMCLK_SetPrescale                            CMakeFiles\PWM_CaptureMode.dir\__\__\__\__\Libraries\W7500x_StdPeriph_Driver\src\w7500x_crg.c.obj
CRG_PWMCLK_SourceSelect                           CMakeFiles\PWM_CaptureMode.dir\__\__\__\__\Libraries\W7500x_StdPeriph_Driver\src\w7500x_crg.c.obj
CRG_RTC_HS_SetPrescale                            CMakeFiles\PWM_CaptureMode.dir\__\__\__\__\Libraries\W7500x_StdPeriph_Driver\src\w7500x_crg.c.obj
CRG_RTC_HS_SourceSelect                           CMakeFiles\PWM_CaptureMode.dir\__\__\__\__\Libraries\W7500x_StdPeriph_Driver\src\w7500x_crg.c.obj
CRG_RTC_SourceSelect                              CMakeFiles\PWM_CaptureMode.dir\__\__\__\__\Libraries\W7500x_StdPeriph_Driver\src\w7500x_crg.c.obj
CRG_SSPCLK_SetPrescale                            CMakeFiles\PWM_CaptureMode.dir\__\__\__\__\Libraries\W7500x_StdPeriph_Driver\src\w7500x_crg.c.obj
CRG_SSPCLK_SourceSelect                           CMakeFiles\PWM_CaptureMode.dir\__\__\__\__\Libraries\W7500x_StdPeriph_Driver\src\w7500x_crg.c.obj
CRG_SetMonitoringClock                            CMakeFiles\PWM_CaptureMode.dir\__\__\__\__\Libraries\W7500x_StdPeriph_Driver\src\w7500x_crg.c.obj
CRG_TIMERCLK_SetPrescale                          CMakeFiles\PWM_CaptureMode.dir\__\__\__\__\Libraries\W7500x_StdPeriph_Driver\src\w7500x_crg.c.obj
CRG_TIMERCLK_SourceSelect                         CMakeFiles\PWM_CaptureMode.dir\__\__\__\__\Libraries\W7500x_StdPeriph_Driver\src\w7500x_crg.c.obj
CRG_UARTCLK_SetPrescale                           CMakeFiles\PWM_CaptureMode.dir\__\__\__\__\Libraries\W7500x_StdPeriph_Driver\src\w7500x_crg.c.obj
CRG_UARTCLK_SourceSelect                          CMakeFiles\PWM_CaptureMode.dir\__\__\__\__\Libraries\W7500x_StdPeriph_Driver\src\w7500x_crg.c.obj
CRG_WDOGCLK_HS_SetPrescale                        CMakeFiles\PWM_CaptureMode.dir\__\__\__\__\Libraries\W7500x_StdPeriph_Driver\src\w7500x_crg.c.obj
CRG_WDOGCLK_HS_SourceSelect                       CMakeFiles\PWM_CaptureMode.dir\__\__\__\__\Libraries\W7500x_StdPeriph_Driver\src\w7500x_crg.c.obj
DMA_Handler                                       CMakeFiles\PWM_CaptureMode.dir\w7500x_it.c.obj
DUALTIMER0_Handler                                CMakeFiles\PWM_CaptureMode.dir\w7500x_it.c.obj
DUALTIMER1_Handler                                CMakeFiles\PWM_CaptureMode.dir\w7500x_it.c.obj
DUALTIMER_ClearIT                                 CMakeFiles\PWM_CaptureMode.dir\__\__\__\__\Libraries\W7500x_StdPeriph_Driver\src\w7500x_dualtimer.c.obj
DUALTIMER_Cmd                                     CMakeFiles\PWM_CaptureMode.dir\__\__\__\__\Libraries\W7500x_StdPeriph_Driver\src\w7500x_dualtimer.c.obj
DUALTIMER_DeInit                                  CMakeFiles\PWM_CaptureMode.dir\__\__\__\__\Libraries\W7500x_StdPeriph_Driver\src\w7500x_dualtimer.c.obj
DUALTIMER_GetBGLoad                               CMakeFiles\PWM_CaptureMode.dir\__\__\__\__\Libraries\W7500x_StdPeriph_Driver\src\w7500x_dualtimer.c.obj
DUALTIMER_GetITStatus                             CMakeFiles\PWM_CaptureMode.dir\__\__\__\__\Libraries\W7500x_StdPeriph_Driver\src\w7500x_dualtimer.c.obj
DUALTIMER_GetLoad                                 CMakeFiles\PWM_CaptureMode.dir\__\__\__\__\Libraries\W7500x_StdPeriph_Driver\src\w7500x_dualtimer.c.obj
DUALTIMER_ITConfig                                CMakeFiles\PWM_CaptureMode.dir\__\__\__\__\Libraries\W7500x_StdPeriph_Driver\src\w7500x_dualtimer.c.obj
DUALTIMER_Init                                    CMakeFiles\PWM_CaptureMode.dir\__\__\__\__\Libraries\W7500x_StdPeriph_Driver\src\w7500x_dualtimer.c.obj
DUALTIMER_SetBGLoad                               CMakeFiles\PWM_CaptureMode.dir\__\__\__\__\Libraries\W7500x_StdPeriph_Driver\src\w7500x_dualtimer.c.obj
DUALTIMER_SetLoad                                 CMakeFiles\PWM_CaptureMode.dir\__\__\__\__\Libraries\W7500x_StdPeriph_Driver\src\w7500x_dualtimer.c.obj
DebugMon_Handler                                  CMakeFiles\PWM_CaptureMode.dir\__\__\__\__\Libraries\CMSIS\Device\WIZnet\W7500\Source\GCC\startup_W7500.s.obj
EXTI_DeInit                                       CMakeFiles\PWM_CaptureMode.dir\__\__\__\__\Libraries\W7500x_StdPeriph_Driver\src\w7500x_exti.c.obj
EXTI_Handler                                      CMakeFiles\PWM_CaptureMode.dir\w7500x_it.c.obj
EXTI_Init                                         CMakeFiles\PWM_CaptureMode.dir\__\__\__\__\Libraries\W7500x_StdPeriph_Driver\src\w7500x_exti.c.obj
EXTI_StructInit                                   CMakeFiles\PWM_CaptureMode.dir\__\__\__\__\Libraries\W7500x_StdPeriph_Driver\src\w7500x_exti.c.obj
FLASH_IAP                                         CMakeFiles\PWM_CaptureMode.dir\__\__\__\__\Libraries\W7500x_StdPeriph_Driver\src\w7500x_flash.c.obj
GPIO_ClearITPendingPin                            CMakeFiles\PWM_CaptureMode.dir\__\__\__\__\Libraries\W7500x_StdPeriph_Driver\src\w7500x_gpio.c.obj
GPIO_DeInit                                       CMakeFiles\PWM_CaptureMode.dir\__\__\__\__\Libraries\W7500x_StdPeriph_Driver\src\w7500x_gpio.c.obj
GPIO_GetITStatus                                  CMakeFiles\PWM_CaptureMode.dir\__\__\__\__\Libraries\W7500x_StdPeriph_Driver\src\w7500x_gpio.c.obj
GPIO_ITConfig                                     CMakeFiles\PWM_CaptureMode.dir\__\__\__\__\Libraries\W7500x_StdPeriph_Driver\src\w7500x_gpio.c.obj
GPIO_ITStructInit                                 CMakeFiles\PWM_CaptureMode.dir\__\__\__\__\Libraries\W7500x_StdPeriph_Driver\src\w7500x_gpio.c.obj
GPIO_IT_Init                                      CMakeFiles\PWM_CaptureMode.dir\__\__\__\__\Libraries\W7500x_StdPeriph_Driver\src\w7500x_gpio.c.obj
GPIO_Init                                         CMakeFiles\PWM_CaptureMode.dir\__\__\__\__\Libraries\W7500x_StdPeriph_Driver\src\w7500x_gpio.c.obj
                                                  CMakeFiles\PWM_CaptureMode.dir\__\__\__\__\Libraries\W7500x_StdPeriph_Driver\src\w7500x_miim.c.obj
                                                  CMakeFiles\PWM_CaptureMode.dir\main.c.obj
GPIO_PinAFConfig                                  CMakeFiles\PWM_CaptureMode.dir\__\__\__\__\Libraries\W7500x_StdPeriph_Driver\src\w7500x_gpio.c.obj
                                                  CMakeFiles\PWM_CaptureMode.dir\main.c.obj
GPIO_PinPadConfig                                 CMakeFiles\PWM_CaptureMode.dir\__\__\__\__\Libraries\W7500x_StdPeriph_Driver\src\w7500x_gpio.c.obj
GPIO_ReadInputData                                CMakeFiles\PWM_CaptureMode.dir\__\__\__\__\Libraries\W7500x_StdPeriph_Driver\src\w7500x_gpio.c.obj
GPIO_ReadInputDataBit                             CMakeFiles\PWM_CaptureMode.dir\__\__\__\__\Libraries\W7500x_StdPeriph_Driver\src\w7500x_gpio.c.obj
                                                  CMakeFiles\PWM_CaptureMode.dir\__\__\__\__\Libraries\W7500x_StdPeriph_Driver\src\w7500x_miim.c.obj
GPIO_ReadOutputData                               CMakeFiles\PWM_CaptureMode.dir\__\__\__\__\Libraries\W7500x_StdPeriph_Driver\src\w7500x_gpio.c.obj
GPIO_ReadOutputDataBit                            CMakeFiles\PWM_CaptureMode.dir\__\__\__\__\Libraries\W7500x_StdPeriph_Driver\src\w7500x_gpio.c.obj
GPIO_Read_PinAF                                   CMakeFiles\PWM_CaptureMode.dir\__\__\__\__\Libraries\W7500x_StdPeriph_Driver\src\w7500x_gpio.c.obj
GPIO_Read_PinPad                                  CMakeFiles\PWM_CaptureMode.dir\__\__\__\__\Libraries\W7500x_StdPeriph_Driver\src\w7500x_gpio.c.obj
GPIO_ResetBits                                    CMakeFiles\PWM_CaptureMode.dir\__\__\__\__\Libraries\W7500x_StdPeriph_Driver\src\w7500x_gpio.c.obj
                                                  CMakeFiles\PWM_CaptureMode.dir\__\__\__\__\Libraries\W7500x_StdPeriph_Driver\src\w7500x_miim.c.obj
GPIO_SetBits                                      CMakeFiles\PWM_CaptureMode.dir\__\__\__\__\Libraries\W7500x_StdPeriph_Driver\src\w7500x_gpio.c.obj
                                                  CMakeFiles\PWM_CaptureMode.dir\__\__\__\__\Libraries\W7500x_StdPeriph_Driver\src\w7500x_miim.c.obj
GPIO_StructInit                                   CMakeFiles\PWM_CaptureMode.dir\__\__\__\__\Libraries\W7500x_StdPeriph_Driver\src\w7500x_gpio.c.obj
GPIO_ToggleBits                                   CMakeFiles\PWM_CaptureMode.dir\__\__\__\__\Libraries\W7500x_StdPeriph_Driver\src\w7500x_gpio.c.obj
GPIO_Write                                        CMakeFiles\PWM_CaptureMode.dir\__\__\__\__\Libraries\W7500x_StdPeriph_Driver\src\w7500x_gpio.c.obj
GPIO_WriteBit                                     CMakeFiles\PWM_CaptureMode.dir\__\__\__\__\Libraries\W7500x_StdPeriph_Driver\src\w7500x_gpio.c.obj
GetSourceClock                                    CMakeFiles\PWM_CaptureMode.dir\__\__\__\__\Libraries\CMSIS\Device\WIZnet\W7500\Source\system_w7500x.c.obj
                                                  CMakeFiles\PWM_CaptureMode.dir\main.c.obj
GetSystemClock                                    CMakeFiles\PWM_CaptureMode.dir\__\__\__\__\Libraries\CMSIS\Device\WIZnet\W7500\Source\system_w7500x.c.obj
                                                  CMakeFiles\PWM_CaptureMode.dir\__\__\__\__\Libraries\W7500x_StdPeriph_Driver\src\w7500x_uart.c.obj
                                                  CMakeFiles\PWM_CaptureMode.dir\main.c.obj
HardFault_Handler                                 CMakeFiles\PWM_CaptureMode.dir\w7500x_it.c.obj
I2C0_Handler                                      CMakeFiles\PWM_CaptureMode.dir\__\__\__\__\Libraries\CMSIS\Device\WIZnet\W7500\Source\GCC\startup_W7500.s.obj
I2C1_Handler                                      CMakeFiles\PWM_CaptureMode.dir\__\__\__\__\Libraries\CMSIS\Device\WIZnet\W7500\Source\GCC\startup_W7500.s.obj
MemManage_Handler                                 CMakeFiles\PWM_CaptureMode.dir\__\__\__\__\Libraries\CMSIS\Device\WIZnet\W7500\Source\GCC\startup_W7500.s.obj
NMI_Handler                                       CMakeFiles\PWM_CaptureMode.dir\w7500x_it.c.obj
NVIC_Init                                         CMakeFiles\PWM_CaptureMode.dir\__\__\__\__\Libraries\W7500x_StdPeriph_Driver\src\w7500x_misc.c.obj
                                                  CMakeFiles\PWM_CaptureMode.dir\main.c.obj
PHY_GetLinkStatus                                 CMakeFiles\PWM_CaptureMode.dir\__\__\__\__\Libraries\W7500x_StdPeriph_Driver\src\w7500x_miim.c.obj
PHY_Init                                          CMakeFiles\PWM_CaptureMode.dir\__\__\__\__\Libraries\W7500x_StdPeriph_Driver\src\w7500x_miim.c.obj
PHY_Reset                                         CMakeFiles\PWM_CaptureMode.dir\__\__\__\__\Libraries\W7500x_StdPeriph_Driver\src\w7500x_miim.c.obj
PHY_SetLinkType                                   CMakeFiles\PWM_CaptureMode.dir\__\__\__\__\Libraries\W7500x_StdPeriph_Driver\src\w7500x_miim.c.obj
PORT0_Handler                                     CMakeFiles\PWM_CaptureMode.dir\w7500x_it.c.obj
PORT1_Handler                                     CMakeFiles\PWM_CaptureMode.dir\w7500x_it.c.obj
PORT2_Handler                                     CMakeFiles\PWM_CaptureMode.dir\w7500x_it.c.obj
PORT3_Handler                                     CMakeFiles\PWM_CaptureMode.dir\w7500x_it.c.obj
PWM0_Handler                                      CMakeFiles\PWM_CaptureMode.dir\w7500x_it.c.obj
PWM1_Handler                                      CMakeFiles\PWM_CaptureMode.dir\w7500x_it.c.obj
PWM2_Handler                                      CMakeFiles\PWM_CaptureMode.dir\w7500x_it.c.obj
PWM3_Handler                                      CMakeFiles\PWM_CaptureMode.dir\w7500x_it.c.obj
PWM4_Handler                                      CMakeFiles\PWM_CaptureMode.dir\w7500x_it.c.obj
PWM5_Handler                                      CMakeFiles\PWM_CaptureMode.dir\w7500x_it.c.obj
PWM6_Handler                                      CMakeFiles\PWM_CaptureMode.dir\w7500x_it.c.obj
PWM7_Handler                                      CMakeFiles\PWM_CaptureMode.dir\w7500x_it.c.obj
PWM_ClearITPendingBit                             CMakeFiles\PWM_CaptureMode.dir\__\__\__\__\Libraries\W7500x_StdPeriph_Driver\src\w7500x_pwm.c.obj
                                                  CMakeFiles\PWM_CaptureMode.dir\w7500x_it.c.obj
PWM_Cmd                                           CMakeFiles\PWM_CaptureMode.dir\__\__\__\__\Libraries\W7500x_StdPeriph_Driver\src\w7500x_pwm.c.obj
                                                  CMakeFiles\PWM_CaptureMode.dir\main.c.obj
PWM_DeInit                                        CMakeFiles\PWM_CaptureMode.dir\__\__\__\__\Libraries\W7500x_StdPeriph_Driver\src\w7500x_pwm.c.obj
PWM_GetCapture                                    CMakeFiles\PWM_CaptureMode.dir\__\__\__\__\Libraries\W7500x_StdPeriph_Driver\src\w7500x_pwm.c.obj
                                                  CMakeFiles\PWM_CaptureMode.dir\w7500x_it.c.obj
PWM_GetCounter                                    CMakeFiles\PWM_CaptureMode.dir\__\__\__\__\Libraries\W7500x_StdPeriph_Driver\src\w7500x_pwm.c.obj
PWM_GetITStatus                                   CMakeFiles\PWM_CaptureMode.dir\__\__\__\__\Libraries\W7500x_StdPeriph_Driver\src\w7500x_pwm.c.obj
                                                  CMakeFiles\PWM_CaptureMode.dir\w7500x_it.c.obj
PWM_ITConfig                                      CMakeFiles\PWM_CaptureMode.dir\__\__\__\__\Libraries\W7500x_StdPeriph_Driver\src\w7500x_pwm.c.obj
                                                  CMakeFiles\PWM_CaptureMode.dir\main.c.obj
PWM_Init                                          CMakeFiles\PWM_CaptureMode.dir\__\__\__\__\Libraries\W7500x_StdPeriph_Driver\src\w7500x_pwm.c.obj
                                                  CMakeFiles\PWM_CaptureMode.dir\main.c.obj
PWM_Pause                                         CMakeFiles\PWM_CaptureMode.dir\__\__\__\__\Libraries\W7500x_StdPeriph_Driver\src\w7500x_pwm.c.obj
PWM_StructInit                                    CMakeFiles\PWM_CaptureMode.dir\__\__\__\__\Libraries\W7500x_StdPeriph_Driver\src\w7500x_pwm.c.obj
                                                  CMakeFiles\PWM_CaptureMode.dir\main.c.obj
PendSV_Handler                                    CMakeFiles\PWM_CaptureMode.dir\w7500x_it.c.obj
RNG_Enable                                        CMakeFiles\PWM_CaptureMode.dir\__\__\__\__\Libraries\W7500x_StdPeriph_Driver\src\w7500x_rng.c.obj
RNG_GetRandomNumber                               CMakeFiles\PWM_CaptureMode.dir\__\__\__\__\Libraries\W7500x_StdPeriph_Driver\src\w7500x_rng.c.obj
RNG_SetClockSource                                CMakeFiles\PWM_CaptureMode.dir\__\__\__\__\Libraries\W7500x_StdPeriph_Driver\src\w7500x_rng.c.obj
RNG_SetMode                                       CMakeFiles\PWM_CaptureMode.dir\__\__\__\__\Libraries\W7500x_StdPeriph_Driver\src\w7500x_rng.c.obj
RNG_SetPolynomial                                 CMakeFiles\PWM_CaptureMode.dir\__\__\__\__\Libraries\W7500x_StdPeriph_Driver\src\w7500x_rng.c.obj
RNG_SetSeed                                       CMakeFiles\PWM_CaptureMode.dir\__\__\__\__\Libraries\W7500x_StdPeriph_Driver\src\w7500x_rng.c.obj
RTC_AlarmCmd                                      CMakeFiles\PWM_CaptureMode.dir\__\__\__\__\Libraries\W7500x_StdPeriph_Driver\src\w7500x_rtc.c.obj
RTC_AlarmStructInit                               CMakeFiles\PWM_CaptureMode.dir\__\__\__\__\Libraries\W7500x_StdPeriph_Driver\src\w7500x_rtc.c.obj
RTC_ClearITPendingBit                             CMakeFiles\PWM_CaptureMode.dir\__\__\__\__\Libraries\W7500x_StdPeriph_Driver\src\w7500x_rtc.c.obj
RTC_Cmd                                           CMakeFiles\PWM_CaptureMode.dir\__\__\__\__\Libraries\W7500x_StdPeriph_Driver\src\w7500x_rtc.c.obj
RTC_DateStructInit                                CMakeFiles\PWM_CaptureMode.dir\__\__\__\__\Libraries\W7500x_StdPeriph_Driver\src\w7500x_rtc.c.obj
RTC_DividerCmd                                    CMakeFiles\PWM_CaptureMode.dir\__\__\__\__\Libraries\W7500x_StdPeriph_Driver\src\w7500x_rtc.c.obj
RTC_GetAlarm                                      CMakeFiles\PWM_CaptureMode.dir\__\__\__\__\Libraries\W7500x_StdPeriph_Driver\src\w7500x_rtc.c.obj
RTC_GetDate                                       CMakeFiles\PWM_CaptureMode.dir\__\__\__\__\Libraries\W7500x_StdPeriph_Driver\src\w7500x_rtc.c.obj
RTC_GetITStatus                                   CMakeFiles\PWM_CaptureMode.dir\__\__\__\__\Libraries\W7500x_StdPeriph_Driver\src\w7500x_rtc.c.obj
RTC_GetTime                                       CMakeFiles\PWM_CaptureMode.dir\__\__\__\__\Libraries\W7500x_StdPeriph_Driver\src\w7500x_rtc.c.obj
RTC_Handler                                       CMakeFiles\PWM_CaptureMode.dir\w7500x_it.c.obj
RTC_ITConfig                                      CMakeFiles\PWM_CaptureMode.dir\__\__\__\__\Libraries\W7500x_StdPeriph_Driver\src\w7500x_rtc.c.obj
RTC_SetAlarm                                      CMakeFiles\PWM_CaptureMode.dir\__\__\__\__\Libraries\W7500x_StdPeriph_Driver\src\w7500x_rtc.c.obj
RTC_SetDate                                       CMakeFiles\PWM_CaptureMode.dir\__\__\__\__\Libraries\W7500x_StdPeriph_Driver\src\w7500x_rtc.c.obj
RTC_SetTime                                       CMakeFiles\PWM_CaptureMode.dir\__\__\__\__\Libraries\W7500x_StdPeriph_Driver\src\w7500x_rtc.c.obj
RTC_TimeStructInit                                CMakeFiles\PWM_CaptureMode.dir\__\__\__\__\Libraries\W7500x_StdPeriph_Driver\src\w7500x_rtc.c.obj
Reset_Handler                                     CMakeFiles\PWM_CaptureMode.dir\__\__\__\__\Libraries\CMSIS\Device\WIZnet\W7500\Source\GCC\startup_W7500.s.obj
SSP0_Handler                                      CMakeFiles\PWM_CaptureMode.dir\w7500x_it.c.obj
SSP1_Handler                                      CMakeFiles\PWM_CaptureMode.dir\w7500x_it.c.obj
SSP_ClearITPendingBit                             CMakeFiles\PWM_CaptureMode.dir\__\__\__\__\Libraries\W7500x_StdPeriph_Driver\src\w7500x_ssp.c.obj
SSP_Cmd                                           CMakeFiles\PWM_CaptureMode.dir\__\__\__\__\Libraries\W7500x_StdPeriph_Driver\src\w7500x_ssp.c.obj
SSP_DMACmd                                        CMakeFiles\PWM_CaptureMode.dir\__\__\__\__\Libraries\W7500x_StdPeriph_Driver\src\w7500x_ssp.c.obj
SSP_DeInit                                        CMakeFiles\PWM_CaptureMode.dir\__\__\__\__\Libraries\W7500x_StdPeriph_Driver\src\w7500x_ssp.c.obj
SSP_GetFlagStatus                                 CMakeFiles\PWM_CaptureMode.dir\__\__\__\__\Libraries\W7500x_StdPeriph_Driver\src\w7500x_ssp.c.obj
SSP_GetITStatus                                   CMakeFiles\PWM_CaptureMode.dir\__\__\__\__\Libraries\W7500x_StdPeriph_Driver\src\w7500x_ssp.c.obj
SSP_ITConfig                                      CMakeFiles\PWM_CaptureMode.dir\__\__\__\__\Libraries\W7500x_StdPeriph_Driver\src\w7500x_ssp.c.obj
SSP_Init                                          CMakeFiles\PWM_CaptureMode.dir\__\__\__\__\Libraries\W7500x_StdPeriph_Driver\src\w7500x_ssp.c.obj
SSP_ReceiveData                                   CMakeFiles\PWM_CaptureMode.dir\__\__\__\__\Libraries\W7500x_StdPeriph_Driver\src\w7500x_ssp.c.obj
SSP_SSOutputCmd                                   CMakeFiles\PWM_CaptureMode.dir\__\__\__\__\Libraries\W7500x_StdPeriph_Driver\src\w7500x_ssp.c.obj
SSP_SendData                                      CMakeFiles\PWM_CaptureMode.dir\__\__\__\__\Libraries\W7500x_StdPeriph_Driver\src\w7500x_ssp.c.obj