Archive member included to satisfy reference by file (symbol)

c:/progra~2/gnuarm~1/102021~1.10/bin/../lib/gcc/arm-none-eabi/10.3.1/../../../../arm-none-eabi/lib/thumb/v6-m/nofp\libc_nano.a(lib_a-exit.o)
                              c:/progra~2/gnuarm~1/102021~1.10/bin/../lib/gcc/arm-none-eabi/10.3.1/../../../../arm-none-eabi/lib/thumb/v6-m/nofp/crt0.o (exit)
c:/progra~2/gnuarm~1/102021~1.10/bin/../lib/gcc/arm-none-eabi/10.3.1/../../../../arm-none-eabi/lib/thumb/v6-m/nofp\libc_nano.a(lib_a-impure.o)
                              c:/progra~2/gnuarm~1/102021~1.10/bin/../lib/gcc/arm-none-eabi/10.3.1/../../../../arm-none-eabi/lib/thumb/v6-m/nofp\libc_nano.a(lib_a-exit.o) (_global_impure_ptr)
c:/progra~2/gnuarm~1/102021~1.10/bin/../lib/gcc/arm-none-eabi/10.3.1/../../../../arm-none-eabi/lib/thumb/v6-m/nofp\libc_nano.a(lib_a-init.o)
                              c:/progra~2/gnuarm~1/102021~1.10/bin/../lib/gcc/arm-none-eabi/10.3.1/../../../../arm-none-eabi/lib/thumb/v6-m/nofp/crt0.o (__libc_init_array)
c:/progra~2/gnuarm~1/102021~1.10/bin/../lib/gcc/arm-none-eabi/10.3.1/../../../../arm-none-eabi/lib/thumb/v6-m/nofp\libc_nano.a(lib_a-memset.o)
                              c:/progra~2/gnuarm~1/102021~1.10/bin/../lib/gcc/arm-none-eabi/10.3.1/../../../../arm-none-eabi/lib/thumb/v6-m/nofp/crt0.o (memset)
c:/progra~2/gnuarm~1/102021~1.10/bin/../lib/gcc/arm-none-eabi/10.3.1/thumb/v6-m/nofp\libgcc.a(_udivsi3.o)
                              CMakeFiles\GPIO_IOToggle.dir\__\__\__\__\Libraries\W7500x_StdPeriph_Driver\src\w7500x_uart.c.obj (__aeabi_uidiv)
c:/progra~2/gnuarm~1/102021~1.10/bin/../lib/gcc/arm-none-eabi/10.3.1/thumb/v6-m/nofp\libgcc.a(_dvmd_tls.o)
                              c:/progra~2/gnuarm~1/102021~1.10/bin/../lib/gcc/arm-none-eabi/10.3.1/thumb/v6-m/nofp\libgcc.a(_udivsi3.o) (__aeabi_idiv0)
c:/progra~2/gnuarm~1/102021~1.10/bin/../lib/gcc/arm-none-eabi/10.3.1/thumb/v6-m/nofp\libgcc.a(_fixunssfsi.o)
                              CMakeFiles\GPIO_IOToggle.dir\__\__\__\__\Libraries\W7500x_StdPeriph_Driver\src\w7500x_uart.c.obj (__aeabi_f2uiz)
c:/progra~2/gnuarm~1/102021~1.10/bin/../lib/gcc/arm-none-eabi/10.3.1/thumb/v6-m/nofp\libgcc.a(_fixunsdfsi.o)
                              CMakeFiles\GPIO_IOToggle.dir\__\__\__\__\Libraries\W7500x_StdPeriph_Driver\src\w7500x_uart.c.obj (__aeabi_d2uiz)
c:/progra~2/gnuarm~1/102021~1.10/bin/../lib/gcc/arm-none-eabi/10.3.1/thumb/v6-m/nofp\libgcc.a(divsf3.o)
                              CMakeFiles\GPIO_IOToggle.dir\__\__\__\__\Libraries\W7500x_StdPeriph_Driver\src\w7500x_uart.c.obj (__aeabi_fdiv)
c:/progra~2/gnuarm~1/102021~1.10/bin/../lib/gcc/arm-none-eabi/10.3.1/thumb/v6-m/nofp\libgcc.a(mulsf3.o)
                              CMakeFiles\GPIO_IOToggle.dir\__\__\__\__\Libraries\W7500x_StdPeriph_Driver\src\w7500x_uart.c.obj (__aeabi_fmul)
c:/progra~2/gnuarm~1/102021~1.10/bin/../lib/gcc/arm-none-eabi/10.3.1/thumb/v6-m/nofp\libgcc.a(subsf3.o)
                              CMakeFiles\GPIO_IOToggle.dir\__\__\__\__\Libraries\W7500x_StdPeriph_Driver\src\w7500x_uart.c.obj (__aeabi_fsub)
c:/progra~2/gnuarm~1/102021~1.10/bin/../lib/gcc/arm-none-eabi/10.3.1/thumb/v6-m/nofp\libgcc.a(fixsfsi.o)
                              c:/progra~2/gnuarm~1/102021~1.10/bin/../lib/gcc/arm-none-eabi/10.3.1/thumb/v6-m/nofp\libgcc.a(_fixunssfsi.o) (__aeabi_f2iz)
c:/progra~2/gnuarm~1/102021~1.10/bin/../lib/gcc/arm-none-eabi/10.3.1/thumb/v6-m/nofp\libgcc.a(floatunsisf.o)
                              CMakeFiles\GPIO_IOToggle.dir\__\__\__\__\Libraries\W7500x_StdPeriph_Driver\src\w7500x_uart.c.obj (__aeabi_ui2f)
c:/progra~2/gnuarm~1/102021~1.10/bin/../lib/gcc/arm-none-eabi/10.3.1/thumb/v6-m/nofp\libgcc.a(adddf3.o)
                              CMakeFiles\GPIO_IOToggle.dir\__\__\__\__\Libraries\W7500x_StdPeriph_Driver\src\w7500x_uart.c.obj (__aeabi_dadd)
c:/progra~2/gnuarm~1/102021~1.10/bin/../lib/gcc/arm-none-eabi/10.3.1/thumb/v6-m/nofp\libgcc.a(subdf3.o)
                              c:/progra~2/gnuarm~1/102021~1.10/bin/../lib/gcc/arm-none-eabi/10.3.1/thumb/v6-m/nofp\libgcc.a(_fixunsdfsi.o) (__aeabi_dsub)
c:/progra~2/gnuarm~1/102021~1.10/bin/../lib/gcc/arm-none-eabi/10.3.1/thumb/v6-m/nofp\libgcc.a(fixdfsi.o)
                              c:/progra~2/gnuarm~1/102021~1.10/bin/../lib/gcc/arm-none-eabi/10.3.1/thumb/v6-m/nofp\libgcc.a(_fixunsdfsi.o) (__aeabi_d2iz)
c:/progra~2/gnuarm~1/102021~1.10/bin/../lib/gcc/arm-none-eabi/10.3.1/thumb/v6-m/nofp\libgcc.a(extendsfdf2.o)
                              CMakeFiles\GPIO_IOToggle.dir\__\__\__\__\Libraries\W7500x_StdPeriph_Driver\src\w7500x_uart.c.obj (__aeabi_f2d)
c:/progra~2/gnuarm~1/102021~1.10/bin/../lib/gcc/arm-none-eabi/10.3.1/thumb/v6-m/nofp\libgcc.a(_arm_cmpdf2.o)
                              c:/progra~2/gnuarm~1/102021~1.10/bin/../lib/gcc/arm-none-eabi/10.3.1/thumb/v6-m/nofp\libgcc.a(_fixunsdfsi.o) (__aeabi_dcmpge)
c:/progra~2/gnuarm~1/102021~1.10/bin/../lib/gcc/arm-none-eabi/10.3.1/thumb/v6-m/nofp\libgcc.a(_arm_cmpsf2.o)
[...]
Memory Configuration

Name             Origin             Length             Attributes
FLASH            0x00000000         0x00020000         xr
RAM              0x20000000         0x00003fc0         xrw
*default*        0x00000000         0xffffffff

Linker script and memory map

LOAD c:/progra~2/gnuarm~1/102021~1.10/bin/../lib/gcc/arm-none-eabi/10.3.1/thumb/v6-m/nofp/crti.o
LOAD c:/progra~2/gnuarm~1/102021~1.10/bin/../lib/gcc/arm-none-eabi/10.3.1/thumb/v6-m/nofp/crtbegin.o
LOAD c:/progra~2/gnuarm~1/102021~1.10/bin/../lib/gcc/arm-none-eabi/10.3.1/../../../../arm-none-eabi/lib/thumb/v6-m/nofp/crt0.o
LOAD c:/progra~2/gnuarm~1/102021~1.10/bin/../lib/gcc/arm-none-eabi/10.3.1/../../../../arm-none-eabi/lib/thumb/v6-m/nofp\libc_nano.a
LOAD c:/progra~2/gnuarm~1/102021~1.10/bin/../lib/gcc/arm-none-eabi/10.3.1/../../../../arm-none-eabi/lib/thumb/v6-m/nofp\libm.a
LOAD CMakeFiles\GPIO_IOToggle.dir\main.c.obj
LOAD CMakeFiles\GPIO_IOToggle.dir\w7500x_it.c.obj
LOAD CMakeFiles\GPIO_IOToggle.dir\retarget.c.obj
LOAD CMakeFiles\GPIO_IOToggle.dir\__\__\__\__\Libraries\CMSIS\Device\WIZnet\W7500\Source\GCC\startup_W7500.s.obj
LOAD CMakeFiles\GPIO_IOToggle.dir\__\__\__\__\Libraries\CMSIS\Device\WIZnet\W7500\Source\system_w7500x.c.obj
LOAD CMakeFiles\GPIO_IOToggle.dir\__\__\__\__\Libraries\W7500x_StdPeriph_Driver\src\w7500x_gpio.c.obj
LOAD CMakeFiles\GPIO_IOToggle.dir\__\__\__\__\Libraries\W7500x_StdPeriph_Driver\src\w7500x_uart.c.obj
LOAD CMakeFiles\GPIO_IOToggle.dir\__\__\__\__\Libraries\W7500x_StdPeriph_Driver\src\w7500x_adc.c.obj
LOAD CMakeFiles\GPIO_IOToggle.dir\__\__\__\__\Libraries\W7500x_StdPeriph_Driver\src\w7500x_crg.c.obj
LOAD CMakeFiles\GPIO_IOToggle.dir\__\__\__\__\Libraries\W7500x_StdPeriph_Driver\src\w7500x_dualtimer.c.obj
LOAD CMakeFiles\GPIO_IOToggle.dir\__\__\__\__\Libraries\W7500x_StdPeriph_Driver\src\w7500x_exti.c.obj
LOAD CMakeFiles\GPIO_IOToggle.dir\__\__\__\__\Libraries\W7500x_StdPeriph_Driver\src\w7500x_flash.c.obj
LOAD CMakeFiles\GPIO_IOToggle.dir\__\__\__\__\Libraries\W7500x_StdPeriph_Driver\src\w7500x_miim.c.obj
LOAD CMakeFiles\GPIO_IOToggle.dir\__\__\__\__\Libraries\W7500x_StdPeriph_Driver\src\w7500x_misc.c.obj
LOAD CMakeFiles\GPIO_IOToggle.dir\__\__\__\__\Libraries\W7500x_StdPeriph_Driver\src\w7500x_pwm.c.obj
LOAD CMakeFiles\GPIO_IOToggle.dir\__\__\__\__\Libraries\W7500x_StdPeriph_Driver\src\w7500x_rng.c.obj
LOAD CMakeFiles\GPIO_IOToggle.dir\__\__\__\__\Libraries\W7500x_StdPeriph_Driver\src\w7500x_rtc.c.obj
LOAD CMakeFiles\GPIO_IOToggle.dir\__\__\__\__\Libraries\W7500x_StdPeriph_Driver\src\w7500x_ssp.c.obj
LOAD CMakeFiles\GPIO_IOToggle.dir\__\__\__\__\Libraries\W7500x_StdPeriph_Driver\src\w7500x_wdt.c.obj
LOAD CMakeFiles\GPIO_IOToggle.dir\__\__\__\__\Libraries\W7500x_StdPeriph_Driver\src\w7500x_wztoe.c.obj
LOAD ..\..\..\..\Libraries\libSYSTEM_W7500X_FILES.a
LOAD ..\..\..\..\Libraries\libGPIO_FILES.a
LOAD ..\..\..\..\Libraries\libUART_FILES.a
LOAD ..\..\..\..\Libraries\libADC_FILES.a
LOAD ..\..\..\..\Libraries\libCRG_FILES.a
LOAD ..\..\..\..\Libraries\libDUALTIMER_FILES.a
LOAD ..\..\..\..\Libraries\libEXTI_FILES.a
LOAD ..\..\..\..\Libraries\libFLASH_FILES.a
LOAD ..\..\..\..\Libraries\libMIIM_FILES.a
LOAD ..\..\..\..\Libraries\libMISC_FILES.a
LOAD ..\..\..\..\Libraries\libPWM_FILES.a
LOAD ..\..\..\..\Libraries\libRNG_FILES.a
LOAD ..\..\..\..\Libraries\libRTC_FILES.a
LOAD ..\..\..\..\Libraries\libSSP_FILES.a
LOAD ..\..\..\..\Libraries\libWDT_FILES.a
LOAD ..\..\..\..\Libraries\libWZTOE_FILES.a
LOAD ..\..\..\..\Libraries\libGPIO_FILES.a
LOAD ..\..\..\..\Libraries\libCRG_FILES.a
LOAD ..\..\..\..\Libraries\libSYSTEM_W7500X_FILES.a
START GROUP
LOAD c:/progra~2/gnuarm~1/102021~1.10/bin/../lib/gcc/arm-none-eabi/10.3.1/thumb/v6-m/nofp\libgcc.a
LOAD c:/progra~2/gnuarm~1/102021~1.10/bin/../lib/gcc/arm-none-eabi/10.3.1/../../../../arm-none-eabi/lib/thumb/v6-m/nofp\libg_nano.a
LOAD c:/progra~2/gnuarm~1/102021~1.10/bin/../lib/gcc/arm-none-eabi/10.3.1/../../../../arm-none-eabi/lib/thumb/v6-m/nofp\libc_nano.a
END GROUP
START GROUP
LOAD c:/progra~2/gnuarm~1/102021~1.10/bin/../lib/gcc/arm-none-eabi/10.3.1/thumb/v6-m/nofp\libgcc.a
LOAD c:/progra~2/gnuarm~1/102021~1.10/bin/../lib/gcc/arm-none-eabi/10.3.1/../../../../arm-none-eabi/lib/thumb/v6-m/nofp\libc_nano.a
END GROUP
LOAD c:/progra~2/gnuarm~1/102021~1.10/bin/../lib/gcc/arm-none-eabi/10.3.1/thumb/v6-m/nofp/crtend.o
LOAD c:/progra~2/gnuarm~1/102021~1.10/bin/../lib/gcc/arm-none-eabi/10.3.1/thumb/v6-m/nofp/crtn.o
START GROUP
LOAD c:/progra~2/gnuarm~1/102021~1.10/bin/../lib/gcc/arm-none-eabi/10.3.1/thumb/v6-m/nofp\libgcc.a
LOAD c:/progra~2/gnuarm~1/102021~1.10/bin/../lib/gcc/arm-none-eabi/10.3.1/../../../../arm-none-eabi/lib/thumb/v6-m/nofp\libc.a
LOAD c:/progra~2/gnuarm~1/102021~1.10/bin/../lib/gcc/arm-none-eabi/10.3.1/../../../../arm-none-eabi/lib/thumb/v6-m/nofp\libm.a
LOAD c:/progra~2/gnuarm~1/102021~1.10/bin/../lib/gcc/arm-none-eabi/10.3.1/../../../../arm-none-eabi/lib/thumb/v6-m/nofp\libnosys.a
END GROUP

.text           0x00000000     0x19ac
 *(.isr_vector)
 .isr_vector    0x00000000       0xa8 CMakeFiles\GPIO_IOToggle.dir\__\__\__\__\Libraries\CMSIS\Device\WIZnet\W7500\Source\GCC\startup_W7500.s.obj
                0x00000000                __isr_vector
 *(.text*)
 .text          0x000000a8       0x48 c:/progra~2/gnuarm~1/102021~1.10/bin/../lib/gcc/arm-none-eabi/10.3.1/thumb/v6-m/nofp/crtbegin.o
 .text.memset   0x000000f0       0x10 c:/progra~2/gnuarm~1/102021~1.10/bin/../lib/gcc/arm-none-eabi/10.3.1/../../../../arm-none-eabi/lib/thumb/v6-m/nofp\libc_nano.a(lib_a-memset.o)
                0x000000f0                memset
 .text.startup.main
                0x00000100      0x124 CMakeFiles\GPIO_IOToggle.dir\main.c.obj
                0x00000100                main
 .text.NMI_Handler
                0x00000224        0x4 CMakeFiles\GPIO_IOToggle.dir\w7500x_it.c.obj
                0x00000224                NMI_Handler
 .text.HardFault_Handler
                0x00000228        0x4 CMakeFiles\GPIO_IOToggle.dir\w7500x_it.c.obj
                0x00000228                HardFault_Handler
 .text.SVC_Handler
                0x0000022c        0x4 CMakeFiles\GPIO_IOToggle.dir\w7500x_it.c.obj
                0x0000022c                SVC_Handler
 .text.PendSV_Handler
                0x00000230        0x4 CMakeFiles\GPIO_IOToggle.dir\w7500x_it.c.obj
                0x00000230                PendSV_Handler
 .text.SysTick_Handler
                0x00000234        0x4 CMakeFiles\GPIO_IOToggle.dir\w7500x_it.c.obj
                0x00000234                SysTick_Handler
 .text.SSP0_Handler
                0x00000238        0x4 CMakeFiles\GPIO_IOToggle.dir\w7500x_it.c.obj
                0x00000238                SSP0_Handler
 .text.SSP1_Handler
                0x0000023c        0x4 CMakeFiles\GPIO_IOToggle.dir\w7500x_it.c.obj
                0x0000023c                SSP1_Handler
 .text.UART0_Handler
                0x00000240        0x4 CMakeFiles\GPIO_IOToggle.dir\w7500x_it.c.obj
                0x00000240                UART0_Handler
 .text.UART1_Handler
                0x00000244        0x4 CMakeFiles\GPIO_IOToggle.dir\w7500x_it.c.obj
                0x00000244                UART1_Handler
 .text.UART2_Handler
                0x00000248        0x4 CMakeFiles\GPIO_IOToggle.dir\w7500x_it.c.obj
                0x00000248                UART2_Handler
 .text.PORT0_Handler
                0x0000024c        0x4 CMakeFiles\GPIO_IOToggle.dir\w7500x_it.c.obj
                0x0000024c                PORT0_Handler
 .text.PORT1_Handler
                0x00000250        0x4 CMakeFiles\GPIO_IOToggle.dir\w7500x_it.c.obj
                0x00000250                PORT1_Handler
 .text.PORT2_Handler
                0x00000254        0x4 CMakeFiles\GPIO_IOToggle.dir\w7500x_it.c.obj
                0x00000254                PORT2_Handler
 .text.PORT3_Handler
                0x00000258        0x4 CMakeFiles\GPIO_IOToggle.dir\w7500x_it.c.obj
                0x00000258                PORT3_Handler
 .text.DMA_Handler
                0x0000025c        0x4 CMakeFiles\GPIO_IOToggle.dir\w7500x_it.c.obj
                0x0000025c                DMA_Handler
 .text.DUALTIMER0_Handler
                0x00000260        0x4 CMakeFiles\GPIO_IOToggle.dir\w7500x_it.c.obj
                0x00000260                DUALTIMER0_Handler
 .text.DUALTIMER1_Handler
                0x00000264        0x4 CMakeFiles\GPIO_IOToggle.dir\w7500x_it.c.obj
                0x00000264                DUALTIMER1_Handler
 .text.PWM0_Handler
                0x00000268        0x4 CMakeFiles\GPIO_IOToggle.dir\w7500x_it.c.obj
                0x00000268                PWM0_Handler
 .text.PWM1_Handler
                0x0000026c        0x4 CMakeFiles\GPIO_IOToggle.dir\w7500x_it.c.obj
                0x0000026c                PWM1_Handler
 .text.PWM2_Handler
                0x00000270        0x4 CMakeFiles\GPIO_IOToggle.dir\w7500x_it.c.obj
                0x00000270                PWM2_Handler
 .text.PWM3_Handler
                0x00000274        0x4 CMakeFiles\GPIO_IOToggle.dir\w7500x_it.c.obj
                0x00000274                PWM3_Handler
 .text.PWM4_Handler
                0x00000278        0x4 CMakeFiles\GPIO_IOToggle.dir\w7500x_it.c.obj
                0x00000278                PWM4_Handler
 .text.PWM5_Handler
                0x0000027c        0x4 CMakeFiles\GPIO_IOToggle.dir\w7500x_it.c.obj
                0x0000027c                PWM5_Handler
 .text.PWM6_Handler
                0x00000280        0x4 CMakeFiles\GPIO_IOToggle.dir\w7500x_it.c.obj
                0x00000280                PWM6_Handler
 .text.PWM7_Handler
                0x00000284        0x4 CMakeFiles\GPIO_IOToggle.dir\w7500x_it.c.obj
                0x00000284                PWM7_Handler
 .text.RTC_Handler
                0x00000288        0x4 CMakeFiles\GPIO_IOToggle.dir\w7500x_it.c.obj
                0x00000288                RTC_Handler
 .text.ADC_Handler
                0x0000028c        0x4 CMakeFiles\GPIO_IOToggle.dir\w7500x_it.c.obj
                0x0000028c                ADC_Handler
 .text.WZTOE_Handler
                0x00000290        0x4 CMakeFiles\GPIO_IOToggle.dir\w7500x_it.c.obj
                0x00000290                WZTOE_Handler
 .text.EXTI_Handler
                0x00000294        0x4 CMakeFiles\GPIO_IOToggle.dir\w7500x_it.c.obj
                0x00000294                EXTI_Handler
 .text._write   0x00000298       0x1c CMakeFiles\GPIO_IOToggle.dir\retarget.c.obj
                0x00000298                _write
 .text          0x000002b4       0x84 CMakeFiles\GPIO_IOToggle.dir\__\__\__\__\Libraries\CMSIS\Device\WIZnet\W7500\Source\GCC\startup_W7500.s.obj
                0x000002b4                Reset_Handler
                0x000002f4                MemManage_Handler
                0x000002f6                BusFault_Handler
                0x000002f8                UsageFault_Handler
                0x000002fc                DebugMon_Handler
                0x0000030c                I2C0_Handler
                0x0000030e                I2C1_Handler
 .text.GetSystemClock
                0x00000338        0xc CMakeFiles\GPIO_IOToggle.dir\__\__\__\__\Libraries\CMSIS\Device\WIZnet\W7500\Source\system_w7500x.c.obj
                0x00000338                GetSystemClock
 .text.GetSourceClock
                0x00000344        0xc CMakeFiles\GPIO_IOToggle.dir\__\__\__\__\Libraries\CMSIS\Device\WIZnet\W7500\Source\system_w7500x.c.obj
                0x00000344                GetSourceClock
 .text.SystemInit
                0x00000350       0x54 CMakeFiles\GPIO_IOToggle.dir\__\__\__\__\Libraries\CMSIS\Device\WIZnet\W7500\Source\system_w7500x.c.obj
                0x00000350                SystemInit
 .text.GPIO_Init
                0x000003a4      0x198 CMakeFiles\GPIO_IOToggle.dir\__\__\__\__\Libraries\W7500x_StdPeriph_Driver\src\w7500x_gpio.c.obj
                0x000003a4                GPIO_Init
 .text.GPIO_ReadInputDataBit
                0x0000053c        0xc CMakeFiles\GPIO_IOToggle.dir\__\__\__\__\Libraries\W7500x_StdPeriph_Driver\src\w7500x_gpio.c.obj
                0x0000053c                GPIO_ReadInputDataBit
 .text.GPIO_SetBits
                0x00000548       0x28 CMakeFiles\GPIO_IOToggle.dir\__\__\__\__\Libraries\W7500x_StdPeriph_Driver\src\w7500x_gpio.c.obj
                0x00000548                GPIO_SetBits
 .text.GPIO_ResetBits
                0x00000570       0x24 CMakeFiles\GPIO_IOToggle.dir\__\__\__\__\Libraries\W7500x_StdPeriph_Driver\src\w7500x_gpio.c.obj
                0x00000570                GPIO_ResetBits
 .text.UART_StructInit
                0x00000594       0x18 CMakeFiles\GPIO_IOToggle.dir\__\__\__\__\Libraries\W7500x_StdPeriph_Driver\src\w7500x_uart.c.obj
                0x00000594                UART_StructInit
 .text.S_UART_Init
                0x000005ac       0x18 CMakeFiles\GPIO_IOToggle.dir\__\__\__\__\Libraries\W7500x_StdPeriph_Driver\src\w7500x_uart.c.obj
                0x000005ac                S_UART_Init
 .text.S_UART_Cmd
                0x000005c4       0x1c CMakeFiles\GPIO_IOToggle.dir\__\__\__\__\Libraries\W7500x_StdPeriph_Driver\src\w7500x_uart.c.obj
                0x000005c4                S_UART_Cmd
 .text.S_UART_SendData
                0x000005e0       0x14 CMakeFiles\GPIO_IOToggle.dir\__\__\__\__\Libraries\W7500x_StdPeriph_Driver\src\w7500x_uart.c.obj
                0x000005e0                S_UART_SendData
 .text.CRG_PLL_Bypass
                0x000005f4       0x18 CMakeFiles\GPIO_IOToggle.dir\__\__\__\__\Libraries\W7500x_StdPeriph_Driver\src\w7500x_crg.c.obj
                0x000005f4                CRG_PLL_Bypass
 .text.CRG_PLL_SourceSelect
                0x0000060c       0x18 CMakeFiles\GPIO_IOToggle.dir\__\__\__\__\Libraries\W7500x_StdPeriph_Driver\src\w7500x_crg.c.obj
                0x0000060c                CRG_PLL_SourceSelect
 .text          0x00000624      0x114 c:/progra~2/gnuarm~1/102021~1.10/bin/../lib/gcc/arm-none-eabi/10.3.1/thumb/v6-m/nofp\libgcc.a(_udivsi3.o)
                0x00000624                __aeabi_uidiv
                0x00000624                __udivsi3
                0x00000730                __aeabi_uidivmod
 .text          0x00000738        0x4 c:/progra~2/gnuarm~1/102021~1.10/bin/../lib/gcc/arm-none-eabi/10.3.1/thumb/v6-m/nofp\libgcc.a(_dvmd_tls.o)
                0x00000738                __aeabi_idiv0
                0x00000738                __aeabi_ldiv0
 .text.printf   0x0000073c       0x34 c:/progra~2/gnuarm~1/102021~1.10/bin/../lib/gcc/arm-none-eabi/10.3.1/../../../../arm-none-eabi/lib/thumb/v6-m/nofp\libg_nano.a(lib_a-printf.o)
                0x0000073c                iprintf
                0x0000073c                printf
 .text._puts_r  0x00000770       0xe4 c:/progra~2/gnuarm~1/102021~1.10/bin/../lib/gcc/arm-none-eabi/10.3.1/../../../../arm-none-eabi/lib/thumb/v6-m/nofp\libg_nano.a(lib_a-puts.o)
                0x00000770                _puts_r
 .text.puts     0x00000854       0x14 c:/progra~2/gnuarm~1/102021~1.10/bin/../lib/gcc/arm-none-eabi/10.3.1/../../../../arm-none-eabi/lib/thumb/v6-m/nofp\libg_nano.a(lib_a-puts.o)
                0x00000854                puts
 .text.__swbuf_r
                0x00000868       0xac c:/progra~2/gnuarm~1/102021~1.10/bin/../lib/gcc/arm-none-eabi/10.3.1/../../../../arm-none-eabi/lib/thumb/v6-m/nofp\libg_nano.a(lib_a-wbuf.o)
                0x00000868                __swbuf_r
 .text.__swsetup_r
                0x00000914       0xf0 c:/progra~2/gnuarm~1/102021~1.10/bin/../lib/gcc/arm-none-eabi/10.3.1/../../../../arm-none-eabi/lib/thumb/v6-m/nofp\libg_nano.a(lib_a-wsetup.o)
                0x00000914                __swsetup_r
 .text.__sflush_r
                0x00000a04      0x118 c:/progra~2/gnuarm~1/102021~1.10/bin/../lib/gcc/arm-none-eabi/10.3.1/../../../../arm-none-eabi/lib/thumb/v6-m/nofp\libg_nano.a(lib_a-fflush.o)
                0x00000a04                __sflush_r
 .text._fflush_r
                0x00000b1c       0x80 c:/progra~2/gnuarm~1/102021~1.10/bin/../lib/gcc/arm-none-eabi/10.3.1/../../../../arm-none-eabi/lib/thumb/v6-m/nofp\libg_nano.a(lib_a-fflush.o)
                0x00000b1c                _fflush_r
 .text.std      0x00000b9c       0x48 c:/progra~2/gnuarm~1/102021~1.10/bin/../lib/gcc/arm-none-eabi/10.3.1/../../../../arm-none-eabi/lib/thumb/v6-m/nofp\libg_nano.a(lib_a-findfp.o)
 .text._cleanup_r
                0x00000be4       0x10 c:/progra~2/gnuarm~1/102021~1.10/bin/../lib/gcc/arm-none-eabi/10.3.1/../../../../arm-none-eabi/lib/thumb/v6-m/nofp\libg_nano.a(lib_a-findfp.o)
                0x00000be4                _cleanup_r
 .text.__sfmoreglue
                0x00000bf4       0x2c c:/progra~2/gnuarm~1/102021~1.10/bin/../lib/gcc/arm-none-eabi/10.3.1/../../../../arm-none-eabi/lib/thumb/v6-m/nofp\libg_nano.a(lib_a-findfp.o)
                0x00000bf4                __sfmoreglue
 .text.__sfp_lock_acquire
                0x00000c20       0x10 c:/progra~2/gnuarm~1/102021~1.10/bin/../lib/gcc/arm-none-eabi/10.3.1/../../../../arm-none-eabi/lib/thumb/v6-m/nofp\libg_nano.a(lib_a-findfp.o)
                0x00000c20                __sfp_lock_acquire
 .text.__sfp_lock_release
                0x00000c30       0x10 c:/progra~2/gnuarm~1/102021~1.10/bin/../lib/gcc/arm-none-eabi/10.3.1/../../../../arm-none-eabi/lib/thumb/v6-m/nofp\libg_nano.a(lib_a-findfp.o)
                0x00000c30                __sfp_lock_release
 .text.__sinit_lock_acquire
                0x00000c40       0x10 c:/progra~2/gnuarm~1/102021~1.10/bin/../lib/gcc/arm-none-eabi/10.3.1/../../../../arm-none-eabi/lib/thumb/v6-m/nofp\libg_nano.a(lib_a-findfp.o)
                0x00000c40                __sinit_lock_acquire
 .text.__sinit_lock_release
                0x00000c50       0x10 c:/progra~2/gnuarm~1/102021~1.10/bin/../lib/gcc/arm-none-eabi/10.3.1/../../../../arm-none-eabi/lib/thumb/v6-m/nofp\libg_nano.a(lib_a-findfp.o)
                0x00000c50                __sinit_lock_release
 .text.__sinit  0x00000c60       0x70 c:/progra~2/gnuarm~1/102021~1.10/bin/../lib/gcc/arm-none-eabi/10.3.1/../../../../arm-none-eabi/lib/thumb/v6-m/nofp\libg_nano.a(lib_a-findfp.o)
                0x00000c60                __sinit
 .text.__sfp    0x00000cd0       0x90 c:/progra~2/gnuarm~1/102021~1.10/bin/../lib/gcc/arm-none-eabi/10.3.1/../../../../arm-none-eabi/lib/thumb/v6-m/nofp\libg_nano.a(lib_a-findfp.o)
                0x00000cd0                __sfp
 .text._fwalk_reent
                0x00000d60       0x40 c:/progra~2/gnuarm~1/102021~1.10/bin/../lib/gcc/arm-none-eabi/10.3.1/../../../../arm-none-eabi/lib/thumb/v6-m/nofp\libg_nano.a(lib_a-fwalk.o)
                0x00000d60                _fwalk_reent
 .text.__retarget_lock_init_recursive
                0x00000da0        0x2 c:/progra~2/gnuarm~1/102021~1.10/bin/../lib/gcc/arm-none-eabi/10.3.1/../../../../arm-none-eabi/lib/thumb/v6-m/nofp\libg_nano.a(lib_a-lock.o)
                0x00000da0                __retarget_lock_init_recursive
 .text.__retarget_lock_acquire_recursive
                0x00000da2        0x2 c:/progra~2/gnuarm~1/102021~1.10/bin/../lib/gcc/arm-none-eabi/10.3.1/../../../../arm-none-eabi/lib/thumb/v6-m/nofp\libg_nano.a(lib_a-lock.o)
                0x00000da2                __retarget_lock_acquire_recursive
 .text.__retarget_lock_release_recursive
                0x00000da4        0x2 c:/progra~2/gnuarm~1/102021~1.10/bin/../lib/gcc/arm-none-eabi/10.3.1/../../../../arm-none-eabi/lib/thumb/v6-m/nofp\libg_nano.a(lib_a-lock.o)
                0x00000da4                __retarget_lock_release_recursive
 *fill*         0x00000da6        0x2 
 .text.__swhatbuf_r
                0x00000da8       0x50 c:/progra~2/gnuarm~1/102021~1.10/bin/../lib/gcc/arm-none-eabi/10.3.1/../../../../arm-none-eabi/lib/thumb/v6-m/nofp\libg_nano.a(lib_a-makebuf.o)
                0x00000da8                __swhatbuf_r
 .text.__smakebuf_r
                0x00000df8       0x88 c:/progra~2/gnuarm~1/102021~1.10/bin/../lib/gcc/arm-none-eabi/10.3.1/../../../../arm-none-eabi/lib/thumb/v6-m/nofp\libg_nano.a(lib_a-makebuf.o)
                0x00000df8                __smakebuf_r
 .text._free_r  0x00000e80       0x94 c:/progra~2/gnuarm~1/102021~1.10/bin/../lib/gcc/arm-none-eabi/10.3.1/../../../../arm-none-eabi/lib/thumb/v6-m/nofp\libg_nano.a(lib_a-nano-freer.o)
                0x00000e80                _free_r
 .text.sbrk_aligned
                0x00000f14       0x44 c:/progra~2/gnuarm~1/102021~1.10/bin/../lib/gcc/arm-none-eabi/10.3.1/../../../../arm-none-eabi/lib/thumb/v6-m/nofp\libg_nano.a(lib_a-nano-mallocr.o)
 .text._malloc_r
                0x00000f58       0xec c:/progra~2/gnuarm~1/102021~1.10/bin/../lib/gcc/arm-none-eabi/10.3.1/../../../../arm-none-eabi/lib/thumb/v6-m/nofp\libg_nano.a(lib_a-nano-mallocr.o)
                0x00000f58                _malloc_r
 .text.__sfputc_r
                0x00001044       0x2a c:/progra~2/gnuarm~1/102021~1.10/bin/../lib/gcc/arm-none-eabi/10.3.1/../../../../arm-none-eabi/lib/thumb/v6-m/nofp\libg_nano.a(lib_a-nano-vfprintf.o)
 .text.__sfputs_r
                0x0000106e       0x24 c:/progra~2/gnuarm~1/102021~1.10/bin/../lib/gcc/arm-none-eabi/10.3.1/../../../../arm-none-eabi/lib/thumb/v6-m/nofp\libg_nano.a(lib_a-nano-vfprintf.o)
                0x0000106e                __sfputs_r
 *fill*         0x00001092        0x2 
 .text._vfprintf_r
                0x00001094      0x274 c:/progra~2/gnuarm~1/102021~1.10/bin/../lib/gcc/arm-none-eabi/10.3.1/../../../../arm-none-eabi/lib/thumb/v6-m/nofp\libg_nano.a(lib_a-nano-vfprintf.o)
                0x00001094                _vfprintf_r
                0x00001094                _vfiprintf_r
 .text._printf_common
                0x00001308       0xde c:/progra~2/gnuarm~1/102021~1.10/bin/../lib/gcc/arm-none-eabi/10.3.1/../../../../arm-none-eabi/lib/thumb/v6-m/nofp\libg_nano.a(lib_a-nano-vfprintf_i.o)
                0x00001308                _printf_common
 *fill*         0x000013e6        0x2 
 .text._printf_i
                0x000013e8      0x224 c:/progra~2/gnuarm~1/102021~1.10/bin/../lib/gcc/arm-none-eabi/10.3.1/../../../../arm-none-eabi/lib/thumb/v6-m/nofp\libg_nano.a(lib_a-nano-vfprintf_i.o)
                0x000013e8                _printf_i
 .text._sbrk_r  0x0000160c       0x24 c:/progra~2/gnuarm~1/102021~1.10/bin/../lib/gcc/arm-none-eabi/10.3.1/../../../../arm-none-eabi/lib/thumb/v6-m/nofp\libg_nano.a(lib_a-sbrkr.o)
                0x0000160c                _sbrk_r
 .text.__sread  0x00001630       0x28 c:/progra~2/gnuarm~1/102021~1.10/bin/../lib/gcc/arm-none-eabi/10.3.1/../../../../arm-none-eabi/lib/thumb/v6-m/nofp\libg_nano.a(lib_a-stdio.o)
                0x00001630                __sread
 .text.__swrite
                0x00001658       0x38 c:/progra~2/gnuarm~1/102021~1.10/bin/../lib/gcc/arm-none-eabi/10.3.1/../../../../arm-none-eabi/lib/thumb/v6-m/nofp\libg_nano.a(lib_a-stdio.o)
                0x00001658                __swrite
 .text.__sseek  0x00001690       0x2c c:/progra~2/gnuarm~1/102021~1.10/bin/../lib/gcc/arm-none-eabi/10.3.1/../../../../arm-none-eabi/lib/thumb/v6-m/nofp\libg_nano.a(lib_a-stdio.o)
                0x00001690                __sseek
 .text.__sclose
                0x000016bc        0xc c:/progra~2/gnuarm~1/102021~1.10/bin/../lib/gcc/arm-none-eabi/10.3.1/../../../../arm-none-eabi/lib/thumb/v6-m/nofp\libg_nano.a(lib_a-stdio.o)
                0x000016bc                __sclose
 .text._write_r
                0x000016c8       0x28 c:/progra~2/gnuarm~1/102021~1.10/bin/../lib/gcc/arm-none-eabi/10.3.1/../../../../arm-none-eabi/lib/thumb/v6-m/nofp\libg_nano.a(lib_a-writer.o)
                0x000016c8                _write_r
 .text._close_r
                0x000016f0       0x24 c:/progra~2/gnuarm~1/102021~1.10/bin/../lib/gcc/arm-none-eabi/10.3.1/../../../../arm-none-eabi/lib/thumb/v6-m/nofp\libg_nano.a(lib_a-closer.o)
                0x000016f0                _close_r
 .text._fstat_r
                0x00001714       0x24 c:/progra~2/gnuarm~1/102021~1.10/bin/../lib/gcc/arm-none-eabi/10.3.1/../../../../arm-none-eabi/lib/thumb/v6-m/nofp\libg_nano.a(lib_a-fstatr.o)
                0x00001714                _fstat_r
 .text._isatty_r
                0x00001738       0x24 c:/progra~2/gnuarm~1/102021~1.10/bin/../lib/gcc/arm-none-eabi/10.3.1/../../../../arm-none-eabi/lib/thumb/v6-m/nofp\libg_nano.a(lib_a-isattyr.o)
                0x00001738                _isatty_r
 .text._lseek_r
                0x0000175c       0x28 c:/progra~2/gnuarm~1/102021~1.10/bin/../lib/gcc/arm-none-eabi/10.3.1/../../../../arm-none-eabi/lib/thumb/v6-m/nofp\libg_nano.a(lib_a-lseekr.o)
                0x0000175c                _lseek_r
 .text.memchr   0x00001784       0x16 c:/progra~2/gnuarm~1/102021~1.10/bin/../lib/gcc/arm-none-eabi/10.3.1/../../../../arm-none-eabi/lib/thumb/v6-m/nofp\libg_nano.a(lib_a-memchr-stub.o)
                0x00001784                memchr
 *fill*         0x0000179a        0x2 
 .text.__malloc_lock
                0x0000179c       0x10 c:/progra~2/gnuarm~1/102021~1.10/bin/../lib/gcc/arm-none-eabi/10.3.1/../../../../arm-none-eabi/lib/thumb/v6-m/nofp\libg_nano.a(lib_a-mlock.o)
                0x0000179c                __malloc_lock
 .text.__malloc_unlock
                0x000017ac       0x10 c:/progra~2/gnuarm~1/102021~1.10/bin/../lib/gcc/arm-none-eabi/10.3.1/../../../../arm-none-eabi/lib/thumb/v6-m/nofp\libg_nano.a(lib_a-mlock.o)
                0x000017ac                __malloc_unlock
 .text._read_r  0x000017bc       0x28 c:/progra~2/gnuarm~1/102021~1.10/bin/../lib/gcc/arm-none-eabi/10.3.1/../../../../arm-none-eabi/lib/thumb/v6-m/nofp\libg_nano.a(lib_a-readr.o)
                0x000017bc                _read_r
 .text          0x000017e4       0x14 c:/progra~2/gnuarm~1/102021~1.10/bin/../lib/gcc/arm-none-eabi/10.3.1/thumb/v6-m/nofp\libgcc.a(_thumb1_case_shi.o)
                0x000017e4                __gnu_thumb1_case_shi
 .text._close   0x000017f8       0x10 c:/progra~2/gnuarm~1/102021~1.10/bin/../lib/gcc/arm-none-eabi/10.3.1/../../../../arm-none-eabi/lib/thumb/v6-m/nofp\libnosys.a(close.o)
                0x000017f8                _close
 .text._fstat   0x00001808       0x10 c:/progra~2/gnuarm~1/102021~1.10/bin/../lib/gcc/arm-none-eabi/10.3.1/../../../../arm-none-eabi/lib/thumb/v6-m/nofp\libnosys.a(fstat.o)
                0x00001808                _fstat
 .text._isatty  0x00001818       0x10 c:/progra~2/gnuarm~1/102021~1.10/bin/../lib/gcc/arm-none-eabi/10.3.1/../../../../arm-none-eabi/lib/thumb/v6-m/nofp\libnosys.a(isatty.o)
                0x00001818                _isatty
 .text._lseek   0x00001828       0x10 c:/progra~2/gnuarm~1/102021~1.10/bin/../lib/gcc/arm-none-eabi/10.3.1/../../../../arm-none-eabi/lib/thumb/v6-m/nofp\libnosys.a(lseek.o)
                0x00001828                _lseek
 .text._read    0x00001838       0x10 c:/progra~2/gnuarm~1/102021~1.10/bin/../lib/gcc/arm-none-eabi/10.3.1/../../../../arm-none-eabi/lib/thumb/v6-m/nofp\libnosys.a(read.o)
                0x00001838                _read
 .text._sbrk    0x00001848       0x1c c:/progra~2/gnuarm~1/102021~1.10/bin/../lib/gcc/arm-none-eabi/10.3.1/../../../../arm-none-eabi/lib/thumb/v6-m/nofp\libnosys.a(sbrk.o)
                0x00001848                _sbrk
 *(.init)
 .init          0x00001864        0x4 c:/progra~2/gnuarm~1/102021~1.10/bin/../lib/gcc/arm-none-eabi/10.3.1/thumb/v6-m/nofp/crti.o
                0x00001864                _init
 .init          0x00001868        0x8 c:/progra~2/gnuarm~1/102021~1.10/bin/../lib/gcc/arm-none-eabi/10.3.1/thumb/v6-m/nofp/crtn.o
 *(.fini)
 .fini          0x00001870        0x4 c:/progra~2/gnuarm~1/102021~1.10/bin/../lib/gcc/arm-none-eabi/10.3.1/thumb/v6-m/nofp/crti.o
                0x00001870                _fini
 .fini          0x00001874        0x8 c:/progra~2/gnuarm~1/102021~1.10/bin/../lib/gcc/arm-none-eabi/10.3.1/thumb/v6-m/nofp/crtn.o
 *crtbegin.o(.ctors)
 *crtbegin?.o(.ctors)
 *(EXCLUDE_FILE(*crtend.o *crtend?.o) .ctors)
 *(SORT_BY_NAME(.ctors.*))
 *(.ctors)
 *crtbegin.o(.dtors)
 *crtbegin?.o(.dtors)
 *(EXCLUDE_FILE(*crtend.o *crtend?.o) .dtors)
 *(SORT_BY_NAME(.dtors.*))
 *(.dtors)
 *(.rodata*)
 .rodata._global_impure_ptr
                0x0000187c        0x4 c:/progra~2/gnuarm~1/102021~1.10/bin/../lib/gcc/arm-none-eabi/10.3.1/../../../../arm-none-eabi/lib/thumb/v6-m/nofp\libc_nano.a(lib_a-impure.o)
                0x0000187c                _global_impure_ptr
 .rodata.main.str1.4
                0x00001880       0x94 CMakeFiles\GPIO_IOToggle.dir\main.c.obj
 .rodata.__sf_fake_stderr
                0x00001914       0x20 c:/progra~2/gnuarm~1/102021~1.10/bin/../lib/gcc/arm-none-eabi/10.3.1/../../../../arm-none-eabi/lib/thumb/v6-m/nofp\libg_nano.a(lib_a-findfp.o)
                0x00001914                __sf_fake_stderr
 .rodata.__sf_fake_stdin
                0x00001934       0x20 c:/progra~2/gnuarm~1/102021~1.10/bin/../lib/gcc/arm-none-eabi/10.3.1/../../../../arm-none-eabi/lib/thumb/v6-m/nofp\libg_nano.a(lib_a-findfp.o)
                0x00001934                __sf_fake_stdin
 .rodata.__sf_fake_stdout
                0x00001954       0x20 c:/progra~2/gnuarm~1/102021~1.10/bin/../lib/gcc/arm-none-eabi/10.3.1/../../../../arm-none-eabi/lib/thumb/v6-m/nofp\libg_nano.a(lib_a-findfp.o)
                0x00001954                __sf_fake_stdout
 .rodata._vfprintf_r.str1.1
                0x00001974       0x11 c:/progra~2/gnuarm~1/102021~1.10/bin/../lib/gcc/arm-none-eabi/10.3.1/../../../../arm-none-eabi/lib/thumb/v6-m/nofp\libg_nano.a(lib_a-nano-vfprintf.o)
 .rodata._printf_i.str1.1
                0x00001985       0x22 c:/progra~2/gnuarm~1/102021~1.10/bin/../lib/gcc/arm-none-eabi/10.3.1/../../../../arm-none-eabi/lib/thumb/v6-m/nofp\libg_nano.a(lib_a-nano-vfprintf_i.o)
 *(.eh_frame*)
 *fill*         0x000019a7        0x1 
 .eh_frame      0x000019a8        0x0 c:/progra~2/gnuarm~1/102021~1.10/bin/../lib/gcc/arm-none-eabi/10.3.1/thumb/v6-m/nofp/crtbegin.o
 .eh_frame      0x000019a8        0x4 c:/progra~2/gnuarm~1/102021~1.10/bin/../lib/gcc/arm-none-eabi/10.3.1/thumb/v6-m/nofp/crtend.o

.glue_7         0x000019ac        0x0
 .glue_7        0x000019ac        0x0 linker stubs

.glue_7t        0x000019ac        0x0
 .glue_7t       0x000019ac        0x0 linker stubs

.vfp11_veneer   0x000019ac        0x0
 .vfp11_veneer  0x000019ac        0x0 linker stubs

.v4_bx          0x000019ac        0x0
 .v4_bx         0x000019ac        0x0 linker stubs

.iplt           0x000019ac        0x0
 .iplt          0x000019ac        0x0 c:/progra~2/gnuarm~1/102021~1.10/bin/../lib/gcc/arm-none-eabi/10.3.1/thumb/v6-m/nofp/crtbegin.o

.rel.dyn        0x000019ac        0x0
 .rel.iplt      0x000019ac        0x0 c:/progra~2/gnuarm~1/102021~1.10/bin/../lib/gcc/arm-none-eabi/10.3.1/thumb/v6-m/nofp/crtbegin.o

.ARM.extab
 *(.ARM.extab* .gnu.linkonce.armextab.*)
                0x000019ac                __exidx_start = .

.ARM.exidx
 *(.ARM.exidx* .gnu.linkonce.armexidx.*)
                0x000019ac                __exidx_end = .
                0x000019ac                __etext = .

.data           0x20000000       0x6c load address 0x000019ac
                0x20000000                __data_start__ = .
 *(vtable)
 *(.data*)
 .data._impure_ptr
                0x20000000        0x4 c:/progra~2/gnuarm~1/102021~1.10/bin/../lib/gcc/arm-none-eabi/10.3.1/../../../../arm-none-eabi/lib/thumb/v6-m/nofp\libc_nano.a(lib_a-impure.o)
                0x20000000                _impure_ptr
 .data.impure_data
                0x20000004       0x60 c:/progra~2/gnuarm~1/102021~1.10/bin/../lib/gcc/arm-none-eabi/10.3.1/../../../../arm-none-eabi/lib/thumb/v6-m/nofp\libc_nano.a(lib_a-impure.o)
                0x20000064                . = ALIGN (0x4)
                0x20000064                PROVIDE (__preinit_array_start = .)
 *(.preinit_array)
                0x20000064                PROVIDE (__preinit_array_end = .)
                0x20000064                . = ALIGN (0x4)
                0x20000064                PROVIDE (__init_array_start = .)
 *(SORT_BY_NAME(.init_array.*))
 *(.init_array)
 .init_array    0x20000064        0x4 c:/progra~2/gnuarm~1/102021~1.10/bin/../lib/gcc/arm-none-eabi/10.3.1/thumb/v6-m/nofp/crtbegin.o
                0x20000068                PROVIDE (__init_array_end = .)
                0x20000068                . = ALIGN (0x4)
                [!provide]                PROVIDE (__fini_array_start = .)
 *(SORT_BY_NAME(.fini_array.*))
 *(.fini_array)
 .fini_array    0x20000068        0x4 c:/progra~2/gnuarm~1/102021~1.10/bin/../lib/gcc/arm-none-eabi/10.3.1/thumb/v6-m/nofp/crtbegin.o
                [!provide]                PROVIDE (__fini_array_end = .)
 *(.jcr*)
                0x2000006c                . = ALIGN (0x4)
                0x2000006c                __data_end__ = .

.igot.plt       0x2000006c        0x0 load address 0x00001a18
 .igot.plt      0x2000006c        0x0 c:/progra~2/gnuarm~1/102021~1.10/bin/../lib/gcc/arm-none-eabi/10.3.1/thumb/v6-m/nofp/crtbegin.o

.bss            0x2000006c       0x38 load address 0x00001a18
                0x2000006c                . = ALIGN (0x4)
                0x2000006c                __bss_start__ = .
 *(.bss*)
 .bss           0x2000006c       0x1c c:/progra~2/gnuarm~1/102021~1.10/bin/../lib/gcc/arm-none-eabi/10.3.1/thumb/v6-m/nofp/crtbegin.o
 .bss.SystemCoreClock
                0x20000088        0x4 CMakeFiles\GPIO_IOToggle.dir\__\__\__\__\Libraries\CMSIS\Device\WIZnet\W7500\Source\system_w7500x.c.obj
 .bss.SystemSourceClock
                0x2000008c        0x4 CMakeFiles\GPIO_IOToggle.dir\__\__\__\__\Libraries\CMSIS\Device\WIZnet\W7500\Source\system_w7500x.c.obj
 .bss.__lock___malloc_recursive_mutex
                0x20000090        0x1 c:/progra~2/gnuarm~1/102021~1.10/bin/../lib/gcc/arm-none-eabi/10.3.1/../../../../arm-none-eabi/lib/thumb/v6-m/nofp\libg_nano.a(lib_a-lock.o)
                0x20000090                __lock___malloc_recursive_mutex
 .bss.__lock___sfp_recursive_mutex
                0x20000091        0x1 c:/progra~2/gnuarm~1/102021~1.10/bin/../lib/gcc/arm-none-eabi/10.3.1/../../../../arm-none-eabi/lib/thumb/v6-m/nofp\libg_nano.a(lib_a-lock.o)
                0x20000091                __lock___sfp_recursive_mutex
 .bss.__lock___sinit_recursive_mutex
                0x20000092        0x1 c:/progra~2/gnuarm~1/102021~1.10/bin/../lib/gcc/arm-none-eabi/10.3.1/../../../../arm-none-eabi/lib/thumb/v6-m/nofp\libg_nano.a(lib_a-lock.o)
                0x20000092                __lock___sinit_recursive_mutex
 *fill*         0x20000093        0x1 
 .bss.__malloc_free_list
                0x20000094        0x4 c:/progra~2/gnuarm~1/102021~1.10/bin/../lib/gcc/arm-none-eabi/10.3.1/../../../../arm-none-eabi/lib/thumb/v6-m/nofp\libg_nano.a(lib_a-nano-mallocr.o)
                0x20000094                __malloc_free_list
 .bss.__malloc_sbrk_start
                0x20000098        0x4 c:/progra~2/gnuarm~1/102021~1.10/bin/../lib/gcc/arm-none-eabi/10.3.1/../../../../arm-none-eabi/lib/thumb/v6-m/nofp\libg_nano.a(lib_a-nano-mallocr.o)
                0x20000098                __malloc_sbrk_start
 .bss.errno     0x2000009c        0x4 c:/progra~2/gnuarm~1/102021~1.10/bin/../lib/gcc/arm-none-eabi/10.3.1/../../../../arm-none-eabi/lib/thumb/v6-m/nofp\libg_nano.a(lib_a-reent.o)
                0x2000009c                errno
 .bss.heap_end.0
                0x200000a0        0x4 c:/progra~2/gnuarm~1/102021~1.10/bin/../lib/gcc/arm-none-eabi/10.3.1/../../../../arm-none-eabi/lib/thumb/v6-m/nofp\libnosys.a(sbrk.o)
 *(COMMON)
                0x200000a4                . = ALIGN (0x4)
                0x200000a4                __bss_end__ = .

.heap           0x200000a8        0x0
                0x200000a8                __end__ = .
                0x200000a8                end = __end__
 *(.heap*)
 .heap          0x200000a8        0x0 CMakeFiles\GPIO_IOToggle.dir\__\__\__\__\Libraries\CMSIS\Device\WIZnet\W7500\Source\GCC\startup_W7500.s.obj
                0x200000a8                __HeapLimit = .

.stack_dummy    0x200000a8      0x200
 *(.stack*)
 .stack         0x200000a8      0x200 CMakeFiles\GPIO_IOToggle.dir\__\__\__\__\Libraries\CMSIS\Device\WIZnet\W7500\Source\GCC\startup_W7500.s.obj
                0x20003fc0                __StackTop = (ORIGIN (RAM) + LENGTH (RAM))
                0x20003dc0                __StackLimit = (__StackTop - SIZEOF (.stack_dummy))
                0x20003fc0                PROVIDE (__stack = __StackTop)
                0x00000001                ASSERT ((__StackLimit >= __HeapLimit), region RAM overflowed with stack)
OUTPUT(GPIO_IOToggle elf32-littlearm)
LOAD linker stubs

.ARM.attributes
                0x00000000       0x28
 .ARM.attributes
                0x00000000       0x1e c:/progra~2/gnuarm~1/102021~1.10/bin/../lib/gcc/arm-none-eabi/10.3.1/thumb/v6-m/nofp/crti.o
 .ARM.attributes
                0x0000001e       0x2c c:/progra~2/gnuarm~1/102021~1.10/bin/../lib/gcc/arm-none-eabi/10.3.1/thumb/v6-m/nofp/crtbegin.o
 .ARM.attributes
                0x0000004a       0x2c c:/progra~2/gnuarm~1/102021~1.10/bin/../lib/gcc/arm-none-eabi/10.3.1/../../../../arm-none-eabi/lib/thumb/v6-m/nofp\libc_nano.a(lib_a-impure.o)
 .ARM.attributes
                0x00000076       0x2c c:/progra~2/gnuarm~1/102021~1.10/bin/../lib/gcc/arm-none-eabi/10.3.1/../../../../arm-none-eabi/lib/thumb/v6-m/nofp\libc_nano.a(lib_a-memset.o)
 .ARM.attributes
                0x000000a2       0x2c CMakeFiles\GPIO_IOToggle.dir\main.c.obj
 .ARM.attributes
                0x000000ce       0x2c CMakeFiles\GPIO_IOToggle.dir\w7500x_it.c.obj
 .ARM.attributes
                0x000000fa       0x2c CMakeFiles\GPIO_IOToggle.dir\retarget.c.obj
 .ARM.attributes
                0x00000126       0x1b CMakeFiles\GPIO_IOToggle.dir\__\__\__\__\Libraries\CMSIS\Device\WIZnet\W7500\Source\GCC\startup_W7500.s.obj
 .ARM.attributes
                0x00000141       0x2c CMakeFiles\GPIO_IOToggle.dir\__\__\__\__\Libraries\CMSIS\Device\WIZnet\W7500\Source\system_w7500x.c.obj
 .ARM.attributes
                0x0000016d       0x2c CMakeFiles\GPIO_IOToggle.dir\__\__\__\__\Libraries\W7500x_StdPeriph_Driver\src\w7500x_gpio.c.obj
 .ARM.attributes
                0x00000199       0x2c CMakeFiles\GPIO_IOToggle.dir\__\__\__\__\Libraries\W7500x_StdPeriph_Driver\src\w7500x_uart.c.obj
 .ARM.attributes
                0x000001c5       0x2c CMakeFiles\GPIO_IOToggle.dir\__\__\__\__\Libraries\W7500x_StdPeriph_Driver\src\w7500x_crg.c.obj
 .ARM.attributes
                0x000001f1       0x1e c:/progra~2/gnuarm~1/102021~1.10/bin/../lib/gcc/arm-none-eabi/10.3.1/thumb/v6-m/nofp\libgcc.a(_udivsi3.o)
 .ARM.attributes
                0x0000020f       0x1e c:/progra~2/gnuarm~1/102021~1.10/bin/../lib/gcc/arm-none-eabi/10.3.1/thumb/v6-m/nofp\libgcc.a(_dvmd_tls.o)
 .ARM.attributes
                0x0000022d       0x2c c:/progra~2/gnuarm~1/102021~1.10/bin/../lib/gcc/arm-none-eabi/10.3.1/../../../../arm-none-eabi/lib/thumb/v6-m/nofp\libg_nano.a(lib_a-printf.o)
 .ARM.attributes
                0x00000259       0x2c c:/progra~2/gnuarm~1/102021~1.10/bin/../lib/gcc/arm-none-eabi/10.3.1/../../../../arm-none-eabi/lib/thumb/v6-m/nofp\libg_nano.a(lib_a-puts.o)
 .ARM.attributes
                0x00000285       0x2c c:/progra~2/gnuarm~1/102021~1.10/bin/../lib/gcc/arm-none-eabi/10.3.1/../../../../arm-none-eabi/lib/thumb/v6-m/nofp\libg_nano.a(lib_a-wbuf.o)
 .ARM.attributes
                0x000002b1       0x2c c:/progra~2/gnuarm~1/102021~1.10/bin/../lib/gcc/arm-none-eabi/10.3.1/../../../../arm-none-eabi/lib/thumb/v6-m/nofp\libg_nano.a(lib_a-wsetup.o)
 .ARM.attributes
                0x000002dd       0x2c c:/progra~2/gnuarm~1/102021~1.10/bin/../lib/gcc/arm-none-eabi/10.3.1/../../../../arm-none-eabi/lib/thumb/v6-m/nofp\libg_nano.a(lib_a-fflush.o)
 .ARM.attributes
                0x00000309       0x2c c:/progra~2/gnuarm~1/102021~1.10/bin/../lib/gcc/arm-none-eabi/10.3.1/../../../../arm-none-eabi/lib/thumb/v6-m/nofp\libg_nano.a(lib_a-findfp.o)
 .ARM.attributes
                0x00000335       0x2c c:/progra~2/gnuarm~1/102021~1.10/bin/../lib/gcc/arm-none-eabi/10.3.1/../../../../arm-none-eabi/lib/thumb/v6-m/nofp\libg_nano.a(lib_a-fwalk.o)
 .ARM.attributes
                0x00000361       0x2c c:/progra~2/gnuarm~1/102021~1.10/bin/../lib/gcc/arm-none-eabi/10.3.1/../../../../arm-none-eabi/lib/thumb/v6-m/nofp\libg_nano.a(lib_a-lock.o)
 .ARM.attributes
                0x0000038d       0x2c c:/progra~2/gnuarm~1/102021~1.10/bin/../lib/gcc/arm-none-eabi/10.3.1/../../../../arm-none-eabi/lib/thumb/v6-m/nofp\libg_nano.a(lib_a-makebuf.o)
 .ARM.attributes
                0x000003b9       0x2c c:/progra~2/gnuarm~1/102021~1.10/bin/../lib/gcc/arm-none-eabi/10.3.1/../../../../arm-none-eabi/lib/thumb/v6-m/nofp\libg_nano.a(lib_a-nano-freer.o)
 .ARM.attributes
                0x000003e5       0x2c c:/progra~2/gnuarm~1/102021~1.10/bin/../lib/gcc/arm-none-eabi/10.3.1/../../../../arm-none-eabi/lib/thumb/v6-m/nofp\libg_nano.a(lib_a-nano-mallocr.o)
 .ARM.attributes
                0x00000411       0x2c c:/progra~2/gnuarm~1/102021~1.10/bin/../lib/gcc/arm-none-eabi/10.3.1/../../../../arm-none-eabi/lib/thumb/v6-m/nofp\libg_nano.a(lib_a-nano-vfprintf.o)
 .ARM.attributes
                0x0000043d       0x2c c:/progra~2/gnuarm~1/102021~1.10/bin/../lib/gcc/arm-none-eabi/10.3.1/../../../../arm-none-eabi/lib/thumb/v6-m/nofp\libg_nano.a(lib_a-nano-vfprintf_i.o)
 .ARM.attributes
                0x00000469       0x2c c:/progra~2/gnuarm~1/102021~1.10/bin/../lib/gcc/arm-none-eabi/10.3.1/../../../../arm-none-eabi/lib/thumb/v6-m/nofp\libg_nano.a(lib_a-sbrkr.o)
 .ARM.attributes
                0x00000495       0x2c c:/progra~2/gnuarm~1/102021~1.10/bin/../lib/gcc/arm-none-eabi/10.3.1/../../../../arm-none-eabi/lib/thumb/v6-m/nofp\libg_nano.a(lib_a-stdio.o)
 .ARM.attributes
                0x000004c1       0x2c c:/progra~2/gnuarm~1/102021~1.10/bin/../lib/gcc/arm-none-eabi/10.3.1/../../../../arm-none-eabi/lib/thumb/v6-m/nofp\libg_nano.a(lib_a-writer.o)
 .ARM.attributes
                0x000004ed       0x2c c:/progra~2/gnuarm~1/102021~1.10/bin/../lib/gcc/arm-none-eabi/10.3.1/../../../../arm-none-eabi/lib/thumb/v6-m/nofp\libg_nano.a(lib_a-closer.o)
 .ARM.attributes
                0x00000519       0x2c c:/progra~2/gnuarm~1/102021~1.10/bin/../lib/gcc/arm-none-eabi/10.3.1/../../../../arm-none-eabi/lib/thumb/v6-m/nofp\libg_nano.a(lib_a-fstatr.o)
 .ARM.attributes
                0x00000545       0x2c c:/progra~2/gnuarm~1/102021~1.10/bin/../lib/gcc/arm-none-eabi/10.3.1/../../../../arm-none-eabi/lib/thumb/v6-m/nofp\libg_nano.a(lib_a-isattyr.o)
 .ARM.attributes
                0x00000571       0x2c c:/progra~2/gnuarm~1/102021~1.10/bin/../lib/gcc/arm-none-eabi/10.3.1/../../../../arm-none-eabi/lib/thumb/v6-m/nofp\libg_nano.a(lib_a-lseekr.o)
 .ARM.attributes
                0x0000059d       0x2c c:/progra~2/gnuarm~1/102021~1.10/bin/../lib/gcc/arm-none-eabi/10.3.1/../../../../arm-none-eabi/lib/thumb/v6-m/nofp\libg_nano.a(lib_a-memchr-stub.o)
 .ARM.attributes
                0x000005c9       0x2c c:/progra~2/gnuarm~1/102021~1.10/bin/../lib/gcc/arm-none-eabi/10.3.1/../../../../arm-none-eabi/lib/thumb/v6-m/nofp\libg_nano.a(lib_a-mlock.o)
 .ARM.attributes
                0x000005f5       0x2c c:/progra~2/gnuarm~1/102021~1.10/bin/../lib/gcc/arm-none-eabi/10.3.1/../../../../arm-none-eabi/lib/thumb/v6-m/nofp\libg_nano.a(lib_a-readr.o)
 .ARM.attributes
                0x00000621       0x2c c:/progra~2/gnuarm~1/102021~1.10/bin/../lib/gcc/arm-none-eabi/10.3.1/../../../../arm-none-eabi/lib/thumb/v6-m/nofp\libg_nano.a(lib_a-reent.o)
 .ARM.attributes
                0x0000064d       0x1e c:/progra~2/gnuarm~1/102021~1.10/bin/../lib/gcc/arm-none-eabi/10.3.1/thumb/v6-m/nofp\libgcc.a(_thumb1_case_shi.o)
 .ARM.attributes
                0x0000066b       0x2c c:/progra~2/gnuarm~1/102021~1.10/bin/../lib/gcc/arm-none-eabi/10.3.1/thumb/v6-m/nofp/crtend.o
 .ARM.attributes
                0x00000697       0x1e c:/progra~2/gnuarm~1/102021~1.10/bin/../lib/gcc/arm-none-eabi/10.3.1/thumb/v6-m/nofp/crtn.o
 .ARM.attributes
                0x000006b5       0x2c c:/progra~2/gnuarm~1/102021~1.10/bin/../lib/gcc/arm-none-eabi/10.3.1/../../../../arm-none-eabi/lib/thumb/v6-m/nofp\libnosys.a(close.o)
 .ARM.attributes
                0x000006e1       0x2c c:/progra~2/gnuarm~1/102021~1.10/bin/../lib/gcc/arm-none-eabi/10.3.1/../../../../arm-none-eabi/lib/thumb/v6-m/nofp\libnosys.a(fstat.o)
 .ARM.attributes
                0x0000070d       0x2c c:/progra~2/gnuarm~1/102021~1.10/bin/../lib/gcc/arm-none-eabi/10.3.1/../../../../arm-none-eabi/lib/thumb/v6-m/nofp\libnosys.a(isatty.o)
 .ARM.attributes
                0x00000739       0x2c c:/progra~2/gnuarm~1/102021~1.10/bin/../lib/gcc/arm-none-eabi/10.3.1/../../../../arm-none-eabi/lib/thumb/v6-m/nofp\libnosys.a(lseek.o)
 .ARM.attributes
                0x00000765       0x2c c:/progra~2/gnuarm~1/102021~1.10/bin/../lib/gcc/arm-none-eabi/10.3.1/../../../../arm-none-eabi/lib/thumb/v6-m/nofp\libnosys.a(read.o)
 .ARM.attributes
                0x00000791       0x2c c:/progra~2/gnuarm~1/102021~1.10/bin/../lib/gcc/arm-none-eabi/10.3.1/../../../../arm-none-eabi/lib/thumb/v6-m/nofp\libnosys.a(sbrk.o)

.comment        0x00000000       0x49
 .comment       0x00000000       0x49 CMakeFiles\GPIO_IOToggle.dir\main.c.obj
                                 0x4a (size before relaxing)
 .comment       0x00000049       0x4a CMakeFiles\GPIO_IOToggle.dir\w7500x_it.c.obj
 .comment       0x00000049       0x4a CMakeFiles\GPIO_IOToggle.dir\retarget.c.obj
 .comment       0x00000049       0x4a CMakeFiles\GPIO_IOToggle.dir\__\__\__\__\Libraries\CMSIS\Device\WIZnet\W7500\Source\system_w7500x.c.obj
 .comment       0x00000049       0x4a CMakeFiles\GPIO_IOToggle.dir\__\__\__\__\Libraries\W7500x_StdPeriph_Driver\src\w7500x_gpio.c.obj
 .comment       0x00000049       0x4a CMakeFiles\GPIO_IOToggle.dir\__\__\__\__\Libraries\W7500x_StdPeriph_Driver\src\w7500x_uart.c.obj
 .comment       0x00000049       0x4a CMakeFiles\GPIO_IOToggle.dir\__\__\__\__\Libraries\W7500x_StdPeriph_Driver\src\w7500x_crg.c.obj

.debug_frame    0x00000000     0x1170
 .debug_frame   0x00000000       0x20 c:/progra~2/gnuarm~1/102021~1.10/bin/../lib/gcc/arm-none-eabi/10.3.1/../../../../arm-none-eabi/lib/thumb/v6-m/nofp\libc_nano.a(lib_a-memset.o)
 .debug_frame   0x00000020       0x40 CMakeFiles\GPIO_IOToggle.dir\main.c.obj
 .debug_frame   0x00000060      0x1e0 CMakeFiles\GPIO_IOToggle.dir\w7500x_it.c.obj
 .debug_frame   0x00000240       0xbc CMakeFiles\GPIO_IOToggle.dir\retarget.c.obj
 .debug_frame   0x000002fc       0x58 CMakeFiles\GPIO_IOToggle.dir\__\__\__\__\Libraries\CMSIS\Device\WIZnet\W7500\Source\system_w7500x.c.obj
 .debug_frame   0x00000354      0x1a0 CMakeFiles\GPIO_IOToggle.dir\__\__\__\__\Libraries\W7500x_StdPeriph_Driver\src\w7500x_gpio.c.obj
 .debug_frame   0x000004f4      0x1d0 CMakeFiles\GPIO_IOToggle.dir\__\__\__\__\Libraries\W7500x_StdPeriph_Driver\src\w7500x_uart.c.obj
 .debug_frame   0x000006c4      0x1b8 CMakeFiles\GPIO_IOToggle.dir\__\__\__\__\Libraries\W7500x_StdPeriph_Driver\src\w7500x_crg.c.obj
 .debug_frame   0x0000087c       0x20 c:/progra~2/gnuarm~1/102021~1.10/bin/../lib/gcc/arm-none-eabi/10.3.1/thumb/v6-m/nofp\libgcc.a(_udivsi3.o)
 .debug_frame   0x0000089c       0x50 c:/progra~2/gnuarm~1/102021~1.10/bin/../lib/gcc/arm-none-eabi/10.3.1/../../../../arm-none-eabi/lib/thumb/v6-m/nofp\libg_nano.a(lib_a-printf.o)
 .debug_frame   0x000008ec       0x44 c:/progra~2/gnuarm~1/102021~1.10/bin/../lib/gcc/arm-none-eabi/10.3.1/../../../../arm-none-eabi/lib/thumb/v6-m/nofp\libg_nano.a(lib_a-puts.o)
 .debug_frame   0x00000930       0x48 c:/progra~2/gnuarm~1/102021~1.10/bin/../lib/gcc/arm-none-eabi/10.3.1/../../../../arm-none-eabi/lib/thumb/v6-m/nofp\libg_nano.a(lib_a-wbuf.o)
 .debug_frame   0x00000978       0x2c c:/progra~2/gnuarm~1/102021~1.10/bin/../lib/gcc/arm-none-eabi/10.3.1/../../../../arm-none-eabi/lib/thumb/v6-m/nofp\libg_nano.a(lib_a-wsetup.o)
 .debug_frame   0x000009a4       0x68 c:/progra~2/gnuarm~1/102021~1.10/bin/../lib/gcc/arm-none-eabi/10.3.1/../../../../arm-none-eabi/lib/thumb/v6-m/nofp\libg_nano.a(lib_a-fflush.o)
 .debug_frame   0x00000a0c      0x170 c:/progra~2/gnuarm~1/102021~1.10/bin/../lib/gcc/arm-none-eabi/10.3.1/../../../../arm-none-eabi/lib/thumb/v6-m/nofp\libg_nano.a(lib_a-findfp.o)
 .debug_frame   0x00000b7c       0x58 c:/progra~2/gnuarm~1/102021~1.10/bin/../lib/gcc/arm-none-eabi/10.3.1/../../../../arm-none-eabi/lib/thumb/v6-m/nofp\libg_nano.a(lib_a-fwalk.o)
 .debug_frame   0x00000bd4       0xb0 c:/progra~2/gnuarm~1/102021~1.10/bin/../lib/gcc/arm-none-eabi/10.3.1/../../../../arm-none-eabi/lib/thumb/v6-m/nofp\libg_nano.a(lib_a-lock.o)
 .debug_frame   0x00000c84       0x54 c:/progra~2/gnuarm~1/102021~1.10/bin/../lib/gcc/arm-none-eabi/10.3.1/../../../../arm-none-eabi/lib/thumb/v6-m/nofp\libg_nano.a(lib_a-makebuf.o)
 .debug_frame   0x00000cd8       0x2c c:/progra~2/gnuarm~1/102021~1.10/bin/../lib/gcc/arm-none-eabi/10.3.1/../../../../arm-none-eabi/lib/thumb/v6-m/nofp\libg_nano.a(lib_a-nano-freer.o)
 .debug_frame   0x00000d04       0x50 c:/progra~2/gnuarm~1/102021~1.10/bin/../lib/gcc/arm-none-eabi/10.3.1/../../../../arm-none-eabi/lib/thumb/v6-m/nofp\libg_nano.a(lib_a-nano-mallocr.o)
 .debug_frame   0x00000d54       0x9c c:/progra~2/gnuarm~1/102021~1.10/bin/../lib/gcc/arm-none-eabi/10.3.1/../../../../arm-none-eabi/lib/thumb/v6-m/nofp\libg_nano.a(lib_a-nano-vfprintf.o)
 .debug_frame   0x00000df0       0x54 c:/progra~2/gnuarm~1/102021~1.10/bin/../lib/gcc/arm-none-eabi/10.3.1/../../../../arm-none-eabi/lib/thumb/v6-m/nofp\libg_nano.a(lib_a-nano-vfprintf_i.o)
 .debug_frame   0x00000e44       0x2c c:/progra~2/gnuarm~1/102021~1.10/bin/../lib/gcc/arm-none-eabi/10.3.1/../../../../arm-none-eabi/lib/thumb/v6-m/nofp\libg_nano.a(lib_a-sbrkr.o)
 .debug_frame   0x00000e70       0x90 c:/progra~2/gnuarm~1/102021~1.10/bin/../lib/gcc/arm-none-eabi/10.3.1/../../../../arm-none-eabi/lib/thumb/v6-m/nofp\libg_nano.a(lib_a-stdio.o)
 .debug_frame   0x00000f00       0x2c c:/progra~2/gnuarm~1/102021~1.10/bin/../lib/gcc/arm-none-eabi/10.3.1/../../../../arm-none-eabi/lib/thumb/v6-m/nofp\libg_nano.a(lib_a-writer.o)
 .debug_frame   0x00000f2c       0x2c c:/progra~2/gnuarm~1/102021~1.10/bin/../lib/gcc/arm-none-eabi/10.3.1/../../../../arm-none-eabi/lib/thumb/v6-m/nofp\libg_nano.a(lib_a-closer.o)
 .debug_frame   0x00000f58       0x2c c:/progra~2/gnuarm~1/102021~1.10/bin/../lib/gcc/arm-none-eabi/10.3.1/../../../../arm-none-eabi/lib/thumb/v6-m/nofp\libg_nano.a(lib_a-fstatr.o)
 .debug_frame   0x00000f84       0x2c c:/progra~2/gnuarm~1/102021~1.10/bin/../lib/gcc/arm-none-eabi/10.3.1/../../../../arm-none-eabi/lib/thumb/v6-m/nofp\libg_nano.a(lib_a-isattyr.o)
 .debug_frame   0x00000fb0       0x2c c:/progra~2/gnuarm~1/102021~1.10/bin/../lib/gcc/arm-none-eabi/10.3.1/../../../../arm-none-eabi/lib/thumb/v6-m/nofp\libg_nano.a(lib_a-lseekr.o)
 .debug_frame   0x00000fdc       0x20 c:/progra~2/gnuarm~1/102021~1.10/bin/../lib/gcc/arm-none-eabi/10.3.1/../../../../arm-none-eabi/lib/thumb/v6-m/nofp\libg_nano.a(lib_a-memchr-stub.o)
 .debug_frame   0x00000ffc       0x40 c:/progra~2/gnuarm~1/102021~1.10/bin/../lib/gcc/arm-none-eabi/10.3.1/../../../../arm-none-eabi/lib/thumb/v6-m/nofp\libg_nano.a(lib_a-mlock.o)
 .debug_frame   0x0000103c       0x2c c:/progra~2/gnuarm~1/102021~1.10/bin/../lib/gcc/arm-none-eabi/10.3.1/../../../../arm-none-eabi/lib/thumb/v6-m/nofp\libg_nano.a(lib_a-readr.o)
 .debug_frame   0x00001068       0x48 c:/progra~2/gnuarm~1/102021~1.10/bin/../lib/gcc/arm-none-eabi/10.3.1/../../../../arm-none-eabi/lib/thumb/v6-m/nofp\libg_nano.a(lib_a-reent.o)
 .debug_frame   0x000010b0       0x20 c:/progra~2/gnuarm~1/102021~1.10/bin/../lib/gcc/arm-none-eabi/10.3.1/../../../../arm-none-eabi/lib/thumb/v6-m/nofp\libnosys.a(close.o)
 .debug_frame   0x000010d0       0x20 c:/progra~2/gnuarm~1/102021~1.10/bin/../lib/gcc/arm-none-eabi/10.3.1/../../../../arm-none-eabi/lib/thumb/v6-m/nofp\libnosys.a(fstat.o)
 .debug_frame   0x000010f0       0x20 c:/progra~2/gnuarm~1/102021~1.10/bin/../lib/gcc/arm-none-eabi/10.3.1/../../../../arm-none-eabi/lib/thumb/v6-m/nofp\libnosys.a(isatty.o)
 .debug_frame   0x00001110       0x20 c:/progra~2/gnuarm~1/102021~1.10/bin/../lib/gcc/arm-none-eabi/10.3.1/../../../../arm-none-eabi/lib/thumb/v6-m/nofp\libnosys.a(lseek.o)
 .debug_frame   0x00001130       0x20 c:/progra~2/gnuarm~1/102021~1.10/bin/../lib/gcc/arm-none-eabi/10.3.1/../../../../arm-none-eabi/lib/thumb/v6-m/nofp\libnosys.a(read.o)
 .debug_frame   0x00001150       0x20 c:/progra~2/gnuarm~1/102021~1.10/bin/../lib/gcc/arm-none-eabi/10.3.1/../../../../arm-none-eabi/lib/thumb/v6-m/nofp\libnosys.a(sbrk.o)

.debug_info     0x00000000     0x3889
 .debug_info    0x00000000      0x6f9 CMakeFiles\GPIO_IOToggle.dir\main.c.obj
 .debug_info    0x000006f9      0x17c CMakeFiles\GPIO_IOToggle.dir\w7500x_it.c.obj
 .debug_info    0x00000875      0x50d CMakeFiles\GPIO_IOToggle.dir\retarget.c.obj
 .debug_info    0x00000d82       0x26 CMakeFiles\GPIO_IOToggle.dir\__\__\__\__\Libraries\CMSIS\Device\WIZnet\W7500\Source\GCC\startup_W7500.s.obj
 .debug_info    0x00000da8      0x5ea CMakeFiles\GPIO_IOToggle.dir\__\__\__\__\Libraries\CMSIS\Device\WIZnet\W7500\Source\system_w7500x.c.obj
 .debug_info    0x00001392      0xb70 CMakeFiles\GPIO_IOToggle.dir\__\__\__\__\Libraries\W7500x_StdPeriph_Driver\src\w7500x_gpio.c.obj
 .debug_info    0x00001f02      0xfe4 CMakeFiles\GPIO_IOToggle.dir\__\__\__\__\Libraries\W7500x_StdPeriph_Driver\src\w7500x_uart.c.obj
 .debug_info    0x00002ee6      0x9a3 CMakeFiles\GPIO_IOToggle.dir\__\__\__\__\Libraries\W7500x_StdPeriph_Driver\src\w7500x_crg.c.obj

.debug_abbrev   0x00000000      0xdff
 .debug_abbrev  0x00000000      0x208 CMakeFiles\GPIO_IOToggle.dir\main.c.obj
 .debug_abbrev  0x00000208       0x72 CMakeFiles\GPIO_IOToggle.dir\w7500x_it.c.obj
 .debug_abbrev  0x0000027a      0x1d5 CMakeFiles\GPIO_IOToggle.dir\retarget.c.obj
 .debug_abbrev  0x0000044f       0x14 CMakeFiles\GPIO_IOToggle.dir\__\__\__\__\Libraries\CMSIS\Device\WIZnet\W7500\Source\GCC\startup_W7500.s.obj
 .debug_abbrev  0x00000463      0x1e6 CMakeFiles\GPIO_IOToggle.dir\__\__\__\__\Libraries\CMSIS\Device\WIZnet\W7500\Source\system_w7500x.c.obj
 .debug_abbrev  0x00000649      0x2d0 CMakeFiles\GPIO_IOToggle.dir\__\__\__\__\Libraries\W7500x_StdPeriph_Driver\src\w7500x_gpio.c.obj
 .debug_abbrev  0x00000919      0x336 CMakeFiles\GPIO_IOToggle.dir\__\__\__\__\Libraries\W7500x_StdPeriph_Driver\src\w7500x_uart.c.obj
 .debug_abbrev  0x00000c4f      0x1b0 CMakeFiles\GPIO_IOToggle.dir\__\__\__\__\Libraries\W7500x_StdPeriph_Driver\src\w7500x_crg.c.obj

.debug_loc      0x00000000     0x15cb
 .debug_loc     0x00000000       0x30 CMakeFiles\GPIO_IOToggle.dir\main.c.obj
 .debug_loc     0x00000030      0x2af CMakeFiles\GPIO_IOToggle.dir\retarget.c.obj
 .debug_loc     0x000002df      0xc59 CMakeFiles\GPIO_IOToggle.dir\__\__\__\__\Libraries\W7500x_StdPeriph_Driver\src\w7500x_gpio.c.obj
 .debug_loc     0x00000f38      0x507 CMakeFiles\GPIO_IOToggle.dir\__\__\__\__\Libraries\W7500x_StdPeriph_Driver\src\w7500x_uart.c.obj
 .debug_loc     0x0000143f      0x18c CMakeFiles\GPIO_IOToggle.dir\__\__\__\__\Libraries\W7500x_StdPeriph_Driver\src\w7500x_crg.c.obj

.debug_aranges  0x00000000      0x380
 .debug_aranges
                0x00000000       0x28 CMakeFiles\GPIO_IOToggle.dir\main.c.obj
 .debug_aranges
                0x00000028       0x20 CMakeFiles\GPIO_IOToggle.dir\w7500x_it.c.obj
 .debug_aranges
                0x00000048       0x50 CMakeFiles\GPIO_IOToggle.dir\retarget.c.obj
 .debug_aranges
                0x00000098       0x20 CMakeFiles\GPIO_IOToggle.dir\__\__\__\__\Libraries\CMSIS\Device\WIZnet\W7500\Source\GCC\startup_W7500.s.obj
 .debug_aranges
                0x000000b8       0x38 CMakeFiles\GPIO_IOToggle.dir\__\__\__\__\Libraries\CMSIS\Device\WIZnet\W7500\Source\system_w7500x.c.obj
 .debug_aranges
                0x000000f0       0xc0 CMakeFiles\GPIO_IOToggle.dir\__\__\__\__\Libraries\W7500x_StdPeriph_Driver\src\w7500x_gpio.c.obj
 .debug_aranges
                0x000001b0       0xe8 CMakeFiles\GPIO_IOToggle.dir\__\__\__\__\Libraries\W7500x_StdPeriph_Driver\src\w7500x_uart.c.obj
 .debug_aranges
                0x00000298       0xe8 CMakeFiles\GPIO_IOToggle.dir\__\__\__\__\Libraries\W7500x_StdPeriph_Driver\src\w7500x_crg.c.obj

.debug_ranges   0x00000000      0x4a0
 .debug_ranges  0x00000000       0x18 CMakeFiles\GPIO_IOToggle.dir\main.c.obj
 .debug_ranges  0x00000018       0x10 CMakeFiles\GPIO_IOToggle.dir\w7500x_it.c.obj
 .debug_ranges  0x00000028       0x70 CMakeFiles\GPIO_IOToggle.dir\retarget.c.obj
 .debug_ranges  0x00000098       0x40 CMakeFiles\GPIO_IOToggle.dir\__\__\__\__\Libraries\CMSIS\Device\WIZnet\W7500\Source\system_w7500x.c.obj
 .debug_ranges  0x000000d8      0x1e0 CMakeFiles\GPIO_IOToggle.dir\__\__\__\__\Libraries\W7500x_StdPeriph_Driver\src\w7500x_gpio.c.obj
 .debug_ranges  0x000002b8      0x110 CMakeFiles\GPIO_IOToggle.dir\__\__\__\__\Libraries\W7500x_StdPeriph_Driver\src\w7500x_uart.c.obj
 .debug_ranges  0x000003c8       0xd8 CMakeFiles\GPIO_IOToggle.dir\__\__\__\__\Libraries\W7500x_StdPeriph_Driver\src\w7500x_crg.c.obj

.debug_macro    0x00000000     0x479a
 .debug_macro   0x00000000      0x247 CMakeFiles\GPIO_IOToggle.dir\main.c.obj
 .debug_macro   0x00000247      0xa3c CMakeFiles\GPIO_IOToggle.dir\main.c.obj
 .debug_macro   0x00000c83       0x22 CMakeFiles\GPIO_IOToggle.dir\main.c.obj
 .debug_macro   0x00000ca5       0x5e CMakeFiles\GPIO_IOToggle.dir\main.c.obj
 .debug_macro   0x00000d03       0x18 CMakeFiles\GPIO_IOToggle.dir\main.c.obj
 .debug_macro   0x00000d1b       0x94 CMakeFiles\GPIO_IOToggle.dir\main.c.obj
 .debug_macro   0x00000daf       0x35 CMakeFiles\GPIO_IOToggle.dir\main.c.obj
 .debug_macro   0x00000de4       0x34 CMakeFiles\GPIO_IOToggle.dir\main.c.obj
 .debug_macro   0x00000e18       0x16 CMakeFiles\GPIO_IOToggle.dir\main.c.obj
 .debug_macro   0x00000e2e       0x57 CMakeFiles\GPIO_IOToggle.dir\main.c.obj
 .debug_macro   0x00000e85       0x97 CMakeFiles\GPIO_IOToggle.dir\main.c.obj
 .debug_macro   0x00000f1c      0x341 CMakeFiles\GPIO_IOToggle.dir\main.c.obj
 .debug_macro   0x0000125d       0xfd CMakeFiles\GPIO_IOToggle.dir\main.c.obj
 .debug_macro   0x0000135a       0x10 CMakeFiles\GPIO_IOToggle.dir\main.c.obj
 .debug_macro   0x0000136a       0x16 CMakeFiles\GPIO_IOToggle.dir\main.c.obj
 .debug_macro   0x00001380       0x43 CMakeFiles\GPIO_IOToggle.dir\main.c.obj
 .debug_macro   0x000013c3       0x34 CMakeFiles\GPIO_IOToggle.dir\main.c.obj
 .debug_macro   0x000013f7       0x10 CMakeFiles\GPIO_IOToggle.dir\main.c.obj
 .debug_macro   0x00001407       0x58 CMakeFiles\GPIO_IOToggle.dir\main.c.obj
 .debug_macro   0x0000145f      0x182 CMakeFiles\GPIO_IOToggle.dir\main.c.obj
 .debug_macro   0x000015e1       0x10 CMakeFiles\GPIO_IOToggle.dir\main.c.obj
 .debug_macro   0x000015f1       0x6a CMakeFiles\GPIO_IOToggle.dir\main.c.obj
 .debug_macro   0x0000165b       0x1c CMakeFiles\GPIO_IOToggle.dir\main.c.obj
 .debug_macro   0x00001677       0x52 CMakeFiles\GPIO_IOToggle.dir\main.c.obj
 .debug_macro   0x000016c9       0x22 CMakeFiles\GPIO_IOToggle.dir\main.c.obj
 .debug_macro   0x000016eb       0x10 CMakeFiles\GPIO_IOToggle.dir\main.c.obj
 .debug_macro   0x000016fb       0x52 CMakeFiles\GPIO_IOToggle.dir\main.c.obj
 .debug_macro   0x0000174d       0xd5 CMakeFiles\GPIO_IOToggle.dir\main.c.obj
 .debug_macro   0x00001822       0x1c CMakeFiles\GPIO_IOToggle.dir\main.c.obj
 .debug_macro   0x0000183e       0x3d CMakeFiles\GPIO_IOToggle.dir\main.c.obj
 .debug_macro   0x0000187b       0x16 CMakeFiles\GPIO_IOToggle.dir\main.c.obj
 .debug_macro   0x00001891      0x16f CMakeFiles\GPIO_IOToggle.dir\main.c.obj
 .debug_macro   0x00001a00       0x56 CMakeFiles\GPIO_IOToggle.dir\main.c.obj
 .debug_macro   0x00001a56       0x3a CMakeFiles\GPIO_IOToggle.dir\main.c.obj
 .debug_macro   0x00001a90      0x103 CMakeFiles\GPIO_IOToggle.dir\main.c.obj
 .debug_macro   0x00001b93      0x1df CMakeFiles\GPIO_IOToggle.dir\main.c.obj
 .debug_macro   0x00001d72       0x1f CMakeFiles\GPIO_IOToggle.dir\main.c.obj
 .debug_macro   0x00001d91      0x242 CMakeFiles\GPIO_IOToggle.dir\main.c.obj
 .debug_macro   0x00001fd3     0x1486 CMakeFiles\GPIO_IOToggle.dir\main.c.obj
 .debug_macro   0x00003459      0x175 CMakeFiles\GPIO_IOToggle.dir\main.c.obj
 .debug_macro   0x000035ce      0x23f CMakeFiles\GPIO_IOToggle.dir\main.c.obj
 .debug_macro   0x0000380d      0x229 CMakeFiles\GPIO_IOToggle.dir\w7500x_it.c.obj
 .debug_macro   0x00003a36      0x27c CMakeFiles\GPIO_IOToggle.dir\retarget.c.obj
 .debug_macro   0x00003cb2      0x239 CMakeFiles\GPIO_IOToggle.dir\retarget.c.obj
 .debug_macro   0x00003eeb       0x10 CMakeFiles\GPIO_IOToggle.dir\retarget.c.obj
 .debug_macro   0x00003efb       0x16 CMakeFiles\GPIO_IOToggle.dir\retarget.c.obj
 .debug_macro   0x00003f11       0x35 CMakeFiles\GPIO_IOToggle.dir\retarget.c.obj
 .debug_macro   0x00003f46       0x10 CMakeFiles\GPIO_IOToggle.dir\retarget.c.obj
 .debug_macro   0x00003f56       0x10 CMakeFiles\GPIO_IOToggle.dir\retarget.c.obj
 .debug_macro   0x00003f66       0x35 CMakeFiles\GPIO_IOToggle.dir\retarget.c.obj
 .debug_macro   0x00003f9b      0x12c CMakeFiles\GPIO_IOToggle.dir\retarget.c.obj
 .debug_macro   0x000040c7       0xd9 CMakeFiles\GPIO_IOToggle.dir\__\__\__\__\Libraries\CMSIS\Device\WIZnet\W7500\Source\system_w7500x.c.obj
 .debug_macro   0x000041a0       0x8e CMakeFiles\GPIO_IOToggle.dir\__\__\__\__\Libraries\CMSIS\Device\WIZnet\W7500\Source\system_w7500x.c.obj
 .debug_macro   0x0000422e       0x51 CMakeFiles\GPIO_IOToggle.dir\__\__\__\__\Libraries\CMSIS\Device\WIZnet\W7500\Source\system_w7500x.c.obj
 .debug_macro   0x0000427f      0x145 CMakeFiles\GPIO_IOToggle.dir\__\__\__\__\Libraries\CMSIS\Device\WIZnet\W7500\Source\system_w7500x.c.obj
 .debug_macro   0x000043c4       0xda CMakeFiles\GPIO_IOToggle.dir\__\__\__\__\Libraries\W7500x_StdPeriph_Driver\src\w7500x_gpio.c.obj
 .debug_macro   0x0000449e       0xde CMakeFiles\GPIO_IOToggle.dir\__\__\__\__\Libraries\W7500x_StdPeriph_Driver\src\w7500x_uart.c.obj
 .debug_macro   0x0000457c       0xdf CMakeFiles\GPIO_IOToggle.dir\__\__\__\__\Libraries\W7500x_StdPeriph_Driver\src\w7500x_crg.c.obj
 .debug_macro   0x0000465b      0x13f CMakeFiles\GPIO_IOToggle.dir\__\__\__\__\Libraries\W7500x_StdPeriph_Driver\src\w7500x_crg.c.obj

.debug_line     0x00000000     0x3899
 .debug_line    0x00000000      0x5a3 CMakeFiles\GPIO_IOToggle.dir\main.c.obj
 .debug_line    0x000005a3      0x45a CMakeFiles\GPIO_IOToggle.dir\w7500x_it.c.obj
 .debug_line    0x000009fd      0x6ad CMakeFiles\GPIO_IOToggle.dir\retarget.c.obj
 .debug_line    0x000010aa       0xc9 CMakeFiles\GPIO_IOToggle.dir\__\__\__\__\Libraries\CMSIS\Device\WIZnet\W7500\Source\GCC\startup_W7500.s.obj
 .debug_line    0x00001173      0x450 CMakeFiles\GPIO_IOToggle.dir\__\__\__\__\Libraries\CMSIS\Device\WIZnet\W7500\Source\system_w7500x.c.obj
 .debug_line    0x000015c3      0xd6c CMakeFiles\GPIO_IOToggle.dir\__\__\__\__\Libraries\W7500x_StdPeriph_Driver\src\w7500x_gpio.c.obj
 .debug_line    0x0000232f      0x9cb CMakeFiles\GPIO_IOToggle.dir\__\__\__\__\Libraries\W7500x_StdPeriph_Driver\src\w7500x_uart.c.obj
 .debug_line    0x00002cfa      0xb9f CMakeFiles\GPIO_IOToggle.dir\__\__\__\__\Libraries\W7500x_StdPeriph_Driver\src\w7500x_crg.c.obj

.debug_str      0x00000000    0x12551
 .debug_str     0x00000000    0x100a5 CMakeFiles\GPIO_IOToggle.dir\main.c.obj
                              0x10297 (size before relaxing)
 .debug_str     0x000100a5      0x1fc CMakeFiles\GPIO_IOToggle.dir\w7500x_it.c.obj
                              0x100c1 (size before relaxing)
 .debug_str     0x000102a1      0x695 CMakeFiles\GPIO_IOToggle.dir\retarget.c.obj
                              0x105e5 (size before relaxing)
 .debug_str     0x00010936       0x66 CMakeFiles\GPIO_IOToggle.dir\__\__\__\__\Libraries\CMSIS\Device\WIZnet\W7500\Source\GCC\startup_W7500.s.obj
                                 0xbb (size before relaxing)
 .debug_str     0x0001099c     0x119a CMakeFiles\GPIO_IOToggle.dir\__\__\__\__\Libraries\CMSIS\Device\WIZnet\W7500\Source\system_w7500x.c.obj
                               0xd58d (size before relaxing)
 .debug_str     0x00011b36      0x2d1 CMakeFiles\GPIO_IOToggle.dir\__\__\__\__\Libraries\W7500x_StdPeriph_Driver\src\w7500x_gpio.c.obj
                               0xc849 (size before relaxing)
 .debug_str     0x00011e07      0x3cc CMakeFiles\GPIO_IOToggle.dir\__\__\__\__\Libraries\W7500x_StdPeriph_Driver\src\w7500x_uart.c.obj
                               0xcc1c (size before relaxing)
 .debug_str     0x000121d3      0x37e CMakeFiles\GPIO_IOToggle.dir\__\__\__\__\Libraries\W7500x_StdPeriph_Driver\src\w7500x_crg.c.obj
                               0xd859 (size before relaxing)

.stab           0x00000000       0x84
 .stab          0x00000000       0x24 c:/progra~2/gnuarm~1/102021~1.10/bin/../lib/gcc/arm-none-eabi/10.3.1/../../../../arm-none-eabi/lib/thumb/v6-m/nofp\libnosys.a(close.o)
 .stab          0x00000024       0x18 c:/progra~2/gnuarm~1/102021~1.10/bin/../lib/gcc/arm-none-eabi/10.3.1/../../../../arm-none-eabi/lib/thumb/v6-m/nofp\libnosys.a(fstat.o)
                                 0x24 (size before relaxing)
 .stab          0x0000003c       0x18 c:/progra~2/gnuarm~1/102021~1.10/bin/../lib/gcc/arm-none-eabi/10.3.1/../../../../arm-none-eabi/lib/thumb/v6-m/nofp\libnosys.a(isatty.o)
                                 0x24 (size before relaxing)
 .stab          0x00000054       0x18 c:/progra~2/gnuarm~1/102021~1.10/bin/../lib/gcc/arm-none-eabi/10.3.1/../../../../arm-none-eabi/lib/thumb/v6-m/nofp\libnosys.a(lseek.o)
                                 0x24 (size before relaxing)
 .stab          0x0000006c       0x18 c:/progra~2/gnuarm~1/102021~1.10/bin/../lib/gcc/arm-none-eabi/10.3.1/../../../../arm-none-eabi/lib/thumb/v6-m/nofp\libnosys.a(read.o)
                                 0x24 (size before relaxing)

.stabstr        0x00000000      0x117
 .stabstr       0x00000000      0x117 c:/progra~2/gnuarm~1/102021~1.10/bin/../lib/gcc/arm-none-eabi/10.3.1/../../../../arm-none-eabi/lib/thumb/v6-m/nofp\libnosys.a(close.o)

Cross Reference Table

Symbol                                            File
ADC_ChannelConfig                                 CMakeFiles\GPIO_IOToggle.dir\__\__\__\__\Libraries\W7500x_StdPeriph_Driver\src\w7500x_adc.c.obj
ADC_ClearIT                                       CMakeFiles\GPIO_IOToggle.dir\__\__\__\__\Libraries\W7500x_StdPeriph_Driver\src\w7500x_adc.c.obj
ADC_Cmd                                           CMakeFiles\GPIO_IOToggle.dir\__\__\__\__\Libraries\W7500x_StdPeriph_Driver\src\w7500x_adc.c.obj
ADC_GetConversionValue                            CMakeFiles\GPIO_IOToggle.dir\__\__\__\__\Libraries\W7500x_StdPeriph_Driver\src\w7500x_adc.c.obj
ADC_GetITStatus                                   CMakeFiles\GPIO_IOToggle.dir\__\__\__\__\Libraries\W7500x_StdPeriph_Driver\src\w7500x_adc.c.obj
ADC_Handler                                       CMakeFiles\GPIO_IOToggle.dir\w7500x_it.c.obj
ADC_ITConfig                                      CMakeFiles\GPIO_IOToggle.dir\__\__\__\__\Libraries\W7500x_StdPeriph_Driver\src\w7500x_adc.c.obj
ADC_StartOfConversion                             CMakeFiles\GPIO_IOToggle.dir\__\__\__\__\Libraries\W7500x_StdPeriph_Driver\src\w7500x_adc.c.obj
BusFault_Handler                                  CMakeFiles\GPIO_IOToggle.dir\__\__\__\__\Libraries\CMSIS\Device\WIZnet\W7500\Source\GCC\startup_W7500.s.obj
CRG_ADCCLK_SetPrescale                            CMakeFiles\GPIO_IOToggle.dir\__\__\__\__\Libraries\W7500x_StdPeriph_Driver\src\w7500x_crg.c.obj
CRG_ADCCLK_SourceSelect                           CMakeFiles\GPIO_IOToggle.dir\__\__\__\__\Libraries\W7500x_StdPeriph_Driver\src\w7500x_crg.c.obj
CRG_DeInit                                        CMakeFiles\GPIO_IOToggle.dir\__\__\__\__\Libraries\W7500x_StdPeriph_Driver\src\w7500x_crg.c.obj
CRG_FCLK_SetPrescale                              CMakeFiles\GPIO_IOToggle.dir\__\__\__\__\Libraries\W7500x_StdPeriph_Driver\src\w7500x_crg.c.obj
CRG_FCLK_SourceSelect                             CMakeFiles\GPIO_IOToggle.dir\__\__\__\__\Libraries\W7500x_StdPeriph_Driver\src\w7500x_crg.c.obj
CRG_GetMonitoringClock                            CMakeFiles\GPIO_IOToggle.dir\__\__\__\__\Libraries\W7500x_StdPeriph_Driver\src\w7500x_crg.c.obj
CRG_MII_Enable                                    CMakeFiles\GPIO_IOToggle.dir\__\__\__\__\Libraries\W7500x_StdPeriph_Driver\src\w7500x_crg.c.obj
CRG_OSC_PowerDown                                 CMakeFiles\GPIO_IOToggle.dir\__\__\__\__\Libraries\W7500x_StdPeriph_Driver\src\w7500x_crg.c.obj
CRG_PLL_Bypass                                    CMakeFiles\GPIO_IOToggle.dir\__\__\__\__\Libraries\W7500x_StdPeriph_Driver\src\w7500x_crg.c.obj
                                                  CMakeFiles\GPIO_IOToggle.dir\__\__\__\__\Libraries\CMSIS\Device\WIZnet\W7500\Source\system_w7500x.c.obj
CRG_PLL_Output                                    CMakeFiles\GPIO_IOToggle.dir\__\__\__\__\Libraries\W7500x_StdPeriph_Driver\src\w7500x_crg.c.obj
CRG_PLL_PowerDown                                 CMakeFiles\GPIO_IOToggle.dir\__\__\__\__\Libraries\W7500x_StdPeriph_Driver\src\w7500x_crg.c.obj
CRG_PLL_SourceSelect                              CMakeFiles\GPIO_IOToggle.dir\__\__\__\__\Libraries\W7500x_StdPeriph_Driver\src\w7500x_crg.c.obj
                                                  CMakeFiles\GPIO_IOToggle.dir\__\__\__\__\Libraries\CMSIS\Device\WIZnet\W7500\Source\system_w7500x.c.obj
CRG_PWMCLK_SetPrescale                            CMakeFiles\GPIO_IOToggle.dir\__\__\__\__\Libraries\W7500x_StdPeriph_Driver\src\w7500x_crg.c.obj
CRG_PWMCLK_SourceSelect                           CMakeFiles\GPIO_IOToggle.dir\__\__\__\__\Libraries\W7500x_StdPeriph_Driver\src\w7500x_crg.c.obj
CRG_RTC_HS_SetPrescale                            CMakeFiles\GPIO_IOToggle.dir\__\__\__\__\Libraries\W7500x_StdPeriph_Driver\src\w7500x_crg.c.obj
CRG_RTC_HS_SourceSelect                           CMakeFiles\GPIO_IOToggle.dir\__\__\__\__\Libraries\W7500x_StdPeriph_Driver\src\w7500x_crg.c.obj
CRG_RTC_SourceSelect                              CMakeFiles\GPIO_IOToggle.dir\__\__\__\__\Libraries\W7500x_StdPeriph_Driver\src\w7500x_crg.c.obj
CRG_SSPCLK_SetPrescale                            CMakeFiles\GPIO_IOToggle.dir\__\__\__\__\Libraries\W7500x_StdPeriph_Driver\src\w7500x_crg.c.obj
CRG_SSPCLK_SourceSelect                           CMakeFiles\GPIO_IOToggle.dir\__\__\__\__\Libraries\W7500x_StdPeriph_Driver\src\w7500x_crg.c.obj
CRG_SetMonitoringClock                            CMakeFiles\GPIO_IOToggle.dir\__\__\__\__\Libraries\W7500x_StdPeriph_Driver\src\w7500x_crg.c.obj
CRG_TIMERCLK_SetPrescale                          CMakeFiles\GPIO_IOToggle.dir\__\__\__\__\Libraries\W7500x_StdPeriph_Driver\src\w7500x_crg.c.obj
CRG_TIMERCLK_SourceSelect                         CMakeFiles\GPIO_IOToggle.dir\__\__\__\__\Libraries\W7500x_StdPeriph_Driver\src\w7500x_crg.c.obj
CRG_UARTCLK_SetPrescale                           CMakeFiles\GPIO_IOToggle.dir\__\__\__\__\Libraries\W7500x_StdPeriph_Driver\src\w7500x_crg.c.obj
CRG_UARTCLK_SourceSelect                          CMakeFiles\GPIO_IOToggle.dir\__\__\__\__\Libraries\W7500x_StdPeriph_Driver\src\w7500x_crg.c.obj
CRG_WDOGCLK_HS_SetPrescale                        CMakeFiles\GPIO_IOToggle.dir\__\__\__\__\Libraries\W7500x_StdPeriph_Driver\src\w7500x_crg.c.obj
CRG_WDOGCLK_HS_SourceSelect                       CMakeFiles\GPIO_IOToggle.dir\__\__\__\__\Libraries\W7500x_StdPeriph_Driver\src\w7500x_crg.c.obj
DMA_Handler                                       CMakeFiles\GPIO_IOToggle.dir\w7500x_it.c.obj
DUALTIMER0_Handler                                CMakeFiles\GPIO_IOToggle.dir\w7500x_it.c.obj
DUALTIMER1_Handler                                CMakeFiles\GPIO_IOToggle.dir\w7500x_it.c.obj
DUALTIMER_ClearIT                                 CMakeFiles\GPIO_IOToggle.dir\__\__\__\__\Libraries\W7500x_StdPeriph_Driver\src\w7500x_dualtimer.c.obj
DUALTIMER_Cmd                                     CMakeFiles\GPIO_IOToggle.dir\__\__\__\__\Libraries\W7500x_StdPeriph_Driver\src\w7500x_dualtimer.c.obj
DUALTIMER_DeInit                                  CMakeFiles\GPIO_IOToggle.dir\__\__\__\__\Libraries\W7500x_StdPeriph_Driver\src\w7500x_dualtimer.c.obj
DUALTIMER_GetBGLoad                               CMakeFiles\GPIO_IOToggle.dir\__\__\__\__\Libraries\W7500x_StdPeriph_Driver\src\w7500x_dualtimer.c.obj
DUALTIMER_GetITStatus                             CMakeFiles\GPIO_IOToggle.dir\__\__\__\__\Libraries\W7500x_StdPeriph_Driver\src\w7500x_dualtimer.c.obj
DUALTIMER_GetLoad                                 CMakeFiles\GPIO_IOToggle.dir\__\__\__\__\Libraries\W7500x_StdPeriph_Driver\src\w7500x_dualtimer.c.obj
DUALTIMER_ITConfig                                CMakeFiles\GPIO_IOToggle.dir\__\__\__\__\Libraries\W7500x_StdPeriph_Driver\src\w7500x_dualtimer.c.obj
DUALTIMER_Init                                    CMakeFiles\GPIO_IOToggle.dir\__\__\__\__\Libraries\W7500x_StdPeriph_Driver\src\w7500x_dualtimer.c.obj
DUALTIMER_SetBGLoad                               CMakeFiles\GPIO_IOToggle.dir\__\__\__\__\Libraries\W7500x_StdPeriph_Driver\src\w7500x_dualtimer.c.obj
DUALTIMER_SetLoad                                 CMakeFiles\GPIO_IOToggle.dir\__\__\__\__\Libraries\W7500x_StdPeriph_Driver\src\w7500x_dualtimer.c.obj
DebugMon_Handler                                  CMakeFiles\GPIO_IOToggle.dir\__\__\__\__\Libraries\CMSIS\Device\WIZnet\W7500\Source\GCC\startup_W7500.s.obj
Delay                                             CMakeFiles\GPIO_IOToggle.dir\main.c.obj
EXTI_DeInit                                       CMakeFiles\GPIO_IOToggle.dir\__\__\__\__\Libraries\W7500x_StdPeriph_Driver\src\w7500x_exti.c.obj
EXTI_Handler                                      CMakeFiles\GPIO_IOToggle.dir\w7500x_it.c.obj
EXTI_Init                                         CMakeFiles\GPIO_IOToggle.dir\__\__\__\__\Libraries\W7500x_StdPeriph_Driver\src\w7500x_exti.c.obj
EXTI_StructInit                                   CMakeFiles\GPIO_IOToggle.dir\__\__\__\__\Libraries\W7500x_StdPeriph_Driver\src\w7500x_exti.c.obj
FLASH_IAP                                         CMakeFiles\GPIO_IOToggle.dir\__\__\__\__\Libraries\W7500x_StdPeriph_Driver\src\w7500x_flash.c.obj
GPIO_ClearITPendingPin                            CMakeFiles\GPIO_IOToggle.dir\__\__\__\__\Libraries\W7500x_StdPeriph_Driver\src\w7500x_gpio.c.obj
GPIO_DeInit                                       CMakeFiles\GPIO_IOToggle.dir\__\__\__\__\Libraries\W7500x_StdPeriph_Driver\src\w7500x_gpio.c.obj
GPIO_GetITStatus                                  CMakeFiles\GPIO_IOToggle.dir\__\__\__\__\Libraries\W7500x_StdPeriph_Driver\src\w7500x_gpio.c.obj
GPIO_ITConfig                                     CMakeFiles\GPIO_IOToggle.dir\__\__\__\__\Libraries\W7500x_StdPeriph_Driver\src\w7500x_gpio.c.obj
GPIO_ITStructInit                                 CMakeFiles\GPIO_IOToggle.dir\__\__\__\__\Libraries\W7500x_StdPeriph_Driver\src\w7500x_gpio.c.obj
GPIO_IT_Init                                      CMakeFiles\GPIO_IOToggle.dir\__\__\__\__\Libraries\W7500x_StdPeriph_Driver\src\w7500x_gpio.c.obj
GPIO_Init                                         CMakeFiles\GPIO_IOToggle.dir\__\__\__\__\Libraries\W7500x_StdPeriph_Driver\src\w7500x_gpio.c.obj
                                                  CMakeFiles\GPIO_IOToggle.dir\__\__\__\__\Libraries\W7500x_StdPeriph_Driver\src\w7500x_miim.c.obj
                                                  CMakeFiles\GPIO_IOToggle.dir\main.c.obj
GPIO_PinAFConfig                                  CMakeFiles\GPIO_IOToggle.dir\__\__\__\__\Libraries\W7500x_StdPeriph_Driver\src\w7500x_gpio.c.obj
GPIO_PinPadConfig                                 CMakeFiles\GPIO_IOToggle.dir\__\__\__\__\Libraries\W7500x_StdPeriph_Driver\src\w7500x_gpio.c.obj
GPIO_ReadInputData                                CMakeFiles\GPIO_IOToggle.dir\__\__\__\__\Libraries\W7500x_StdPeriph_Driver\src\w7500x_gpio.c.obj
GPIO_ReadInputDataBit                             CMakeFiles\GPIO_IOToggle.dir\__\__\__\__\Libraries\W7500x_StdPeriph_Driver\src\w7500x_gpio.c.obj
                                                  CMakeFiles\GPIO_IOToggle.dir\__\__\__\__\Libraries\W7500x_StdPeriph_Driver\src\w7500x_miim.c.obj
                                                  CMakeFiles\GPIO_IOToggle.dir\main.c.obj
GPIO_ReadOutputData                               CMakeFiles\GPIO_IOToggle.dir\__\__\__\__\Libraries\W7500x_StdPeriph_Driver\src\w7500x_gpio.c.obj
GPIO_ReadOutputDataBit                            CMakeFiles\GPIO_IOToggle.dir\__\__\__\__\Libraries\W7500x_StdPeriph_Driver\src\w7500x_gpio.c.obj
GPIO_Read_PinAF                                   CMakeFiles\GPIO_IOToggle.dir\__\__\__\__\Libraries\W7500x_StdPeriph_Driver\src\w7500x_gpio.c.obj
GPIO_Read_PinPad                                  CMakeFiles\GPIO_IOToggle.dir\__\__\__\__\Libraries\W7500x_StdPeriph_Driver\src\w7500x_gpio.c.obj
GPIO_ResetBits                                    CMakeFiles\GPIO_IOToggle.dir\__\__\__\__\Libraries\W7500x_StdPeriph_Driver\src\w7500x_gpio.c.obj
                                                  CMakeFiles\GPIO_IOToggle.dir\__\__\__\__\Libraries\W7500x_StdPeriph_Driver\src\w7500x_miim.c.obj
                                                  CMakeFiles\GPIO_IOToggle.dir\main.c.obj
GPIO_SetBits                                      CMakeFiles\GPIO_IOToggle.dir\__\__\__\__\Libraries\W7500x_StdPeriph_Driver\src\w7500x_gpio.c.obj
                                                  CMakeFiles\GPIO_IOToggle.dir\__\__\__\__\Libraries\W7500x_StdPeriph_Driver\src\w7500x_miim.c.obj
                                                  CMakeFiles\GPIO_IOToggle.dir\main.c.obj
GPIO_StructInit                                   CMakeFiles\GPIO_IOToggle.dir\__\__\__\__\Libraries\W7500x_StdPeriph_Driver\src\w7500x_gpio.c.obj
GPIO_ToggleBits                                   CMakeFiles\GPIO_IOToggle.dir\__\__\__\__\Libraries\W7500x_StdPeriph_Driver\src\w7500x_gpio.c.obj
GPIO_Write                                        CMakeFiles\GPIO_IOToggle.dir\__\__\__\__\Libraries\W7500x_StdPeriph_Driver\src\w7500x_gpio.c.obj
GPIO_WriteBit                                     CMakeFiles\GPIO_IOToggle.dir\__\__\__\__\Libraries\W7500x_StdPeriph_Driver\src\w7500x_gpio.c.obj
GetSourceClock                                    CMakeFiles\GPIO_IOToggle.dir\__\__\__\__\Libraries\CMSIS\Device\WIZnet\W7500\Source\system_w7500x.c.obj
                                                  CMakeFiles\GPIO_IOToggle.dir\main.c.obj
GetSystemClock                                    CMakeFiles\GPIO_IOToggle.dir\__\__\__\__\Libraries\CMSIS\Device\WIZnet\W7500\Source\system_w7500x.c.obj
                                                  CMakeFiles\GPIO_IOToggle.dir\__\__\__\__\Libraries\W7500x_StdPeriph_Driver\src\w7500x_uart.c.obj
                                                  CMakeFiles\GPIO_IOToggle.dir\main.c.obj
HardFault_Handler                                 CMakeFiles\GPIO_IOToggle.dir\w7500x_it.c.obj
I2C0_Handler                                      CMakeFiles\GPIO_IOToggle.dir\__\__\__\__\Libraries\CMSIS\Device\WIZnet\W7500\Source\GCC\startup_W7500.s.obj
I2C1_Handler                                      CMakeFiles\GPIO_IOToggle.dir\__\__\__\__\Libraries\CMSIS\Device\WIZnet\W7500\Source\GCC\startup_W7500.s.obj
MemManage_Handler                                 CMakeFiles\GPIO_IOToggle.dir\__\__\__\__\Libraries\CMSIS\Device\WIZnet\W7500\Source\GCC\startup_W7500.s.obj
NMI_Handler                                       CMakeFiles\GPIO_IOToggle.dir\w7500x_it.c.obj
NVIC_Init                                         CMakeFiles\GPIO_IOToggle.dir\__\__\__\__\Libraries\W7500x_StdPeriph_Driver\src\w7500x_misc.c.obj
PHY_GetLinkStatus                                 CMakeFiles\GPIO_IOToggle.dir\__\__\__\__\Libraries\W7500x_StdPeriph_Driver\src\w7500x_miim.c.obj
PHY_Init                                          CMakeFiles\GPIO_IOToggle.dir\__\__\__\__\Libraries\W7500x_StdPeriph_Driver\src\w7500x_miim.c.obj
PHY_Reset                                         CMakeFiles\GPIO_IOToggle.dir\__\__\__\__\Libraries\W7500x_StdPeriph_Driver\src\w7500x_miim.c.obj
PHY_SetLinkType                                   CMakeFiles\GPIO_IOToggle.dir\__\__\__\__\Libraries\W7500x_StdPeriph_Driver\src\w7500x_miim.c.obj
PORT0_Handler                                     CMakeFiles\GPIO_IOToggle.dir\w7500x_it.c.obj
PORT1_Handler                                     CMakeFiles\GPIO_IOToggle.dir\w7500x_it.c.obj
PORT2_Handler                                     CMakeFiles\GPIO_IOToggle.dir\w7500x_it.c.obj
PORT3_Handler                                     CMakeFiles\GPIO_IOToggle.dir\w7500x_it.c.obj
PWM0_Handler                                      CMakeFiles\GPIO_IOToggle.dir\w7500x_it.c.obj
PWM1_Handler                                      CMakeFiles\GPIO_IOToggle.dir\w7500x_it.c.obj
PWM2_Handler                                      CMakeFiles\GPIO_IOToggle.dir\w7500x_it.c.obj
PWM3_Handler                                      CMakeFiles\GPIO_IOToggle.dir\w7500x_it.c.obj
PWM4_Handler                                      CMakeFiles\GPIO_IOToggle.dir\w7500x_it.c.obj
PWM5_Handler                                      CMakeFiles\GPIO_IOToggle.dir\w7500x_it.c.obj
PWM6_Handler                                      CMakeFiles\GPIO_IOToggle.dir\w7500x_it.c.obj
PWM7_Handler                                      CMakeFiles\GPIO_IOToggle.dir\w7500x_it.c.obj
PWM_ClearITPendingBit                             CMakeFiles\GPIO_IOToggle.dir\__\__\__\__\Libraries\W7500x_StdPeriph_Driver\src\w7500x_pwm.c.obj
PWM_Cmd                                           CMakeFiles\GPIO_IOToggle.dir\__\__\__\__\Libraries\W7500x_StdPeriph_Driver\src\w7500x_pwm.c.obj
PWM_DeInit                                        CMakeFiles\GPIO_IOToggle.dir\__\__\__\__\Libraries\W7500x_StdPeriph_Driver\src\w7500x_pwm.c.obj
PWM_GetCapture                                    CMakeFiles\GPIO_IOToggle.dir\__\__\__\__\Libraries\W7500x_StdPeriph_Driver\src\w7500x_pwm.c.obj
PWM_GetCounter                                    CMakeFiles\GPIO_IOToggle.dir\__\__\__\__\Libraries\W7500x_StdPeriph_Driver\src\w7500x_pwm.c.obj
PWM_GetITStatus                                   CMakeFiles\GPIO_IOToggle.dir\__\__\__\__\Libraries\W7500x_StdPeriph_Driver\src\w7500x_pwm.c.obj
PWM_ITConfig                                      CMakeFiles\GPIO_IOToggle.dir\__\__\__\__\Libraries\W7500x_StdPeriph_Driver\src\w7500x_pwm.c.obj
PWM_Init                                          CMakeFiles\GPIO_IOToggle.dir\__\__\__\__\Libraries\W7500x_StdPeriph_Driver\src\w7500x_pwm.c.obj
PWM_Pause                                         CMakeFiles\GPIO_IOToggle.dir\__\__\__\__\Libraries\W7500x_StdPeriph_Driver\src\w7500x_pwm.c.obj
PWM_StructInit                                    CMakeFiles\GPIO_IOToggle.dir\__\__\__\__\Libraries\W7500x_StdPeriph_Driver\src\w7500x_pwm.c.obj
PendSV_Handler                                    CMakeFiles\GPIO_IOToggle.dir\w7500x_it.c.obj
RNG_Enable                                        CMakeFiles\GPIO_IOToggle.dir\__\__\__\__\Libraries\W7500x_StdPeriph_Driver\src\w7500x_rng.c.obj
RNG_GetRandomNumber                               CMakeFiles\GPIO_IOToggle.dir\__\__\__\__\Libraries\W7500x_StdPeriph_Driver\src\w7500x_rng.c.obj
RNG_SetClockSource                                CMakeFiles\GPIO_IOToggle.dir\__\__\__\__\Libraries\W7500x_StdPeriph_Driver\src\w7500x_rng.c.obj
RNG_SetMode                                       CMakeFiles\GPIO_IOToggle.dir\__\__\__\__\Libraries\W7500x_StdPeriph_Driver\src\w7500x_rng.c.obj
RNG_SetPolynomial                                 CMakeFiles\GPIO_IOToggle.dir\__\__\__\__\Libraries\W7500x_StdPeriph_Driver\src\w7500x_rng.c.obj
RNG_SetSeed                                       CMakeFiles\GPIO_IOToggle.dir\__\__\__\__\Libraries\W7500x_StdPeriph_Driver\src\w7500x_rng.c.obj
RTC_AlarmCmd                                      CMakeFiles\GPIO_IOToggle.dir\__\__\__\__\Libraries\W7500x_StdPeriph_Driver\src\w7500x_rtc.c.obj
RTC_AlarmStructInit                               CMakeFiles\GPIO_IOToggle.dir\__\__\__\__\Libraries\W7500x_StdPeriph_Driver\src\w7500x_rtc.c.obj
RTC_ClearITPendingBit                             CMakeFiles\GPIO_IOToggle.dir\__\__\__\__\Libraries\W7500x_StdPeriph_Driver\src\w7500x_rtc.c.obj
RTC_Cmd                                           CMakeFiles\GPIO_IOToggle.dir\__\__\__\__\Libraries\W7500x_StdPeriph_Driver\src\w7500x_rtc.c.obj
RTC_DateStructInit                                CMakeFiles\GPIO_IOToggle.dir\__\__\__\__\Libraries\W7500x_StdPeriph_Driver\src\w7500x_rtc.c.obj
RTC_DividerCmd                                    CMakeFiles\GPIO_IOToggle.dir\__\__\__\__\Libraries\W7500x_StdPeriph_Driver\src\w7500x_rtc.c.obj
RTC_GetAlarm                                      CMakeFiles\GPIO_IOToggle.dir\__\__\__\__\Libraries\W7500x_StdPeriph_Driver\src\w7500x_rtc.c.obj
RTC_GetDate                                       CMakeFiles\GPIO_IOToggle.dir\__\__\__\__\Libraries\W7500x_StdPeriph_Driver\src\w7500x_rtc.c.obj
RTC_GetITStatus                                   CMakeFiles\GPIO_IOToggle.dir\__\__\__\__\Libraries\W7500x_StdPeriph_Driver\src\w7500x_rtc.c.obj
RTC_GetTime                                       CMakeFiles\GPIO_IOToggle.dir\__\__\__\__\Libraries\W7500x_StdPeriph_Driver\src\w7500x_rtc.c.obj
RTC_Handler                                       CMakeFiles\GPIO_IOToggle.dir\w7500x_it.c.obj
RTC_ITConfig                                      CMakeFiles\GPIO_IOToggle.dir\__\__\__\__\Libraries\W7500x_StdPeriph_Driver\src\w7500x_rtc.c.obj
RTC_SetAlarm                                      CMakeFiles\GPIO_IOToggle.dir\__\__\__\__\Libraries\W7500x_StdPeriph_Driver\src\w7500x_rtc.c.obj
RTC_SetDate                                       CMakeFiles\GPIO_IOToggle.dir\__\__\__\__\Libraries\W7500x_StdPeriph_Driver\src\w7500x_rtc.c.obj
RTC_SetTime                                       CMakeFiles\GPIO_IOToggle.dir\__\__\__\__\Libraries\W7500x_StdPeriph_Driver\src\w7500x_rtc.c.obj
RTC_TimeStructInit                                CMakeFiles\GPIO_IOToggle.dir\__\__\__\__\Libraries\W7500x_StdPeriph_Driver\src\w7500x_rtc.c.obj
Reset_Handler                                     CMakeFiles\GPIO_IOToggle.dir\__\__\__\__\Libraries\CMSIS\Device\WIZnet\W7500\Source\GCC\startup_W7500.s.obj
SSP0_Handler                                      CMakeFiles\GPIO_IOToggle.dir\w7500x_it.c.obj
SSP1_Handler                                      CMakeFiles\GPIO_IOToggle.dir\w7500x_it.c.obj
SSP_ClearITPendingBit                             CMakeFiles\GPIO_IOToggle.dir\__\__\__\__\Libraries\W7500x_StdPeriph_Driver\src\w7500x_ssp.c.obj
SSP_Cmd                                           CMakeFiles\GPIO_IOToggle.dir\__\__\__\__\Libraries\W7500x_StdPeriph_Driver\src\w7500x_ssp.c.obj
SSP_DMACmd                                        CMakeFiles\GPIO_IOToggle.dir\__\__\__\__\Libraries\W7500x_StdPeriph_Driver\src\w7500x_ssp.c.obj
SSP_DeInit                                        CMakeFiles\GPIO_IOToggle.dir\__\__\__\__\Libraries\W7500x_StdPeriph_Driver\src\w7500x_ssp.c.obj
SSP_GetFlagStatus                                 CMakeFiles\GPIO_IOToggle.dir\__\__\__\__\Libraries\W7500x_StdPeriph_Driver\src\w7500x_ssp.c.obj
SSP_GetITStatus                                   CMakeFiles\GPIO_IOToggle.dir\__\__\__\__\Libraries\W7500x_StdPeriph_Driver\src\w7500x_ssp.c.obj
SSP_ITConfig                                      CMakeFiles\GPIO_IOToggle.dir\__\__\__\__\Libraries\W7500x_StdPeriph_Driver\src\w7500x_ssp.c.obj
SSP_Init                                          CMakeFiles\GPIO_IOToggle.dir\__\__\__\__\Libraries\W7500x_StdPeriph_Driver\src\w7500x_ssp.c.obj
SSP_ReceiveData                                   CMakeFiles\GPIO_IOToggle.dir\__\__\__\__\Libraries\W7500x_StdPeriph_Driver\src\w7500x_ssp.c.obj
SSP_SSOutputCmd                                   CMakeFiles\GPIO_IOToggle.dir\__\__\__\__\Libraries\W7500x_StdPeriph_Driver\src\w7500x_ssp.c.obj
SSP_SendData                                      CMakeFiles\GPIO_IOToggle.dir\__\__\__\__\Libraries\W7500x_StdPeriph_Driver\src\w7500x_ssp.c.obj
SSP_StructInit                                    CMakeFiles\GPIO_IOToggle.dir\__\__\__\__\Libraries\W7500x_StdPeriph_Driver\src\w7500x_ssp.c.obj
SVC_Handler                                       CMakeFiles\GPIO_IOToggle.dir\w7500x_it.c.obj
S_UART_ClearFlag                                  CMakeFiles\GPIO_IOToggle.dir\__\__\__\__\Libraries\W7500x_StdPeriph_Driver\src\w7500x_uart.c.obj
S_UART_ClearITPendingBit                          CMakeFiles\GPIO_IOToggle.dir\__\__\__\__\Libraries\W7500x_StdPeriph_Driver\src\w7500x_uart.c.obj
S_UART_Cmd                                        CMakeFiles\GPIO_IOToggle.dir\__\__\__\__\Libraries\W7500x_StdPeriph_Driver\src\w7500x_uart.c.obj
                                                  CMakeFiles\GPIO_IOToggle.dir\main.c.obj
S_UART_DeInit                                     CMakeFiles\GPIO_IOToggle.dir\__\__\__\__\Libraries\W7500x_StdPeriph_Driver\src\w7500x_uart.c.obj
S_UART_GetFlagStatus                              CMakeFiles\GPIO_IOToggle.dir\__\__\__\__\Libraries\W7500x_StdPeriph_Driver\src\w7500x_uart.c.obj
S_UART_GetITStatus                                CMakeFiles\GPIO_IOToggle.dir\__\__\__\__\Libraries\W7500x_StdPeriph_Driver\src\w7500x_uart.c.obj
S_UART_ITConfig                                   CMakeFiles\GPIO_IOToggle.dir\__\__\__\__\Libraries\W7500x_StdPeriph_Driver\src\w7500x_uart.c.obj
S_UART_Init                                       CMakeFiles\GPIO_IOToggle.dir\__\__\__\__\Libraries\W7500x_StdPeriph_Driver\src\w7500x_uart.c.obj
                                                  CMakeFiles\GPIO_IOToggle.dir\main.c.obj
S_UART_ReceiveData                                CMakeFiles\GPIO_IOToggle.dir\__\__\__\__\Libraries\W7500x_StdPeriph_Driver\src\w7500x_uart.c.obj
                                                  CMakeFiles\GPIO_IOToggle.dir\retarget.c.obj
S_UART_SendData                                   CMakeFiles\GPIO_IOToggle.dir\__\__\__\__\Libraries\W7500x_StdPeriph_Driver\src\w7500x_uart.c.obj
                                                  CMakeFiles\GPIO_IOToggle.dir\retarget.c.obj
S_UartGetc                                        CMakeFiles\GPIO_IOToggle.dir\retarget.c.obj
S_UartPutc                                        CMakeFiles\GPIO_IOToggle.dir\retarget.c.obj
S_UartPuts                                        CMakeFiles\GPIO_IOToggle.dir\retarget.c.obj
SysTick_Handler                                   CMakeFiles\GPIO_IOToggle.dir\w7500x_it.c.obj
SystemCoreClockUpdate                             CMakeFiles\GPIO_IOToggle.dir\__\__\__\__\Libraries\CMSIS\Device\WIZnet\W7500\Source\system_w7500x.c.obj
SystemInit                                        CMakeFiles\GPIO_IOToggle.dir\__\__\__\__\Libraries\CMSIS\Device\WIZnet\W7500\Source\system_w7500x.c.obj
                                                  CMakeFiles\GPIO_IOToggle.dir\main.c.obj
UART0_Handler                                     CMakeFiles\GPIO_IOToggle.dir\w7500x_it.c.obj
UART1_Handler                                     CMakeFiles\GPIO_IOToggle.dir\w7500x_it.c.obj
UART2_Handler                                     CMakeFiles\GPIO_IOToggle.dir\w7500x_it.c.obj
UART_ClearITPendingBit                            CMakeFiles\GPIO_IOToggle.dir\__\__\__\__\Libraries\W7500x_StdPeriph_Driver\src\w7500x_uart.c.obj
UART_ClearRecvStatus                              CMakeFiles\GPIO_IOToggle.dir\__\__\__\__\Libraries\W7500x_StdPeriph_Driver\src\w7500x_uart.c.obj
UART_Cmd                                          CMakeFiles\GPIO_IOToggle.dir\__\__\__\__\Libraries\W7500x_StdPeriph_Driver\src\w7500x_uart.c.obj
UART_DMA_Config                                   CMakeFiles\GPIO_IOToggle.dir\__\__\__\__\Libraries\W7500x_StdPeriph_Driver\src\w7500x_uart.c.obj
UART_DeInit                                       CMakeFiles\GPIO_IOToggle.dir\__\__\__\__\Libraries\W7500x_StdPeriph_Driver\src\w7500x_uart.c.obj
UART_FIFO_Disable                                 CMakeFiles\GPIO_IOToggle.dir\__\__\__\__\Libraries\W7500x_StdPeriph_Driver\src\w7500x_uart.c.obj
UART_FIFO_Enable                                  CMakeFiles\GPIO_IOToggle.dir\__\__\__\__\Libraries\W7500x_StdPeriph_Driver\src\w7500x_uart.c.obj
UART_GetFlagStatus                                CMakeFiles\GPIO_IOToggle.dir\__\__\__\__\Libraries\W7500x_StdPeriph_Driver\src\w7500x_uart.c.obj
UART_GetITStatus                                  CMakeFiles\GPIO_IOToggle.dir\__\__\__\__\Libraries\W7500x_StdPeriph_Driver\src\w7500x_uart.c.obj
UART_GetRecvStatus                                CMakeFiles\GPIO_IOToggle.dir\__\__\__\__\Libraries\W7500x_StdPeriph_Driver\src\w7500x_uart.c.obj
UART_ITConfig                                     CMakeFiles\GPIO_IOToggle.dir\__\__\__\__\Libraries\W7500x_StdPeriph_Driver\src\w7500x_uart.c.obj
UART_Init                                         CMakeFiles\GPIO_IOToggle.dir\__\__\__\__\Libraries\W7500x_StdPeriph_Driver\src\w7500x_uart.c.obj
UART_ReceiveData                                  CMakeFiles\GPIO_IOToggle.dir\__\__\__\__\Libraries\W7500x_StdPeriph_Driver\src\w7500x_uart.c.obj
UART_SendBreak                                    CMakeFiles\GPIO_IOToggle.dir\__\__\__\__\Libraries\W7500x_StdPeriph_Driver\src\w7500x_uart.c.obj
UART_SendData                                     CMakeFiles\GPIO_IOToggle.dir\__\__\__\__\Libraries\W7500x_StdPeriph_Driver\src\w7500x_uart.c.obj
                                                  CMakeFiles\GPIO_IOToggle.dir\retarget.c.obj
UART_StructInit                                   CMakeFiles\GPIO_IOToggle.dir\__\__\__\__\Libraries\W7500x_StdPeriph_Driver\src\w7500x_uart.c.obj
                                                  CMakeFiles\GPIO_IOToggle.dir\main.c.obj
UartGetc                                          CMakeFiles\GPIO_IOToggle.dir\retarget.c.obj
UartPutc                                          CMakeFiles\GPIO_IOToggle.dir\retarget.c.obj
UartPuts                                          CMakeFiles\GPIO_IOToggle.dir\retarget.c.obj
UsageFault_Handler                                CMakeFiles\GPIO_IOToggle.dir\__\__\__\__\Libraries\CMSIS\Device\WIZnet\W7500\Source\GCC\startup_W7500.s.obj
WDT_ClearIT                                       CMakeFiles\GPIO_IOToggle.dir\__\__\__\__\Libraries\W7500x_StdPeriph_Driver\src\w7500x_wdt.c.obj
WDT_Enable                                        CMakeFiles\GPIO_IOToggle.dir\__\__\__\__\Libraries\W7500x_StdPeriph_Driver\src\w7500x_wdt.c.obj
WDT_GetITStatus                                   CMakeFiles\GPIO_IOToggle.dir\__\__\__\__\Libraries\W7500x_StdPeriph_Driver\src\w7500x_wdt.c.obj
WDT_ReloadCounter                                 CMakeFiles\GPIO_IOToggle.dir\__\__\__\__\Libraries\W7500x_StdPeriph_Driver\src\w7500x_wdt.c.obj
WDT_SetloadCounter                                CMakeFiles\GPIO_IOToggle.dir\__\__\__\__\Libraries\W7500x_StdPeriph_Driver\src\w7500x_wdt.c.obj
WDT_WriteAccessCmd                                CMakeFiles\GPIO_IOToggle.dir\__\__\__\__\Libraries\W7500x_StdPeriph_Driver\src\w7500x_wdt.c.obj