Archive member included to satisfy reference by file (symbol)

c:/progra~2/gnuarm~1/102021~1.10/bin/../lib/gcc/arm-none-eabi/10.3.1/../../../../arm-none-eabi/lib/thumb/v6-m/nofp\libc_nano.a(lib_a-exit.o)
                              c:/progra~2/gnuarm~1/102021~1.10/bin/../lib/gcc/arm-none-eabi/10.3.1/../../../../arm-none-eabi/lib/thumb/v6-m/nofp/crt0.o (exit)
c:/progra~2/gnuarm~1/102021~1.10/bin/../lib/gcc/arm-none-eabi/10.3.1/../../../../arm-none-eabi/lib/thumb/v6-m/nofp\libc_nano.a(lib_a-impure.o)
                              c:/progra~2/gnuarm~1/102021~1.10/bin/../lib/gcc/arm-none-eabi/10.3.1/../../../../arm-none-eabi/lib/thumb/v6-m/nofp\libc_nano.a(lib_a-exit.o) (_global_impure_ptr)
c:/progra~2/gnuarm~1/102021~1.10/bin/../lib/gcc/arm-none-eabi/10.3.1/../../../../arm-none-eabi/lib/thumb/v6-m/nofp\libc_nano.a(lib_a-init.o)
                              c:/progra~2/gnuarm~1/102021~1.10/bin/../lib/gcc/arm-none-eabi/10.3.1/../../../../arm-none-eabi/lib/thumb/v6-m/nofp/crt0.o (__libc_init_array)
c:/progra~2/gnuarm~1/102021~1.10/bin/../lib/gcc/arm-none-eabi/10.3.1/../../../../arm-none-eabi/lib/thumb/v6-m/nofp\libc_nano.a(lib_a-memset.o)
                              c:/progra~2/gnuarm~1/102021~1.10/bin/../lib/gcc/arm-none-eabi/10.3.1/../../../../arm-none-eabi/lib/thumb/v6-m/nofp/crt0.o (memset)
c:/progra~2/gnuarm~1/102021~1.10/bin/../lib/gcc/arm-none-eabi/10.3.1/thumb/v6-m/nofp\libgcc.a(_udivsi3.o)
                              CMakeFiles\WZTOE_DNSClient.dir\main.c.obj (__aeabi_uidiv)
c:/progra~2/gnuarm~1/102021~1.10/bin/../lib/gcc/arm-none-eabi/10.3.1/thumb/v6-m/nofp\libgcc.a(_dvmd_tls.o)
                              c:/progra~2/gnuarm~1/102021~1.10/bin/../lib/gcc/arm-none-eabi/10.3.1/thumb/v6-m/nofp\libgcc.a(_udivsi3.o) (__aeabi_idiv0)
c:/progra~2/gnuarm~1/102021~1.10/bin/../lib/gcc/arm-none-eabi/10.3.1/thumb/v6-m/nofp\libgcc.a(_fixunssfsi.o)
                              CMakeFiles\WZTOE_DNSClient.dir\__\__\__\__\Libraries\W7500x_StdPeriph_Driver\src\w7500x_uart.c.obj (__aeabi_f2uiz)
c:/progra~2/gnuarm~1/102021~1.10/bin/../lib/gcc/arm-none-eabi/10.3.1/thumb/v6-m/nofp\libgcc.a(_fixunsdfsi.o)
                              CMakeFiles\WZTOE_DNSClient.dir\__\__\__\__\Libraries\W7500x_StdPeriph_Driver\src\w7500x_uart.c.obj (__aeabi_d2uiz)
c:/progra~2/gnuarm~1/102021~1.10/bin/../lib/gcc/arm-none-eabi/10.3.1/thumb/v6-m/nofp\libgcc.a(divsf3.o)
                              CMakeFiles\WZTOE_DNSClient.dir\__\__\__\__\Libraries\W7500x_StdPeriph_Driver\src\w7500x_uart.c.obj (__aeabi_fdiv)
c:/progra~2/gnuarm~1/102021~1.10/bin/../lib/gcc/arm-none-eabi/10.3.1/thumb/v6-m/nofp\libgcc.a(mulsf3.o)
                              CMakeFiles\WZTOE_DNSClient.dir\__\__\__\__\Libraries\W7500x_StdPeriph_Driver\src\w7500x_uart.c.obj (__aeabi_fmul)
c:/progra~2/gnuarm~1/102021~1.10/bin/../lib/gcc/arm-none-eabi/10.3.1/thumb/v6-m/nofp\libgcc.a(subsf3.o)
                              CMakeFiles\WZTOE_DNSClient.dir\__\__\__\__\Libraries\W7500x_StdPeriph_Driver\src\w7500x_uart.c.obj (__aeabi_fsub)
c:/progra~2/gnuarm~1/102021~1.10/bin/../lib/gcc/arm-none-eabi/10.3.1/thumb/v6-m/nofp\libgcc.a(fixsfsi.o)
                              c:/progra~2/gnuarm~1/102021~1.10/bin/../lib/gcc/arm-none-eabi/10.3.1/thumb/v6-m/nofp\libgcc.a(_fixunssfsi.o) (__aeabi_f2iz)
c:/progra~2/gnuarm~1/102021~1.10/bin/../lib/gcc/arm-none-eabi/10.3.1/thumb/v6-m/nofp\libgcc.a(floatunsisf.o)
                              CMakeFiles\WZTOE_DNSClient.dir\__\__\__\__\Libraries\W7500x_StdPeriph_Driver\src\w7500x_uart.c.obj (__aeabi_ui2f)
c:/progra~2/gnuarm~1/102021~1.10/bin/../lib/gcc/arm-none-eabi/10.3.1/thumb/v6-m/nofp\libgcc.a(adddf3.o)
                              CMakeFiles\WZTOE_DNSClient.dir\__\__\__\__\Libraries\W7500x_StdPeriph_Driver\src\w7500x_uart.c.obj (__aeabi_dadd)
c:/progra~2/gnuarm~1/102021~1.10/bin/../lib/gcc/arm-none-eabi/10.3.1/thumb/v6-m/nofp\libgcc.a(subdf3.o)
                              c:/progra~2/gnuarm~1/102021~1.10/bin/../lib/gcc/arm-none-eabi/10.3.1/thumb/v6-m/nofp\libgcc.a(_fixunsdfsi.o) (__aeabi_dsub)
c:/progra~2/gnuarm~1/102021~1.10/bin/../lib/gcc/arm-none-eabi/10.3.1/thumb/v6-m/nofp\libgcc.a(fixdfsi.o)
                              c:/progra~2/gnuarm~1/102021~1.10/bin/../lib/gcc/arm-none-eabi/10.3.1/thumb/v6-m/nofp\libgcc.a(_fixunsdfsi.o) (__aeabi_d2iz)
c:/progra~2/gnuarm~1/102021~1.10/bin/../lib/gcc/arm-none-eabi/10.3.1/thumb/v6-m/nofp\libgcc.a(extendsfdf2.o)
                              CMakeFiles\WZTOE_DNSClient.dir\__\__\__\__\Libraries\W7500x_StdPeriph_Driver\src\w7500x_uart.c.obj (__aeabi_f2d)
c:/progra~2/gnuarm~1/102021~1.10/bin/../lib/gcc/arm-none-eabi/10.3.1/thumb/v6-m/nofp\libgcc.a(_arm_cmpdf2.o)
                              c:/progra~2/gnuarm~1/102021~1.10/bin/../lib/gcc/arm-none-eabi/10.3.1/thumb/v6-m/nofp\libgcc.a(_fixunsdfsi.o) (__aeabi_dcmpge)
c:/progra~2/gnuarm~1/102021~1.10/bin/../lib/gcc/arm-none-eabi/10.3.1/thumb/v6-m/nofp\libgcc.a(_arm_cmpsf2.o)
[...]
Memory Configuration

Name             Origin             Length             Attributes
FLASH            0x00000000         0x00020000         xr
RAM              0x20000000         0x00003fc0         xrw
*default*        0x00000000         0xffffffff

Linker script and memory map

LOAD c:/progra~2/gnuarm~1/102021~1.10/bin/../lib/gcc/arm-none-eabi/10.3.1/thumb/v6-m/nofp/crti.o
LOAD c:/progra~2/gnuarm~1/102021~1.10/bin/../lib/gcc/arm-none-eabi/10.3.1/thumb/v6-m/nofp/crtbegin.o
LOAD c:/progra~2/gnuarm~1/102021~1.10/bin/../lib/gcc/arm-none-eabi/10.3.1/../../../../arm-none-eabi/lib/thumb/v6-m/nofp/crt0.o
LOAD c:/progra~2/gnuarm~1/102021~1.10/bin/../lib/gcc/arm-none-eabi/10.3.1/../../../../arm-none-eabi/lib/thumb/v6-m/nofp\libc_nano.a
LOAD c:/progra~2/gnuarm~1/102021~1.10/bin/../lib/gcc/arm-none-eabi/10.3.1/../../../../arm-none-eabi/lib/thumb/v6-m/nofp\libm.a
LOAD CMakeFiles\WZTOE_DNSClient.dir\main.c.obj
LOAD CMakeFiles\WZTOE_DNSClient.dir\w7500x_it.c.obj
LOAD CMakeFiles\WZTOE_DNSClient.dir\retarget.c.obj
LOAD CMakeFiles\WZTOE_DNSClient.dir\__\__\__\__\Libraries\CMSIS\Device\WIZnet\W7500\Source\GCC\startup_W7500.s.obj
LOAD CMakeFiles\WZTOE_DNSClient.dir\__\__\__\__\Libraries\CMSIS\Device\WIZnet\W7500\Source\system_w7500x.c.obj
LOAD CMakeFiles\WZTOE_DNSClient.dir\__\__\__\__\Libraries\W7500x_StdPeriph_Driver\src\w7500x_gpio.c.obj
LOAD CMakeFiles\WZTOE_DNSClient.dir\__\__\__\__\Libraries\W7500x_StdPeriph_Driver\src\w7500x_uart.c.obj
LOAD CMakeFiles\WZTOE_DNSClient.dir\__\__\__\__\Libraries\W7500x_StdPeriph_Driver\src\w7500x_adc.c.obj
LOAD CMakeFiles\WZTOE_DNSClient.dir\__\__\__\__\Libraries\W7500x_StdPeriph_Driver\src\w7500x_crg.c.obj
LOAD CMakeFiles\WZTOE_DNSClient.dir\__\__\__\__\Libraries\W7500x_StdPeriph_Driver\src\w7500x_dualtimer.c.obj
LOAD CMakeFiles\WZTOE_DNSClient.dir\__\__\__\__\Libraries\W7500x_StdPeriph_Driver\src\w7500x_exti.c.obj
LOAD CMakeFiles\WZTOE_DNSClient.dir\__\__\__\__\Libraries\W7500x_StdPeriph_Driver\src\w7500x_flash.c.obj
LOAD CMakeFiles\WZTOE_DNSClient.dir\__\__\__\__\Libraries\W7500x_StdPeriph_Driver\src\w7500x_miim.c.obj
LOAD CMakeFiles\WZTOE_DNSClient.dir\__\__\__\__\Libraries\W7500x_StdPeriph_Driver\src\w7500x_misc.c.obj
LOAD CMakeFiles\WZTOE_DNSClient.dir\__\__\__\__\Libraries\W7500x_StdPeriph_Driver\src\w7500x_pwm.c.obj
LOAD CMakeFiles\WZTOE_DNSClient.dir\__\__\__\__\Libraries\W7500x_StdPeriph_Driver\src\w7500x_rng.c.obj
LOAD CMakeFiles\WZTOE_DNSClient.dir\__\__\__\__\Libraries\W7500x_StdPeriph_Driver\src\w7500x_rtc.c.obj
LOAD CMakeFiles\WZTOE_DNSClient.dir\__\__\__\__\Libraries\W7500x_StdPeriph_Driver\src\w7500x_ssp.c.obj
LOAD CMakeFiles\WZTOE_DNSClient.dir\__\__\__\__\Libraries\W7500x_StdPeriph_Driver\src\w7500x_wdt.c.obj
LOAD CMakeFiles\WZTOE_DNSClient.dir\__\__\__\__\Libraries\ioLibrary\Internet\DNS\dns.c.obj
LOAD CMakeFiles\WZTOE_DNSClient.dir\__\__\__\__\Libraries\ioLibrary\Ethernet\socket.c.obj
LOAD CMakeFiles\WZTOE_DNSClient.dir\__\__\__\__\Libraries\W7500x_StdPeriph_Driver\src\w7500x_wztoe.c.obj
LOAD CMakeFiles\WZTOE_DNSClient.dir\__\__\__\__\Libraries\ioLibrary\Internet\DHCP\dhcp.c.obj
LOAD CMakeFiles\WZTOE_DNSClient.dir\__\__\__\__\Libraries\ioLibrary\Application\loopback\loopback.c.obj
LOAD CMakeFiles\WZTOE_DNSClient.dir\__\__\__\__\Libraries\ioLibrary\Ethernet\wizchip_conf.c.obj
LOAD ..\..\..\..\Libraries\libSYSTEM_W7500X_FILES.a
LOAD ..\..\..\..\Libraries\libGPIO_FILES.a
LOAD ..\..\..\..\Libraries\libUART_FILES.a
LOAD ..\..\..\..\Libraries\libADC_FILES.a
LOAD ..\..\..\..\Libraries\libCRG_FILES.a
LOAD ..\..\..\..\Libraries\libDUALTIMER_FILES.a
LOAD ..\..\..\..\Libraries\libEXTI_FILES.a
LOAD ..\..\..\..\Libraries\libFLASH_FILES.a
LOAD ..\..\..\..\Libraries\libMIIM_FILES.a
LOAD ..\..\..\..\Libraries\libMISC_FILES.a
LOAD ..\..\..\..\Libraries\libPWM_FILES.a
LOAD ..\..\..\..\Libraries\libRNG_FILES.a
LOAD ..\..\..\..\Libraries\libRTC_FILES.a
LOAD ..\..\..\..\Libraries\libSSP_FILES.a
LOAD ..\..\..\..\Libraries\libWDT_FILES.a
LOAD ..\..\..\..\Libraries\libDNS_FILES.a
LOAD ..\..\..\..\Libraries\libDHCP_FILES.a
LOAD ..\..\..\..\Libraries\libSOCKET_FILES.a
LOAD ..\..\..\..\Libraries\libLOOPBACK_FILES.a
LOAD ..\..\..\..\Libraries\libWIZCHIP_CONF_FILES.a
LOAD ..\..\..\..\Libraries\libWZTOE_FILES.a
LOAD ..\..\..\..\Libraries\libGPIO_FILES.a
LOAD ..\..\..\..\Libraries\libCRG_FILES.a
LOAD ..\..\..\..\Libraries\libSOCKET_FILES.a
LOAD ..\..\..\..\Libraries\libWZTOE_FILES.a
LOAD ..\..\..\..\Libraries\libSYSTEM_W7500X_FILES.a
START GROUP
LOAD c:/progra~2/gnuarm~1/102021~1.10/bin/../lib/gcc/arm-none-eabi/10.3.1/thumb/v6-m/nofp\libgcc.a
LOAD c:/progra~2/gnuarm~1/102021~1.10/bin/../lib/gcc/arm-none-eabi/10.3.1/../../../../arm-none-eabi/lib/thumb/v6-m/nofp\libg_nano.a
LOAD c:/progra~2/gnuarm~1/102021~1.10/bin/../lib/gcc/arm-none-eabi/10.3.1/../../../../arm-none-eabi/lib/thumb/v6-m/nofp\libc_nano.a
END GROUP
START GROUP
LOAD c:/progra~2/gnuarm~1/102021~1.10/bin/../lib/gcc/arm-none-eabi/10.3.1/thumb/v6-m/nofp\libgcc.a
LOAD c:/progra~2/gnuarm~1/102021~1.10/bin/../lib/gcc/arm-none-eabi/10.3.1/../../../../arm-none-eabi/lib/thumb/v6-m/nofp\libc_nano.a
END GROUP
LOAD c:/progra~2/gnuarm~1/102021~1.10/bin/../lib/gcc/arm-none-eabi/10.3.1/thumb/v6-m/nofp/crtend.o
LOAD c:/progra~2/gnuarm~1/102021~1.10/bin/../lib/gcc/arm-none-eabi/10.3.1/thumb/v6-m/nofp/crtn.o
START GROUP
LOAD c:/progra~2/gnuarm~1/102021~1.10/bin/../lib/gcc/arm-none-eabi/10.3.1/thumb/v6-m/nofp\libgcc.a
LOAD c:/progra~2/gnuarm~1/102021~1.10/bin/../lib/gcc/arm-none-eabi/10.3.1/../../../../arm-none-eabi/lib/thumb/v6-m/nofp\libc.a
LOAD c:/progra~2/gnuarm~1/102021~1.10/bin/../lib/gcc/arm-none-eabi/10.3.1/../../../../arm-none-eabi/lib/thumb/v6-m/nofp\libm.a
LOAD c:/progra~2/gnuarm~1/102021~1.10/bin/../lib/gcc/arm-none-eabi/10.3.1/../../../../arm-none-eabi/lib/thumb/v6-m/nofp\libnosys.a
END GROUP

.text           0x00000000     0x2dd0
 *(.isr_vector)
 .isr_vector    0x00000000       0xa8 CMakeFiles\WZTOE_DNSClient.dir\__\__\__\__\Libraries\CMSIS\Device\WIZnet\W7500\Source\GCC\startup_W7500.s.obj
                0x00000000                __isr_vector
 *(.text*)
 .text          0x000000a8       0x48 c:/progra~2/gnuarm~1/102021~1.10/bin/../lib/gcc/arm-none-eabi/10.3.1/thumb/v6-m/nofp/crtbegin.o
 .text.memset   0x000000f0       0x10 c:/progra~2/gnuarm~1/102021~1.10/bin/../lib/gcc/arm-none-eabi/10.3.1/../../../../arm-none-eabi/lib/thumb/v6-m/nofp\libc_nano.a(lib_a-memset.o)
                0x000000f0                memset
 .text.startup.main
                0x00000100      0x28c CMakeFiles\WZTOE_DNSClient.dir\main.c.obj
                0x00000100                main
 .text.TimingDelay_Decrement
                0x0000038c       0x14 CMakeFiles\WZTOE_DNSClient.dir\main.c.obj
                0x0000038c                TimingDelay_Decrement
 .text.NMI_Handler
                0x000003a0        0x4 CMakeFiles\WZTOE_DNSClient.dir\w7500x_it.c.obj
                0x000003a0                NMI_Handler
 .text.HardFault_Handler
                0x000003a4        0x4 CMakeFiles\WZTOE_DNSClient.dir\w7500x_it.c.obj
                0x000003a4                HardFault_Handler
 .text.SVC_Handler
                0x000003a8        0x4 CMakeFiles\WZTOE_DNSClient.dir\w7500x_it.c.obj
                0x000003a8                SVC_Handler
 .text.PendSV_Handler
                0x000003ac        0x4 CMakeFiles\WZTOE_DNSClient.dir\w7500x_it.c.obj
                0x000003ac                PendSV_Handler
 .text.SysTick_Handler
                0x000003b0        0x8 CMakeFiles\WZTOE_DNSClient.dir\w7500x_it.c.obj
                0x000003b0                SysTick_Handler
 .text.SSP0_Handler
                0x000003b8        0x4 CMakeFiles\WZTOE_DNSClient.dir\w7500x_it.c.obj
                0x000003b8                SSP0_Handler
 .text.SSP1_Handler
                0x000003bc        0x4 CMakeFiles\WZTOE_DNSClient.dir\w7500x_it.c.obj
                0x000003bc                SSP1_Handler
 .text.UART0_Handler
                0x000003c0        0x4 CMakeFiles\WZTOE_DNSClient.dir\w7500x_it.c.obj
                0x000003c0                UART0_Handler
 .text.UART1_Handler
                0x000003c4        0x4 CMakeFiles\WZTOE_DNSClient.dir\w7500x_it.c.obj
                0x000003c4                UART1_Handler
 .text.UART2_Handler
                0x000003c8        0x4 CMakeFiles\WZTOE_DNSClient.dir\w7500x_it.c.obj
                0x000003c8                UART2_Handler
 .text.PORT0_Handler
                0x000003cc        0x4 CMakeFiles\WZTOE_DNSClient.dir\w7500x_it.c.obj
                0x000003cc                PORT0_Handler
 .text.PORT1_Handler
                0x000003d0        0x4 CMakeFiles\WZTOE_DNSClient.dir\w7500x_it.c.obj
                0x000003d0                PORT1_Handler
 .text.PORT2_Handler
                0x000003d4        0x4 CMakeFiles\WZTOE_DNSClient.dir\w7500x_it.c.obj
                0x000003d4                PORT2_Handler
 .text.PORT3_Handler
                0x000003d8        0x4 CMakeFiles\WZTOE_DNSClient.dir\w7500x_it.c.obj
                0x000003d8                PORT3_Handler
 .text.DMA_Handler
                0x000003dc        0x4 CMakeFiles\WZTOE_DNSClient.dir\w7500x_it.c.obj
                0x000003dc                DMA_Handler
 .text.DUALTIMER0_Handler
                0x000003e0       0x20 CMakeFiles\WZTOE_DNSClient.dir\w7500x_it.c.obj
                0x000003e0                DUALTIMER0_Handler
 .text.DUALTIMER1_Handler
                0x00000400        0x4 CMakeFiles\WZTOE_DNSClient.dir\w7500x_it.c.obj
                0x00000400                DUALTIMER1_Handler
 .text.PWM0_Handler
                0x00000404        0x4 CMakeFiles\WZTOE_DNSClient.dir\w7500x_it.c.obj
                0x00000404                PWM0_Handler
 .text.PWM1_Handler
                0x00000408        0x4 CMakeFiles\WZTOE_DNSClient.dir\w7500x_it.c.obj
                0x00000408                PWM1_Handler
 .text.PWM2_Handler
                0x0000040c        0x4 CMakeFiles\WZTOE_DNSClient.dir\w7500x_it.c.obj
                0x0000040c                PWM2_Handler
 .text.PWM3_Handler
                0x00000410        0x4 CMakeFiles\WZTOE_DNSClient.dir\w7500x_it.c.obj
                0x00000410                PWM3_Handler
 .text.PWM4_Handler
                0x00000414        0x4 CMakeFiles\WZTOE_DNSClient.dir\w7500x_it.c.obj
                0x00000414                PWM4_Handler
 .text.PWM5_Handler
                0x00000418        0x4 CMakeFiles\WZTOE_DNSClient.dir\w7500x_it.c.obj
                0x00000418                PWM5_Handler
 .text.PWM6_Handler
                0x0000041c        0x4 CMakeFiles\WZTOE_DNSClient.dir\w7500x_it.c.obj
                0x0000041c                PWM6_Handler
 .text.PWM7_Handler
                0x00000420        0x4 CMakeFiles\WZTOE_DNSClient.dir\w7500x_it.c.obj
                0x00000420                PWM7_Handler
 .text.RTC_Handler
                0x00000424        0x4 CMakeFiles\WZTOE_DNSClient.dir\w7500x_it.c.obj
                0x00000424                RTC_Handler
 .text.ADC_Handler
                0x00000428        0x4 CMakeFiles\WZTOE_DNSClient.dir\w7500x_it.c.obj
                0x00000428                ADC_Handler
 .text.WZTOE_Handler
                0x0000042c        0x4 CMakeFiles\WZTOE_DNSClient.dir\w7500x_it.c.obj
                0x0000042c                WZTOE_Handler
 .text.EXTI_Handler
                0x00000430        0x4 CMakeFiles\WZTOE_DNSClient.dir\w7500x_it.c.obj
                0x00000430                EXTI_Handler
 .text._write   0x00000434       0x1c CMakeFiles\WZTOE_DNSClient.dir\retarget.c.obj
                0x00000434                _write
 .text          0x00000450       0x84 CMakeFiles\WZTOE_DNSClient.dir\__\__\__\__\Libraries\CMSIS\Device\WIZnet\W7500\Source\GCC\startup_W7500.s.obj
                0x00000450                Reset_Handler
                0x00000490                MemManage_Handler
                0x00000492                BusFault_Handler
                0x00000494                UsageFault_Handler
                0x00000498                DebugMon_Handler
                0x000004a8                I2C0_Handler
                0x000004aa                I2C1_Handler
 .text.GetSystemClock
                0x000004d4        0xc CMakeFiles\WZTOE_DNSClient.dir\__\__\__\__\Libraries\CMSIS\Device\WIZnet\W7500\Source\system_w7500x.c.obj
                0x000004d4                GetSystemClock
 .text.GetSourceClock
                0x000004e0        0xc CMakeFiles\WZTOE_DNSClient.dir\__\__\__\__\Libraries\CMSIS\Device\WIZnet\W7500\Source\system_w7500x.c.obj
                0x000004e0                GetSourceClock
 .text.SystemInit
                0x000004ec       0x54 CMakeFiles\WZTOE_DNSClient.dir\__\__\__\__\Libraries\CMSIS\Device\WIZnet\W7500\Source\system_w7500x.c.obj
                0x000004ec                SystemInit
 .text.GPIO_Init
                0x00000540      0x198 CMakeFiles\WZTOE_DNSClient.dir\__\__\__\__\Libraries\W7500x_StdPeriph_Driver\src\w7500x_gpio.c.obj
                0x00000540                GPIO_Init
 .text.GPIO_ReadInputDataBit
                0x000006d8        0xc CMakeFiles\WZTOE_DNSClient.dir\__\__\__\__\Libraries\W7500x_StdPeriph_Driver\src\w7500x_gpio.c.obj
                0x000006d8                GPIO_ReadInputDataBit
 .text.GPIO_SetBits
                0x000006e4       0x28 CMakeFiles\WZTOE_DNSClient.dir\__\__\__\__\Libraries\W7500x_StdPeriph_Driver\src\w7500x_gpio.c.obj
                0x000006e4                GPIO_SetBits
 .text.GPIO_ResetBits
                0x0000070c       0x24 CMakeFiles\WZTOE_DNSClient.dir\__\__\__\__\Libraries\W7500x_StdPeriph_Driver\src\w7500x_gpio.c.obj
                0x0000070c                GPIO_ResetBits
 .text.UART_StructInit
                0x00000730       0x18 CMakeFiles\WZTOE_DNSClient.dir\__\__\__\__\Libraries\W7500x_StdPeriph_Driver\src\w7500x_uart.c.obj
                0x00000730                UART_StructInit
 .text.S_UART_Init
                0x00000748       0x18 CMakeFiles\WZTOE_DNSClient.dir\__\__\__\__\Libraries\W7500x_StdPeriph_Driver\src\w7500x_uart.c.obj
                0x00000748                S_UART_Init
 .text.S_UART_Cmd
                0x00000760       0x1c CMakeFiles\WZTOE_DNSClient.dir\__\__\__\__\Libraries\W7500x_StdPeriph_Driver\src\w7500x_uart.c.obj
                0x00000760                S_UART_Cmd
 .text.S_UART_SendData
                0x0000077c       0x14 CMakeFiles\WZTOE_DNSClient.dir\__\__\__\__\Libraries\W7500x_StdPeriph_Driver\src\w7500x_uart.c.obj
                0x0000077c                S_UART_SendData
 .text.CRG_PLL_Bypass
                0x00000790       0x18 CMakeFiles\WZTOE_DNSClient.dir\__\__\__\__\Libraries\W7500x_StdPeriph_Driver\src\w7500x_crg.c.obj
                0x00000790                CRG_PLL_Bypass
 .text.CRG_PLL_SourceSelect
                0x000007a8       0x18 CMakeFiles\WZTOE_DNSClient.dir\__\__\__\__\Libraries\W7500x_StdPeriph_Driver\src\w7500x_crg.c.obj
                0x000007a8                CRG_PLL_SourceSelect
 .text.DUALTIMER_Init
                0x000007c0       0x60 CMakeFiles\WZTOE_DNSClient.dir\__\__\__\__\Libraries\W7500x_StdPeriph_Driver\src\w7500x_dualtimer.c.obj
                0x000007c0                DUALTIMER_Init
 .text.DUALTIMER_Cmd
                0x00000820       0x20 CMakeFiles\WZTOE_DNSClient.dir\__\__\__\__\Libraries\W7500x_StdPeriph_Driver\src\w7500x_dualtimer.c.obj
                0x00000820                DUALTIMER_Cmd
 .text.DUALTIMER_ITConfig
                0x00000840       0x14 CMakeFiles\WZTOE_DNSClient.dir\__\__\__\__\Libraries\W7500x_StdPeriph_Driver\src\w7500x_dualtimer.c.obj
                0x00000840                DUALTIMER_ITConfig
 .text.DUALTIMER_GetITStatus
                0x00000854        0x8 CMakeFiles\WZTOE_DNSClient.dir\__\__\__\__\Libraries\W7500x_StdPeriph_Driver\src\w7500x_dualtimer.c.obj
                0x00000854                DUALTIMER_GetITStatus
 .text.DUALTIMER_ClearIT
                0x0000085c        0x8 CMakeFiles\WZTOE_DNSClient.dir\__\__\__\__\Libraries\W7500x_StdPeriph_Driver\src\w7500x_dualtimer.c.obj
                0x0000085c                DUALTIMER_ClearIT
 .text.MDIO_Out
                0x00000864       0x6c CMakeFiles\WZTOE_DNSClient.dir\__\__\__\__\Libraries\W7500x_StdPeriph_Driver\src\w7500x_miim.c.obj
 .text.MDIO_Idle
                0x000008d0       0x40 CMakeFiles\WZTOE_DNSClient.dir\__\__\__\__\Libraries\W7500x_StdPeriph_Driver\src\w7500x_miim.c.obj
 .text.MDIO_SetData.constprop.0
                0x00000910       0x44 CMakeFiles\WZTOE_DNSClient.dir\__\__\__\__\Libraries\W7500x_StdPeriph_Driver\src\w7500x_miim.c.obj
 .text.MDIO_GetData.constprop.0
                0x00000954       0xbc CMakeFiles\WZTOE_DNSClient.dir\__\__\__\__\Libraries\W7500x_StdPeriph_Driver\src\w7500x_miim.c.obj
 .text.PHY_Init
                0x00000a10       0x90 CMakeFiles\WZTOE_DNSClient.dir\__\__\__\__\Libraries\W7500x_StdPeriph_Driver\src\w7500x_miim.c.obj
                0x00000a10                PHY_Init
 .text.PHY_GetLinkStatus
                0x00000aa0       0x14 CMakeFiles\WZTOE_DNSClient.dir\__\__\__\__\Libraries\W7500x_StdPeriph_Driver\src\w7500x_miim.c.obj
                0x00000aa0                PHY_GetLinkStatus
 .text.NVIC_Init
                0x00000ab4       0x58 CMakeFiles\WZTOE_DNSClient.dir\__\__\__\__\Libraries\W7500x_StdPeriph_Driver\src\w7500x_misc.c.obj
                0x00000ab4                NVIC_Init
 .text.parse_name
                0x00000b0c       0xe4 CMakeFiles\WZTOE_DNSClient.dir\__\__\__\__\Libraries\ioLibrary\Internet\DNS\dns.c.obj
                0x00000b0c                parse_name
 .text.dns_answer
                0x00000bf0       0xb4 CMakeFiles\WZTOE_DNSClient.dir\__\__\__\__\Libraries\ioLibrary\Internet\DNS\dns.c.obj
                0x00000bf0                dns_answer
 .text.parseDNSMSG
                0x00000ca4       0xec CMakeFiles\WZTOE_DNSClient.dir\__\__\__\__\Libraries\ioLibrary\Internet\DNS\dns.c.obj
                0x00000ca4                parseDNSMSG
 .text.dns_makequery
                0x00000d90       0xc0 CMakeFiles\WZTOE_DNSClient.dir\__\__\__\__\Libraries\ioLibrary\Internet\DNS\dns.c.obj
                0x00000d90                dns_makequery
 .text.DNS_init
                0x00000e50       0x20 CMakeFiles\WZTOE_DNSClient.dir\__\__\__\__\Libraries\ioLibrary\Internet\DNS\dns.c.obj
                0x00000e50                DNS_init
 .text.DNS_run  0x00000e70       0xdc CMakeFiles\WZTOE_DNSClient.dir\__\__\__\__\Libraries\ioLibrary\Internet\DNS\dns.c.obj
                0x00000e70                DNS_run
 .text.DNS_time_handler
                0x00000f4c       0x10 CMakeFiles\WZTOE_DNSClient.dir\__\__\__\__\Libraries\ioLibrary\Internet\DNS\dns.c.obj
                0x00000f4c                DNS_time_handler
 .text.close.part.0
                0x00000f5c       0x6c CMakeFiles\WZTOE_DNSClient.dir\__\__\__\__\Libraries\ioLibrary\Ethernet\socket.c.obj
 .text.socket   0x00000fc8      0x130 CMakeFiles\WZTOE_DNSClient.dir\__\__\__\__\Libraries\ioLibrary\Ethernet\socket.c.obj
                0x00000fc8                socket
 .text.close    0x000010f8       0x14 CMakeFiles\WZTOE_DNSClient.dir\__\__\__\__\Libraries\ioLibrary\Ethernet\socket.c.obj
                0x000010f8                close
 .text.sendto   0x0000110c      0x1c8 CMakeFiles\WZTOE_DNSClient.dir\__\__\__\__\Libraries\ioLibrary\Ethernet\socket.c.obj
                0x0000110c                sendto
 .text.recvfrom
                0x000012d4      0x240 CMakeFiles\WZTOE_DNSClient.dir\__\__\__\__\Libraries\ioLibrary\Ethernet\socket.c.obj
                0x000012d4                recvfrom
 .text.WIZCHIP_READ
                0x00001514        0x8 CMakeFiles\WZTOE_DNSClient.dir\__\__\__\__\Libraries\W7500x_StdPeriph_Driver\src\w7500x_wztoe.c.obj
                0x00001514                WIZCHIP_READ
 .text.WIZCHIP_WRITE
                0x0000151c        0x4 CMakeFiles\WZTOE_DNSClient.dir\__\__\__\__\Libraries\W7500x_StdPeriph_Driver\src\w7500x_wztoe.c.obj
                0x0000151c                WIZCHIP_WRITE
 .text.wiz_send_data
                0x00001520       0x40 CMakeFiles\WZTOE_DNSClient.dir\__\__\__\__\Libraries\W7500x_StdPeriph_Driver\src\w7500x_wztoe.c.obj
                0x00001520                wiz_send_data
 .text.wiz_recv_data
                0x00001560       0x40 CMakeFiles\WZTOE_DNSClient.dir\__\__\__\__\Libraries\W7500x_StdPeriph_Driver\src\w7500x_wztoe.c.obj
                0x00001560                wiz_recv_data
 .text.wiz_recv_macraw_data
                0x000015a0       0x48 CMakeFiles\WZTOE_DNSClient.dir\__\__\__\__\Libraries\W7500x_StdPeriph_Driver\src\w7500x_wztoe.c.obj
                0x000015a0                wiz_recv_macraw_data
 .text.wiz_recv_ignore
                0x000015e8       0x2c CMakeFiles\WZTOE_DNSClient.dir\__\__\__\__\Libraries\W7500x_StdPeriph_Driver\src\w7500x_wztoe.c.obj
                0x000015e8                wiz_recv_ignore
 .text.wizchip_setnetinfo
                0x00001614      0x100 CMakeFiles\WZTOE_DNSClient.dir\__\__\__\__\Libraries\ioLibrary\Ethernet\wizchip_conf.c.obj
                0x00001614                wizchip_setnetinfo
 .text.wizchip_getnetinfo
                0x00001714      0x100 CMakeFiles\WZTOE_DNSClient.dir\__\__\__\__\Libraries\ioLibrary\Ethernet\wizchip_conf.c.obj
                0x00001714                wizchip_getnetinfo
 .text.ctlnetwork
                0x00001814       0x88 CMakeFiles\WZTOE_DNSClient.dir\__\__\__\__\Libraries\ioLibrary\Ethernet\wizchip_conf.c.obj
                0x00001814                ctlnetwork
 .text          0x0000189c      0x114 c:/progra~2/gnuarm~1/102021~1.10/bin/../lib/gcc/arm-none-eabi/10.3.1/thumb/v6-m/nofp\libgcc.a(_udivsi3.o)
                0x0000189c                __aeabi_uidiv
                0x0000189c                __udivsi3
                0x000019a8                __aeabi_uidivmod
 .text          0x000019b0        0x4 c:/progra~2/gnuarm~1/102021~1.10/bin/../lib/gcc/arm-none-eabi/10.3.1/thumb/v6-m/nofp\libgcc.a(_dvmd_tls.o)
                0x000019b0                __aeabi_idiv0
                0x000019b0                __aeabi_ldiv0
 .text.memcpy   0x000019b4       0x12 c:/progra~2/gnuarm~1/102021~1.10/bin/../lib/gcc/arm-none-eabi/10.3.1/../../../../arm-none-eabi/lib/thumb/v6-m/nofp\libg_nano.a(lib_a-memcpy-stub.o)
                0x000019b4                memcpy
 *fill*         0x000019c6        0x2 
 .text.printf   0x000019c8       0x34 c:/progra~2/gnuarm~1/102021~1.10/bin/../lib/gcc/arm-none-eabi/10.3.1/../../../../arm-none-eabi/lib/thumb/v6-m/nofp\libg_nano.a(lib_a-printf.o)
                0x000019c8                iprintf
                0x000019c8                printf
 .text._puts_r  0x000019fc       0xe4 c:/progra~2/gnuarm~1/102021~1.10/bin/../lib/gcc/arm-none-eabi/10.3.1/../../../../arm-none-eabi/lib/thumb/v6-m/nofp\libg_nano.a(lib_a-puts.o)
                0x000019fc                _puts_r
 .text.puts     0x00001ae0       0x14 c:/progra~2/gnuarm~1/102021~1.10/bin/../lib/gcc/arm-none-eabi/10.3.1/../../../../arm-none-eabi/lib/thumb/v6-m/nofp\libg_nano.a(lib_a-puts.o)
                0x00001ae0                puts
 .text.stpcpy   0x00001af4       0x12 c:/progra~2/gnuarm~1/102021~1.10/bin/../lib/gcc/arm-none-eabi/10.3.1/../../../../arm-none-eabi/lib/thumb/v6-m/nofp\libg_nano.a(lib_a-stpcpy.o)
                0x00001af4                stpcpy
 .text.strchr   0x00001b06       0x1c c:/progra~2/gnuarm~1/102021~1.10/bin/../lib/gcc/arm-none-eabi/10.3.1/../../../../arm-none-eabi/lib/thumb/v6-m/nofp\libg_nano.a(lib_a-strchr.o)
                0x00001b06                strchr
 .text.strncpy  0x00001b22       0x28 c:/progra~2/gnuarm~1/102021~1.10/bin/../lib/gcc/arm-none-eabi/10.3.1/../../../../arm-none-eabi/lib/thumb/v6-m/nofp\libg_nano.a(lib_a-strncpy.o)
                0x00001b22                strncpy
 *fill*         0x00001b4a        0x2 
 .text.__swbuf_r
                0x00001b4c       0xac c:/progra~2/gnuarm~1/102021~1.10/bin/../lib/gcc/arm-none-eabi/10.3.1/../../../../arm-none-eabi/lib/thumb/v6-m/nofp\libg_nano.a(lib_a-wbuf.o)
                0x00001b4c                __swbuf_r
 .text.__swsetup_r
                0x00001bf8       0xf0 c:/progra~2/gnuarm~1/102021~1.10/bin/../lib/gcc/arm-none-eabi/10.3.1/../../../../arm-none-eabi/lib/thumb/v6-m/nofp\libg_nano.a(lib_a-wsetup.o)
                0x00001bf8                __swsetup_r
 .text.__sflush_r
                0x00001ce8      0x118 c:/progra~2/gnuarm~1/102021~1.10/bin/../lib/gcc/arm-none-eabi/10.3.1/../../../../arm-none-eabi/lib/thumb/v6-m/nofp\libg_nano.a(lib_a-fflush.o)
                0x00001ce8                __sflush_r
 .text._fflush_r
                0x00001e00       0x80 c:/progra~2/gnuarm~1/102021~1.10/bin/../lib/gcc/arm-none-eabi/10.3.1/../../../../arm-none-eabi/lib/thumb/v6-m/nofp\libg_nano.a(lib_a-fflush.o)
                0x00001e00                _fflush_r
 .text.std      0x00001e80       0x48 c:/progra~2/gnuarm~1/102021~1.10/bin/../lib/gcc/arm-none-eabi/10.3.1/../../../../arm-none-eabi/lib/thumb/v6-m/nofp\libg_nano.a(lib_a-findfp.o)
 .text._cleanup_r
                0x00001ec8       0x10 c:/progra~2/gnuarm~1/102021~1.10/bin/../lib/gcc/arm-none-eabi/10.3.1/../../../../arm-none-eabi/lib/thumb/v6-m/nofp\libg_nano.a(lib_a-findfp.o)
                0x00001ec8                _cleanup_r
 .text.__sfmoreglue
                0x00001ed8       0x2c c:/progra~2/gnuarm~1/102021~1.10/bin/../lib/gcc/arm-none-eabi/10.3.1/../../../../arm-none-eabi/lib/thumb/v6-m/nofp\libg_nano.a(lib_a-findfp.o)
                0x00001ed8                __sfmoreglue
 .text.__sfp_lock_acquire
                0x00001f04       0x10 c:/progra~2/gnuarm~1/102021~1.10/bin/../lib/gcc/arm-none-eabi/10.3.1/../../../../arm-none-eabi/lib/thumb/v6-m/nofp\libg_nano.a(lib_a-findfp.o)
                0x00001f04                __sfp_lock_acquire
 .text.__sfp_lock_release
                0x00001f14       0x10 c:/progra~2/gnuarm~1/102021~1.10/bin/../lib/gcc/arm-none-eabi/10.3.1/../../../../arm-none-eabi/lib/thumb/v6-m/nofp\libg_nano.a(lib_a-findfp.o)
                0x00001f14                __sfp_lock_release
 .text.__sinit_lock_acquire
                0x00001f24       0x10 c:/progra~2/gnuarm~1/102021~1.10/bin/../lib/gcc/arm-none-eabi/10.3.1/../../../../arm-none-eabi/lib/thumb/v6-m/nofp\libg_nano.a(lib_a-findfp.o)
                0x00001f24                __sinit_lock_acquire
 .text.__sinit_lock_release
                0x00001f34       0x10 c:/progra~2/gnuarm~1/102021~1.10/bin/../lib/gcc/arm-none-eabi/10.3.1/../../../../arm-none-eabi/lib/thumb/v6-m/nofp\libg_nano.a(lib_a-findfp.o)
                0x00001f34                __sinit_lock_release
 .text.__sinit  0x00001f44       0x70 c:/progra~2/gnuarm~1/102021~1.10/bin/../lib/gcc/arm-none-eabi/10.3.1/../../../../arm-none-eabi/lib/thumb/v6-m/nofp\libg_nano.a(lib_a-findfp.o)
                0x00001f44                __sinit
 .text.__sfp    0x00001fb4       0x90 c:/progra~2/gnuarm~1/102021~1.10/bin/../lib/gcc/arm-none-eabi/10.3.1/../../../../arm-none-eabi/lib/thumb/v6-m/nofp\libg_nano.a(lib_a-findfp.o)
                0x00001fb4                __sfp
 .text._fwalk_reent
                0x00002044       0x40 c:/progra~2/gnuarm~1/102021~1.10/bin/../lib/gcc/arm-none-eabi/10.3.1/../../../../arm-none-eabi/lib/thumb/v6-m/nofp\libg_nano.a(lib_a-fwalk.o)
                0x00002044                _fwalk_reent
 .text.__retarget_lock_init_recursive
                0x00002084        0x2 c:/progra~2/gnuarm~1/102021~1.10/bin/../lib/gcc/arm-none-eabi/10.3.1/../../../../arm-none-eabi/lib/thumb/v6-m/nofp\libg_nano.a(lib_a-lock.o)
                0x00002084                __retarget_lock_init_recursive
 .text.__retarget_lock_acquire_recursive
                0x00002086        0x2 c:/progra~2/gnuarm~1/102021~1.10/bin/../lib/gcc/arm-none-eabi/10.3.1/../../../../arm-none-eabi/lib/thumb/v6-m/nofp\libg_nano.a(lib_a-lock.o)
                0x00002086                __retarget_lock_acquire_recursive
 .text.__retarget_lock_release_recursive
                0x00002088        0x2 c:/progra~2/gnuarm~1/102021~1.10/bin/../lib/gcc/arm-none-eabi/10.3.1/../../../../arm-none-eabi/lib/thumb/v6-m/nofp\libg_nano.a(lib_a-lock.o)
                0x00002088                __retarget_lock_release_recursive
 *fill*         0x0000208a        0x2 
 .text.__swhatbuf_r
                0x0000208c       0x50 c:/progra~2/gnuarm~1/102021~1.10/bin/../lib/gcc/arm-none-eabi/10.3.1/../../../../arm-none-eabi/lib/thumb/v6-m/nofp\libg_nano.a(lib_a-makebuf.o)
                0x0000208c                __swhatbuf_r
 .text.__smakebuf_r
                0x000020dc       0x88 c:/progra~2/gnuarm~1/102021~1.10/bin/../lib/gcc/arm-none-eabi/10.3.1/../../../../arm-none-eabi/lib/thumb/v6-m/nofp\libg_nano.a(lib_a-makebuf.o)
                0x000020dc                __smakebuf_r
 .text._free_r  0x00002164       0x94 c:/progra~2/gnuarm~1/102021~1.10/bin/../lib/gcc/arm-none-eabi/10.3.1/../../../../arm-none-eabi/lib/thumb/v6-m/nofp\libg_nano.a(lib_a-nano-freer.o)
                0x00002164                _free_r
 .text.sbrk_aligned
                0x000021f8       0x44 c:/progra~2/gnuarm~1/102021~1.10/bin/../lib/gcc/arm-none-eabi/10.3.1/../../../../arm-none-eabi/lib/thumb/v6-m/nofp\libg_nano.a(lib_a-nano-mallocr.o)
 .text._malloc_r
                0x0000223c       0xec c:/progra~2/gnuarm~1/102021~1.10/bin/../lib/gcc/arm-none-eabi/10.3.1/../../../../arm-none-eabi/lib/thumb/v6-m/nofp\libg_nano.a(lib_a-nano-mallocr.o)
                0x0000223c                _malloc_r
 .text.__sfputc_r
                0x00002328       0x2a c:/progra~2/gnuarm~1/102021~1.10/bin/../lib/gcc/arm-none-eabi/10.3.1/../../../../arm-none-eabi/lib/thumb/v6-m/nofp\libg_nano.a(lib_a-nano-vfprintf.o)
 .text.__sfputs_r
                0x00002352       0x24 c:/progra~2/gnuarm~1/102021~1.10/bin/../lib/gcc/arm-none-eabi/10.3.1/../../../../arm-none-eabi/lib/thumb/v6-m/nofp\libg_nano.a(lib_a-nano-vfprintf.o)
                0x00002352                __sfputs_r
 *fill*         0x00002376        0x2 
 .text._vfprintf_r
                0x00002378      0x274 c:/progra~2/gnuarm~1/102021~1.10/bin/../lib/gcc/arm-none-eabi/10.3.1/../../../../arm-none-eabi/lib/thumb/v6-m/nofp\libg_nano.a(lib_a-nano-vfprintf.o)
                0x00002378                _vfprintf_r
                0x00002378                _vfiprintf_r
 .text._printf_common
                0x000025ec       0xde c:/progra~2/gnuarm~1/102021~1.10/bin/../lib/gcc/arm-none-eabi/10.3.1/../../../../arm-none-eabi/lib/thumb/v6-m/nofp\libg_nano.a(lib_a-nano-vfprintf_i.o)
                0x000025ec                _printf_common
 *fill*         0x000026ca        0x2 
 .text._printf_i
                0x000026cc      0x224 c:/progra~2/gnuarm~1/102021~1.10/bin/../lib/gcc/arm-none-eabi/10.3.1/../../../../arm-none-eabi/lib/thumb/v6-m/nofp\libg_nano.a(lib_a-nano-vfprintf_i.o)
                0x000026cc                _printf_i
 .text._sbrk_r  0x000028f0       0x24 c:/progra~2/gnuarm~1/102021~1.10/bin/../lib/gcc/arm-none-eabi/10.3.1/../../../../arm-none-eabi/lib/thumb/v6-m/nofp\libg_nano.a(lib_a-sbrkr.o)
                0x000028f0                _sbrk_r
 .text.__sread  0x00002914       0x28 c:/progra~2/gnuarm~1/102021~1.10/bin/../lib/gcc/arm-none-eabi/10.3.1/../../../../arm-none-eabi/lib/thumb/v6-m/nofp\libg_nano.a(lib_a-stdio.o)
                0x00002914                __sread
 .text.__swrite
                0x0000293c       0x38 c:/progra~2/gnuarm~1/102021~1.10/bin/../lib/gcc/arm-none-eabi/10.3.1/../../../../arm-none-eabi/lib/thumb/v6-m/nofp\libg_nano.a(lib_a-stdio.o)
                0x0000293c                __swrite
 .text.__sseek  0x00002974       0x2c c:/progra~2/gnuarm~1/102021~1.10/bin/../lib/gcc/arm-none-eabi/10.3.1/../../../../arm-none-eabi/lib/thumb/v6-m/nofp\libg_nano.a(lib_a-stdio.o)
                0x00002974                __sseek
 .text.__sclose
                0x000029a0        0xc c:/progra~2/gnuarm~1/102021~1.10/bin/../lib/gcc/arm-none-eabi/10.3.1/../../../../arm-none-eabi/lib/thumb/v6-m/nofp\libg_nano.a(lib_a-stdio.o)
                0x000029a0                __sclose
 .text._write_r
                0x000029ac       0x28 c:/progra~2/gnuarm~1/102021~1.10/bin/../lib/gcc/arm-none-eabi/10.3.1/../../../../arm-none-eabi/lib/thumb/v6-m/nofp\libg_nano.a(lib_a-writer.o)
                0x000029ac                _write_r
 .text._close_r
                0x000029d4       0x24 c:/progra~2/gnuarm~1/102021~1.10/bin/../lib/gcc/arm-none-eabi/10.3.1/../../../../arm-none-eabi/lib/thumb/v6-m/nofp\libg_nano.a(lib_a-closer.o)
                0x000029d4                _close_r
 .text._fstat_r
                0x000029f8       0x24 c:/progra~2/gnuarm~1/102021~1.10/bin/../lib/gcc/arm-none-eabi/10.3.1/../../../../arm-none-eabi/lib/thumb/v6-m/nofp\libg_nano.a(lib_a-fstatr.o)
                0x000029f8                _fstat_r
 .text._isatty_r
                0x00002a1c       0x24 c:/progra~2/gnuarm~1/102021~1.10/bin/../lib/gcc/arm-none-eabi/10.3.1/../../../../arm-none-eabi/lib/thumb/v6-m/nofp\libg_nano.a(lib_a-isattyr.o)
                0x00002a1c                _isatty_r
 .text._lseek_r
                0x00002a40       0x28 c:/progra~2/gnuarm~1/102021~1.10/bin/../lib/gcc/arm-none-eabi/10.3.1/../../../../arm-none-eabi/lib/thumb/v6-m/nofp\libg_nano.a(lib_a-lseekr.o)
                0x00002a40                _lseek_r
 .text.memchr   0x00002a68       0x16 c:/progra~2/gnuarm~1/102021~1.10/bin/../lib/gcc/arm-none-eabi/10.3.1/../../../../arm-none-eabi/lib/thumb/v6-m/nofp\libg_nano.a(lib_a-memchr-stub.o)
                0x00002a68                memchr
 *fill*         0x00002a7e        0x2 
 .text.__malloc_lock
                0x00002a80       0x10 c:/progra~2/gnuarm~1/102021~1.10/bin/../lib/gcc/arm-none-eabi/10.3.1/../../../../arm-none-eabi/lib/thumb/v6-m/nofp\libg_nano.a(lib_a-mlock.o)
                0x00002a80                __malloc_lock
 .text.__malloc_unlock
                0x00002a90       0x10 c:/progra~2/gnuarm~1/102021~1.10/bin/../lib/gcc/arm-none-eabi/10.3.1/../../../../arm-none-eabi/lib/thumb/v6-m/nofp\libg_nano.a(lib_a-mlock.o)
                0x00002a90                __malloc_unlock
 .text._read_r  0x00002aa0       0x28 c:/progra~2/gnuarm~1/102021~1.10/bin/../lib/gcc/arm-none-eabi/10.3.1/../../../../arm-none-eabi/lib/thumb/v6-m/nofp\libg_nano.a(lib_a-readr.o)
                0x00002aa0                _read_r
 .text          0x00002ac8       0x14 c:/progra~2/gnuarm~1/102021~1.10/bin/../lib/gcc/arm-none-eabi/10.3.1/thumb/v6-m/nofp\libgcc.a(_thumb1_case_shi.o)
                0x00002ac8                __gnu_thumb1_case_shi
 .text._close   0x00002adc       0x10 c:/progra~2/gnuarm~1/102021~1.10/bin/../lib/gcc/arm-none-eabi/10.3.1/../../../../arm-none-eabi/lib/thumb/v6-m/nofp\libnosys.a(close.o)
                0x00002adc                _close
 .text._fstat   0x00002aec       0x10 c:/progra~2/gnuarm~1/102021~1.10/bin/../lib/gcc/arm-none-eabi/10.3.1/../../../../arm-none-eabi/lib/thumb/v6-m/nofp\libnosys.a(fstat.o)
                0x00002aec                _fstat
 .text._isatty  0x00002afc       0x10 c:/progra~2/gnuarm~1/102021~1.10/bin/../lib/gcc/arm-none-eabi/10.3.1/../../../../arm-none-eabi/lib/thumb/v6-m/nofp\libnosys.a(isatty.o)
                0x00002afc                _isatty
 .text._lseek   0x00002b0c       0x10 c:/progra~2/gnuarm~1/102021~1.10/bin/../lib/gcc/arm-none-eabi/10.3.1/../../../../arm-none-eabi/lib/thumb/v6-m/nofp\libnosys.a(lseek.o)
                0x00002b0c                _lseek
 .text._read    0x00002b1c       0x10 c:/progra~2/gnuarm~1/102021~1.10/bin/../lib/gcc/arm-none-eabi/10.3.1/../../../../arm-none-eabi/lib/thumb/v6-m/nofp\libnosys.a(read.o)
                0x00002b1c                _read
 .text._sbrk    0x00002b2c       0x1c c:/progra~2/gnuarm~1/102021~1.10/bin/../lib/gcc/arm-none-eabi/10.3.1/../../../../arm-none-eabi/lib/thumb/v6-m/nofp\libnosys.a(sbrk.o)
                0x00002b2c                _sbrk
 *(.init)
 .init          0x00002b48        0x4 c:/progra~2/gnuarm~1/102021~1.10/bin/../lib/gcc/arm-none-eabi/10.3.1/thumb/v6-m/nofp/crti.o
                0x00002b48                _init
 .init          0x00002b4c        0x8 c:/progra~2/gnuarm~1/102021~1.10/bin/../lib/gcc/arm-none-eabi/10.3.1/thumb/v6-m/nofp/crtn.o
 *(.fini)
 .fini          0x00002b54        0x4 c:/progra~2/gnuarm~1/102021~1.10/bin/../lib/gcc/arm-none-eabi/10.3.1/thumb/v6-m/nofp/crti.o
                0x00002b54                _fini
 .fini          0x00002b58        0x8 c:/progra~2/gnuarm~1/102021~1.10/bin/../lib/gcc/arm-none-eabi/10.3.1/thumb/v6-m/nofp/crtn.o
 *crtbegin.o(.ctors)
 *crtbegin?.o(.ctors)
 *(EXCLUDE_FILE(*crtend.o *crtend?.o) .ctors)
 *(SORT_BY_NAME(.ctors.*))
 *(.ctors)
 *crtbegin.o(.dtors)
 *crtbegin?.o(.dtors)
 *(EXCLUDE_FILE(*crtend.o *crtend?.o) .dtors)
 *(SORT_BY_NAME(.dtors.*))
 *(.dtors)
 *(.rodata*)
 .rodata._global_impure_ptr
                0x00002b60        0x4 c:/progra~2/gnuarm~1/102021~1.10/bin/../lib/gcc/arm-none-eabi/10.3.1/../../../../arm-none-eabi/lib/thumb/v6-m/nofp\libc_nano.a(lib_a-impure.o)
                0x00002b60                _global_impure_ptr
 .rodata.main.str1.4
                0x00002b64      0x153 CMakeFiles\WZTOE_DNSClient.dir\main.c.obj
 *fill*         0x00002cb7        0x1 
 .rodata        0x00002cb8       0x26 CMakeFiles\WZTOE_DNSClient.dir\main.c.obj
 *fill*         0x00002cde        0x2 
 .rodata.dns_answer
                0x00002ce0       0x40 CMakeFiles\WZTOE_DNSClient.dir\__\__\__\__\Libraries\ioLibrary\Internet\DNS\dns.c.obj
 .rodata.ctlnetwork
                0x00002d20       0x18 CMakeFiles\WZTOE_DNSClient.dir\__\__\__\__\Libraries\ioLibrary\Ethernet\wizchip_conf.c.obj
 .rodata.__sf_fake_stderr
                0x00002d38       0x20 c:/progra~2/gnuarm~1/102021~1.10/bin/../lib/gcc/arm-none-eabi/10.3.1/../../../../arm-none-eabi/lib/thumb/v6-m/nofp\libg_nano.a(lib_a-findfp.o)
                0x00002d38                __sf_fake_stderr
 .rodata.__sf_fake_stdin
                0x00002d58       0x20 c:/progra~2/gnuarm~1/102021~1.10/bin/../lib/gcc/arm-none-eabi/10.3.1/../../../../arm-none-eabi/lib/thumb/v6-m/nofp\libg_nano.a(lib_a-findfp.o)
                0x00002d58                __sf_fake_stdin
 .rodata.__sf_fake_stdout
                0x00002d78       0x20 c:/progra~2/gnuarm~1/102021~1.10/bin/../lib/gcc/arm-none-eabi/10.3.1/../../../../arm-none-eabi/lib/thumb/v6-m/nofp\libg_nano.a(lib_a-findfp.o)
                0x00002d78                __sf_fake_stdout
 .rodata._vfprintf_r.str1.1
                0x00002d98       0x11 c:/progra~2/gnuarm~1/102021~1.10/bin/../lib/gcc/arm-none-eabi/10.3.1/../../../../arm-none-eabi/lib/thumb/v6-m/nofp\libg_nano.a(lib_a-nano-vfprintf.o)
 .rodata._printf_i.str1.1
                0x00002da9       0x22 c:/progra~2/gnuarm~1/102021~1.10/bin/../lib/gcc/arm-none-eabi/10.3.1/../../../../arm-none-eabi/lib/thumb/v6-m/nofp\libg_nano.a(lib_a-nano-vfprintf_i.o)
 *(.eh_frame*)
 *fill*         0x00002dcb        0x1 
 .eh_frame      0x00002dcc        0x0 c:/progra~2/gnuarm~1/102021~1.10/bin/../lib/gcc/arm-none-eabi/10.3.1/thumb/v6-m/nofp/crtbegin.o
 .eh_frame      0x00002dcc        0x4 c:/progra~2/gnuarm~1/102021~1.10/bin/../lib/gcc/arm-none-eabi/10.3.1/thumb/v6-m/nofp/crtend.o

.glue_7         0x00002dd0        0x0
 .glue_7        0x00002dd0        0x0 linker stubs

.glue_7t        0x00002dd0        0x0
 .glue_7t       0x00002dd0        0x0 linker stubs

.vfp11_veneer   0x00002dd0        0x0
 .vfp11_veneer  0x00002dd0        0x0 linker stubs

.v4_bx          0x00002dd0        0x0
 .v4_bx         0x00002dd0        0x0 linker stubs

.iplt           0x00002dd0        0x0
 .iplt          0x00002dd0        0x0 c:/progra~2/gnuarm~1/102021~1.10/bin/../lib/gcc/arm-none-eabi/10.3.1/thumb/v6-m/nofp/crtbegin.o

.rel.dyn        0x00002dd0        0x0
 .rel.iplt      0x00002dd0        0x0 c:/progra~2/gnuarm~1/102021~1.10/bin/../lib/gcc/arm-none-eabi/10.3.1/thumb/v6-m/nofp/crtbegin.o

.ARM.extab
 *(.ARM.extab* .gnu.linkonce.armextab.*)
                0x00002dd0                __exidx_start = .

.ARM.exidx
 *(.ARM.exidx* .gnu.linkonce.armexidx.*)
                0x00002dd0                __exidx_end = .
                0x00002dd0                __etext = .

.data           0x20000000       0x70 load address 0x00002dd0
                0x20000000                __data_start__ = .
 *(vtable)
 *(.data*)
 .data._impure_ptr
                0x20000000        0x4 c:/progra~2/gnuarm~1/102021~1.10/bin/../lib/gcc/arm-none-eabi/10.3.1/../../../../arm-none-eabi/lib/thumb/v6-m/nofp\libc_nano.a(lib_a-impure.o)
                0x20000000                _impure_ptr
 .data.impure_data
                0x20000004       0x60 c:/progra~2/gnuarm~1/102021~1.10/bin/../lib/gcc/arm-none-eabi/10.3.1/../../../../arm-none-eabi/lib/thumb/v6-m/nofp\libc_nano.a(lib_a-impure.o)
 .data.sock_any_port
                0x20000064        0x2 CMakeFiles\WZTOE_DNSClient.dir\__\__\__\__\Libraries\ioLibrary\Ethernet\socket.c.obj
                0x20000068                . = ALIGN (0x4)
 *fill*         0x20000066        0x2 
                0x20000068                PROVIDE (__preinit_array_start = .)
 *(.preinit_array)
                0x20000068                PROVIDE (__preinit_array_end = .)
                0x20000068                . = ALIGN (0x4)
                0x20000068                PROVIDE (__init_array_start = .)
 *(SORT_BY_NAME(.init_array.*))
 *(.init_array)
 .init_array    0x20000068        0x4 c:/progra~2/gnuarm~1/102021~1.10/bin/../lib/gcc/arm-none-eabi/10.3.1/thumb/v6-m/nofp/crtbegin.o
                0x2000006c                PROVIDE (__init_array_end = .)
                0x2000006c                . = ALIGN (0x4)
                [!provide]                PROVIDE (__fini_array_start = .)
 *(SORT_BY_NAME(.fini_array.*))
 *(.fini_array)
 .fini_array    0x2000006c        0x4 c:/progra~2/gnuarm~1/102021~1.10/bin/../lib/gcc/arm-none-eabi/10.3.1/thumb/v6-m/nofp/crtbegin.o
                [!provide]                PROVIDE (__fini_array_end = .)
 *(.jcr*)
                0x20000070                . = ALIGN (0x4)
                0x20000070                __data_end__ = .

.igot.plt       0x20000070        0x0 load address 0x00002e40
 .igot.plt      0x20000070        0x0 c:/progra~2/gnuarm~1/102021~1.10/bin/../lib/gcc/arm-none-eabi/10.3.1/thumb/v6-m/nofp/crtbegin.o

.bss            0x20000070      0x894 load address 0x00002e40
                0x20000070                . = ALIGN (0x4)
                0x20000070                __bss_start__ = .
 *(.bss*)
 .bss           0x20000070       0x1c c:/progra~2/gnuarm~1/102021~1.10/bin/../lib/gcc/arm-none-eabi/10.3.1/thumb/v6-m/nofp/crtbegin.o
 .bss.TimingDelay
                0x2000008c        0x4 CMakeFiles\WZTOE_DNSClient.dir\main.c.obj
 .bss.gWIZNETINFO
                0x20000090       0x17 CMakeFiles\WZTOE_DNSClient.dir\main.c.obj
                0x20000090                gWIZNETINFO
 *fill*         0x200000a7        0x1 
 .bss.test_buf  0x200000a8      0x800 CMakeFiles\WZTOE_DNSClient.dir\main.c.obj
                0x200000a8                test_buf
 .bss.SystemCoreClock
                0x200008a8        0x4 CMakeFiles\WZTOE_DNSClient.dir\__\__\__\__\Libraries\CMSIS\Device\WIZnet\W7500\Source\system_w7500x.c.obj
 .bss.SystemSourceClock
                0x200008ac        0x4 CMakeFiles\WZTOE_DNSClient.dir\__\__\__\__\Libraries\CMSIS\Device\WIZnet\W7500\Source\system_w7500x.c.obj
 .bss.PHY_ADDR  0x200008b0        0x4 CMakeFiles\WZTOE_DNSClient.dir\__\__\__\__\Libraries\W7500x_StdPeriph_Driver\src\w7500x_miim.c.obj
 .bss.miim_MDC  0x200008b4        0x2 CMakeFiles\WZTOE_DNSClient.dir\__\__\__\__\Libraries\W7500x_StdPeriph_Driver\src\w7500x_miim.c.obj
 .bss.miim_MDIO
                0x200008b6        0x2 CMakeFiles\WZTOE_DNSClient.dir\__\__\__\__\Libraries\W7500x_StdPeriph_Driver\src\w7500x_miim.c.obj
 .bss.miim_PORT
                0x200008b8        0x4 CMakeFiles\WZTOE_DNSClient.dir\__\__\__\__\Libraries\W7500x_StdPeriph_Driver\src\w7500x_miim.c.obj
 .bss.DNS_MSGID
                0x200008bc        0x2 CMakeFiles\WZTOE_DNSClient.dir\__\__\__\__\Libraries\ioLibrary\Internet\DNS\dns.c.obj
                0x200008bc                DNS_MSGID
 .bss.DNS_SOCKET
                0x200008be        0x1 CMakeFiles\WZTOE_DNSClient.dir\__\__\__\__\Libraries\ioLibrary\Internet\DNS\dns.c.obj
                0x200008be                DNS_SOCKET
 *fill*         0x200008bf        0x1 
 .bss.dns_1s_tick
                0x200008c0        0x4 CMakeFiles\WZTOE_DNSClient.dir\__\__\__\__\Libraries\ioLibrary\Internet\DNS\dns.c.obj
                0x200008c0                dns_1s_tick
 .bss.pDNSMSG   0x200008c4        0x4 CMakeFiles\WZTOE_DNSClient.dir\__\__\__\__\Libraries\ioLibrary\Internet\DNS\dns.c.obj
                0x200008c4                pDNSMSG
 .bss.retry_count.0
                0x200008c8        0x1 CMakeFiles\WZTOE_DNSClient.dir\__\__\__\__\Libraries\ioLibrary\Internet\DNS\dns.c.obj
 *fill*         0x200008c9        0x1 
 .bss.sock_io_mode
                0x200008ca        0x2 CMakeFiles\WZTOE_DNSClient.dir\__\__\__\__\Libraries\ioLibrary\Ethernet\socket.c.obj
 .bss.sock_is_sending
                0x200008cc        0x2 CMakeFiles\WZTOE_DNSClient.dir\__\__\__\__\Libraries\ioLibrary\Ethernet\socket.c.obj
 *fill*         0x200008ce        0x2 
 .bss.sock_pack_info
                0x200008d0        0x8 CMakeFiles\WZTOE_DNSClient.dir\__\__\__\__\Libraries\ioLibrary\Ethernet\socket.c.obj
 .bss.sock_remained_size
                0x200008d8       0x10 CMakeFiles\WZTOE_DNSClient.dir\__\__\__\__\Libraries\ioLibrary\Ethernet\socket.c.obj
 .bss._DHCP_    0x200008e8        0x1 CMakeFiles\WZTOE_DNSClient.dir\__\__\__\__\Libraries\ioLibrary\Ethernet\wizchip_conf.c.obj
 *fill*         0x200008e9        0x3 
 .bss._DNS_     0x200008ec        0x4 CMakeFiles\WZTOE_DNSClient.dir\__\__\__\__\Libraries\ioLibrary\Ethernet\wizchip_conf.c.obj
 .bss.__lock___malloc_recursive_mutex
                0x200008f0        0x1 c:/progra~2/gnuarm~1/102021~1.10/bin/../lib/gcc/arm-none-eabi/10.3.1/../../../../arm-none-eabi/lib/thumb/v6-m/nofp\libg_nano.a(lib_a-lock.o)
                0x200008f0                __lock___malloc_recursive_mutex
 .bss.__lock___sfp_recursive_mutex
                0x200008f1        0x1 c:/progra~2/gnuarm~1/102021~1.10/bin/../lib/gcc/arm-none-eabi/10.3.1/../../../../arm-none-eabi/lib/thumb/v6-m/nofp\libg_nano.a(lib_a-lock.o)
                0x200008f1                __lock___sfp_recursive_mutex
 .bss.__lock___sinit_recursive_mutex
                0x200008f2        0x1 c:/progra~2/gnuarm~1/102021~1.10/bin/../lib/gcc/arm-none-eabi/10.3.1/../../../../arm-none-eabi/lib/thumb/v6-m/nofp\libg_nano.a(lib_a-lock.o)
                0x200008f2                __lock___sinit_recursive_mutex
 *fill*         0x200008f3        0x1 
 .bss.__malloc_free_list
                0x200008f4        0x4 c:/progra~2/gnuarm~1/102021~1.10/bin/../lib/gcc/arm-none-eabi/10.3.1/../../../../arm-none-eabi/lib/thumb/v6-m/nofp\libg_nano.a(lib_a-nano-mallocr.o)
                0x200008f4                __malloc_free_list
 .bss.__malloc_sbrk_start
                0x200008f8        0x4 c:/progra~2/gnuarm~1/102021~1.10/bin/../lib/gcc/arm-none-eabi/10.3.1/../../../../arm-none-eabi/lib/thumb/v6-m/nofp\libg_nano.a(lib_a-nano-mallocr.o)
                0x200008f8                __malloc_sbrk_start
 .bss.errno     0x200008fc        0x4 c:/progra~2/gnuarm~1/102021~1.10/bin/../lib/gcc/arm-none-eabi/10.3.1/../../../../arm-none-eabi/lib/thumb/v6-m/nofp\libg_nano.a(lib_a-reent.o)
                0x200008fc                errno
 .bss.heap_end.0
                0x20000900        0x4 c:/progra~2/gnuarm~1/102021~1.10/bin/../lib/gcc/arm-none-eabi/10.3.1/../../../../arm-none-eabi/lib/thumb/v6-m/nofp\libnosys.a(sbrk.o)
 *(COMMON)
                0x20000904                . = ALIGN (0x4)
                0x20000904                __bss_end__ = .

.heap           0x20000908        0x0
                0x20000908                __end__ = .
                0x20000908                end = __end__
 *(.heap*)
 .heap          0x20000908        0x0 CMakeFiles\WZTOE_DNSClient.dir\__\__\__\__\Libraries\CMSIS\Device\WIZnet\W7500\Source\GCC\startup_W7500.s.obj
                0x20000908                __HeapLimit = .

.stack_dummy    0x20000908      0x200
 *(.stack*)
 .stack         0x20000908      0x200 CMakeFiles\WZTOE_DNSClient.dir\__\__\__\__\Libraries\CMSIS\Device\WIZnet\W7500\Source\GCC\startup_W7500.s.obj
                0x20003fc0                __StackTop = (ORIGIN (RAM) + LENGTH (RAM))
                0x20003dc0                __StackLimit = (__StackTop - SIZEOF (.stack_dummy))
                0x20003fc0                PROVIDE (__stack = __StackTop)
                0x00000001                ASSERT ((__StackLimit >= __HeapLimit), region RAM overflowed with stack)
OUTPUT(WZTOE_DNSClient elf32-littlearm)
LOAD linker stubs

.ARM.attributes
                0x00000000       0x28
 .ARM.attributes
                0x00000000       0x1e c:/progra~2/gnuarm~1/102021~1.10/bin/../lib/gcc/arm-none-eabi/10.3.1/thumb/v6-m/nofp/crti.o
 .ARM.attributes
                0x0000001e       0x2c c:/progra~2/gnuarm~1/102021~1.10/bin/../lib/gcc/arm-none-eabi/10.3.1/thumb/v6-m/nofp/crtbegin.o
 .ARM.attributes
                0x0000004a       0x2c c:/progra~2/gnuarm~1/102021~1.10/bin/../lib/gcc/arm-none-eabi/10.3.1/../../../../arm-none-eabi/lib/thumb/v6-m/nofp\libc_nano.a(lib_a-impure.o)
 .ARM.attributes
                0x00000076       0x2c c:/progra~2/gnuarm~1/102021~1.10/bin/../lib/gcc/arm-none-eabi/10.3.1/../../../../arm-none-eabi/lib/thumb/v6-m/nofp\libc_nano.a(lib_a-memset.o)
 .ARM.attributes
                0x000000a2       0x2c CMakeFiles\WZTOE_DNSClient.dir\main.c.obj
 .ARM.attributes
                0x000000ce       0x2c CMakeFiles\WZTOE_DNSClient.dir\w7500x_it.c.obj
 .ARM.attributes
                0x000000fa       0x2c CMakeFiles\WZTOE_DNSClient.dir\retarget.c.obj
 .ARM.attributes
                0x00000126       0x1b CMakeFiles\WZTOE_DNSClient.dir\__\__\__\__\Libraries\CMSIS\Device\WIZnet\W7500\Source\GCC\startup_W7500.s.obj
 .ARM.attributes
                0x00000141       0x2c CMakeFiles\WZTOE_DNSClient.dir\__\__\__\__\Libraries\CMSIS\Device\WIZnet\W7500\Source\system_w7500x.c.obj
 .ARM.attributes
                0x0000016d       0x2c CMakeFiles\WZTOE_DNSClient.dir\__\__\__\__\Libraries\W7500x_StdPeriph_Driver\src\w7500x_gpio.c.obj
 .ARM.attributes
                0x00000199       0x2c CMakeFiles\WZTOE_DNSClient.dir\__\__\__\__\Libraries\W7500x_StdPeriph_Driver\src\w7500x_uart.c.obj
 .ARM.attributes
                0x000001c5       0x2c CMakeFiles\WZTOE_DNSClient.dir\__\__\__\__\Libraries\W7500x_StdPeriph_Driver\src\w7500x_crg.c.obj
 .ARM.attributes
                0x000001f1       0x2c CMakeFiles\WZTOE_DNSClient.dir\__\__\__\__\Libraries\W7500x_StdPeriph_Driver\src\w7500x_dualtimer.c.obj
 .ARM.attributes
                0x0000021d       0x2c CMakeFiles\WZTOE_DNSClient.dir\__\__\__\__\Libraries\W7500x_StdPeriph_Driver\src\w7500x_miim.c.obj
 .ARM.attributes
                0x00000249       0x2c CMakeFiles\WZTOE_DNSClient.dir\__\__\__\__\Libraries\W7500x_StdPeriph_Driver\src\w7500x_misc.c.obj
 .ARM.attributes
                0x00000275       0x2c CMakeFiles\WZTOE_DNSClient.dir\__\__\__\__\Libraries\ioLibrary\Internet\DNS\dns.c.obj
 .ARM.attributes
                0x000002a1       0x2c CMakeFiles\WZTOE_DNSClient.dir\__\__\__\__\Libraries\ioLibrary\Ethernet\socket.c.obj
 .ARM.attributes
                0x000002cd       0x2c CMakeFiles\WZTOE_DNSClient.dir\__\__\__\__\Libraries\W7500x_StdPeriph_Driver\src\w7500x_wztoe.c.obj
 .ARM.attributes
                0x000002f9       0x2c CMakeFiles\WZTOE_DNSClient.dir\__\__\__\__\Libraries\ioLibrary\Ethernet\wizchip_conf.c.obj
 .ARM.attributes
                0x00000325       0x1e c:/progra~2/gnuarm~1/102021~1.10/bin/../lib/gcc/arm-none-eabi/10.3.1/thumb/v6-m/nofp\libgcc.a(_udivsi3.o)
 .ARM.attributes
                0x00000343       0x1e c:/progra~2/gnuarm~1/102021~1.10/bin/../lib/gcc/arm-none-eabi/10.3.1/thumb/v6-m/nofp\libgcc.a(_dvmd_tls.o)
 .ARM.attributes
                0x00000361       0x2c c:/progra~2/gnuarm~1/102021~1.10/bin/../lib/gcc/arm-none-eabi/10.3.1/../../../../arm-none-eabi/lib/thumb/v6-m/nofp\libg_nano.a(lib_a-memcpy-stub.o)
 .ARM.attributes
                0x0000038d       0x2c c:/progra~2/gnuarm~1/102021~1.10/bin/../lib/gcc/arm-none-eabi/10.3.1/../../../../arm-none-eabi/lib/thumb/v6-m/nofp\libg_nano.a(lib_a-printf.o)
 .ARM.attributes
                0x000003b9       0x2c c:/progra~2/gnuarm~1/102021~1.10/bin/../lib/gcc/arm-none-eabi/10.3.1/../../../../arm-none-eabi/lib/thumb/v6-m/nofp\libg_nano.a(lib_a-puts.o)
 .ARM.attributes
                0x000003e5       0x2c c:/progra~2/gnuarm~1/102021~1.10/bin/../lib/gcc/arm-none-eabi/10.3.1/../../../../arm-none-eabi/lib/thumb/v6-m/nofp\libg_nano.a(lib_a-stpcpy.o)
 .ARM.attributes
                0x00000411       0x2c c:/progra~2/gnuarm~1/102021~1.10/bin/../lib/gcc/arm-none-eabi/10.3.1/../../../../arm-none-eabi/lib/thumb/v6-m/nofp\libg_nano.a(lib_a-strchr.o)
 .ARM.attributes
                0x0000043d       0x2c c:/progra~2/gnuarm~1/102021~1.10/bin/../lib/gcc/arm-none-eabi/10.3.1/../../../../arm-none-eabi/lib/thumb/v6-m/nofp\libg_nano.a(lib_a-strncpy.o)
 .ARM.attributes
                0x00000469       0x2c c:/progra~2/gnuarm~1/102021~1.10/bin/../lib/gcc/arm-none-eabi/10.3.1/../../../../arm-none-eabi/lib/thumb/v6-m/nofp\libg_nano.a(lib_a-wbuf.o)
 .ARM.attributes
                0x00000495       0x2c c:/progra~2/gnuarm~1/102021~1.10/bin/../lib/gcc/arm-none-eabi/10.3.1/../../../../arm-none-eabi/lib/thumb/v6-m/nofp\libg_nano.a(lib_a-wsetup.o)
 .ARM.attributes
                0x000004c1       0x2c c:/progra~2/gnuarm~1/102021~1.10/bin/../lib/gcc/arm-none-eabi/10.3.1/../../../../arm-none-eabi/lib/thumb/v6-m/nofp\libg_nano.a(lib_a-fflush.o)
 .ARM.attributes
                0x000004ed       0x2c c:/progra~2/gnuarm~1/102021~1.10/bin/../lib/gcc/arm-none-eabi/10.3.1/../../../../arm-none-eabi/lib/thumb/v6-m/nofp\libg_nano.a(lib_a-findfp.o)
 .ARM.attributes
                0x00000519       0x2c c:/progra~2/gnuarm~1/102021~1.10/bin/../lib/gcc/arm-none-eabi/10.3.1/../../../../arm-none-eabi/lib/thumb/v6-m/nofp\libg_nano.a(lib_a-fwalk.o)
 .ARM.attributes
                0x00000545       0x2c c:/progra~2/gnuarm~1/102021~1.10/bin/../lib/gcc/arm-none-eabi/10.3.1/../../../../arm-none-eabi/lib/thumb/v6-m/nofp\libg_nano.a(lib_a-lock.o)
 .ARM.attributes
                0x00000571       0x2c c:/progra~2/gnuarm~1/102021~1.10/bin/../lib/gcc/arm-none-eabi/10.3.1/../../../../arm-none-eabi/lib/thumb/v6-m/nofp\libg_nano.a(lib_a-makebuf.o)
 .ARM.attributes
                0x0000059d       0x2c c:/progra~2/gnuarm~1/102021~1.10/bin/../lib/gcc/arm-none-eabi/10.3.1/../../../../arm-none-eabi/lib/thumb/v6-m/nofp\libg_nano.a(lib_a-nano-freer.o)
 .ARM.attributes
                0x000005c9       0x2c c:/progra~2/gnuarm~1/102021~1.10/bin/../lib/gcc/arm-none-eabi/10.3.1/../../../../arm-none-eabi/lib/thumb/v6-m/nofp\libg_nano.a(lib_a-nano-mallocr.o)
 .ARM.attributes
                0x000005f5       0x2c c:/progra~2/gnuarm~1/102021~1.10/bin/../lib/gcc/arm-none-eabi/10.3.1/../../../../arm-none-eabi/lib/thumb/v6-m/nofp\libg_nano.a(lib_a-nano-vfprintf.o)
 .ARM.attributes
                0x00000621       0x2c c:/progra~2/gnuarm~1/102021~1.10/bin/../lib/gcc/arm-none-eabi/10.3.1/../../../../arm-none-eabi/lib/thumb/v6-m/nofp\libg_nano.a(lib_a-nano-vfprintf_i.o)
 .ARM.attributes
                0x0000064d       0x2c c:/progra~2/gnuarm~1/102021~1.10/bin/../lib/gcc/arm-none-eabi/10.3.1/../../../../arm-none-eabi/lib/thumb/v6-m/nofp\libg_nano.a(lib_a-sbrkr.o)
 .ARM.attributes
                0x00000679       0x2c c:/progra~2/gnuarm~1/102021~1.10/bin/../lib/gcc/arm-none-eabi/10.3.1/../../../../arm-none-eabi/lib/thumb/v6-m/nofp\libg_nano.a(lib_a-stdio.o)
 .ARM.attributes
                0x000006a5       0x2c c:/progra~2/gnuarm~1/102021~1.10/bin/../lib/gcc/arm-none-eabi/10.3.1/../../../../arm-none-eabi/lib/thumb/v6-m/nofp\libg_nano.a(lib_a-writer.o)
 .ARM.attributes
                0x000006d1       0x2c c:/progra~2/gnuarm~1/102021~1.10/bin/../lib/gcc/arm-none-eabi/10.3.1/../../../../arm-none-eabi/lib/thumb/v6-m/nofp\libg_nano.a(lib_a-closer.o)
 .ARM.attributes
                0x000006fd       0x2c c:/progra~2/gnuarm~1/102021~1.10/bin/../lib/gcc/arm-none-eabi/10.3.1/../../../../arm-none-eabi/lib/thumb/v6-m/nofp\libg_nano.a(lib_a-fstatr.o)
 .ARM.attributes
                0x00000729       0x2c c:/progra~2/gnuarm~1/102021~1.10/bin/../lib/gcc/arm-none-eabi/10.3.1/../../../../arm-none-eabi/lib/thumb/v6-m/nofp\libg_nano.a(lib_a-isattyr.o)
 .ARM.attributes
                0x00000755       0x2c c:/progra~2/gnuarm~1/102021~1.10/bin/../lib/gcc/arm-none-eabi/10.3.1/../../../../arm-none-eabi/lib/thumb/v6-m/nofp\libg_nano.a(lib_a-lseekr.o)
 .ARM.attributes
                0x00000781       0x2c c:/progra~2/gnuarm~1/102021~1.10/bin/../lib/gcc/arm-none-eabi/10.3.1/../../../../arm-none-eabi/lib/thumb/v6-m/nofp\libg_nano.a(lib_a-memchr-stub.o)
 .ARM.attributes
                0x000007ad       0x2c c:/progra~2/gnuarm~1/102021~1.10/bin/../lib/gcc/arm-none-eabi/10.3.1/../../../../arm-none-eabi/lib/thumb/v6-m/nofp\libg_nano.a(lib_a-mlock.o)
 .ARM.attributes
                0x000007d9       0x2c c:/progra~2/gnuarm~1/102021~1.10/bin/../lib/gcc/arm-none-eabi/10.3.1/../../../../arm-none-eabi/lib/thumb/v6-m/nofp\libg_nano.a(lib_a-readr.o)
 .ARM.attributes
                0x00000805       0x2c c:/progra~2/gnuarm~1/102021~1.10/bin/../lib/gcc/arm-none-eabi/10.3.1/../../../../arm-none-eabi/lib/thumb/v6-m/nofp\libg_nano.a(lib_a-reent.o)
 .ARM.attributes
                0x00000831       0x1e c:/progra~2/gnuarm~1/102021~1.10/bin/../lib/gcc/arm-none-eabi/10.3.1/thumb/v6-m/nofp\libgcc.a(_thumb1_case_shi.o)
 .ARM.attributes
                0x0000084f       0x2c c:/progra~2/gnuarm~1/102021~1.10/bin/../lib/gcc/arm-none-eabi/10.3.1/thumb/v6-m/nofp/crtend.o
 .ARM.attributes
                0x0000087b       0x1e c:/progra~2/gnuarm~1/102021~1.10/bin/../lib/gcc/arm-none-eabi/10.3.1/thumb/v6-m/nofp/crtn.o
 .ARM.attributes
                0x00000899       0x2c c:/progra~2/gnuarm~1/102021~1.10/bin/../lib/gcc/arm-none-eabi/10.3.1/../../../../arm-none-eabi/lib/thumb/v6-m/nofp\libnosys.a(close.o)
 .ARM.attributes
                0x000008c5       0x2c c:/progra~2/gnuarm~1/102021~1.10/bin/../lib/gcc/arm-none-eabi/10.3.1/../../../../arm-none-eabi/lib/thumb/v6-m/nofp\libnosys.a(fstat.o)
 .ARM.attributes
                0x000008f1       0x2c c:/progra~2/gnuarm~1/102021~1.10/bin/../lib/gcc/arm-none-eabi/10.3.1/../../../../arm-none-eabi/lib/thumb/v6-m/nofp\libnosys.a(isatty.o)
 .ARM.attributes
                0x0000091d       0x2c c:/progra~2/gnuarm~1/102021~1.10/bin/../lib/gcc/arm-none-eabi/10.3.1/../../../../arm-none-eabi/lib/thumb/v6-m/nofp\libnosys.a(lseek.o)
 .ARM.attributes
                0x00000949       0x2c c:/progra~2/gnuarm~1/102021~1.10/bin/../lib/gcc/arm-none-eabi/10.3.1/../../../../arm-none-eabi/lib/thumb/v6-m/nofp\libnosys.a(read.o)
 .ARM.attributes
                0x00000975       0x2c c:/progra~2/gnuarm~1/102021~1.10/bin/../lib/gcc/arm-none-eabi/10.3.1/../../../../arm-none-eabi/lib/thumb/v6-m/nofp\libnosys.a(sbrk.o)

.comment        0x00000000       0x49
 .comment       0x00000000       0x49 CMakeFiles\WZTOE_DNSClient.dir\main.c.obj
                                 0x4a (size before relaxing)
 .comment       0x00000049       0x4a CMakeFiles\WZTOE_DNSClient.dir\w7500x_it.c.obj
 .comment       0x00000049       0x4a CMakeFiles\WZTOE_DNSClient.dir\retarget.c.obj
 .comment       0x00000049       0x4a CMakeFiles\WZTOE_DNSClient.dir\__\__\__\__\Libraries\CMSIS\Device\WIZnet\W7500\Source\system_w7500x.c.obj
 .comment       0x00000049       0x4a CMakeFiles\WZTOE_DNSClient.dir\__\__\__\__\Libraries\W7500x_StdPeriph_Driver\src\w7500x_gpio.c.obj
 .comment       0x00000049       0x4a CMakeFiles\WZTOE_DNSClient.dir\__\__\__\__\Libraries\W7500x_StdPeriph_Driver\src\w7500x_uart.c.obj
 .comment       0x00000049       0x4a CMakeFiles\WZTOE_DNSClient.dir\__\__\__\__\Libraries\W7500x_StdPeriph_Driver\src\w7500x_crg.c.obj
 .comment       0x00000049       0x4a CMakeFiles\WZTOE_DNSClient.dir\__\__\__\__\Libraries\W7500x_StdPeriph_Driver\src\w7500x_dualtimer.c.obj
 .comment       0x00000049       0x4a CMakeFiles\WZTOE_DNSClient.dir\__\__\__\__\Libraries\W7500x_StdPeriph_Driver\src\w7500x_miim.c.obj
 .comment       0x00000049       0x4a CMakeFiles\WZTOE_DNSClient.dir\__\__\__\__\Libraries\W7500x_StdPeriph_Driver\src\w7500x_misc.c.obj
 .comment       0x00000049       0x4a CMakeFiles\WZTOE_DNSClient.dir\__\__\__\__\Libraries\ioLibrary\Internet\DNS\dns.c.obj
 .comment       0x00000049       0x4a CMakeFiles\WZTOE_DNSClient.dir\__\__\__\__\Libraries\ioLibrary\Ethernet\socket.c.obj
 .comment       0x00000049       0x4a CMakeFiles\WZTOE_DNSClient.dir\__\__\__\__\Libraries\W7500x_StdPeriph_Driver\src\w7500x_wztoe.c.obj
 .comment       0x00000049       0x4a CMakeFiles\WZTOE_DNSClient.dir\__\__\__\__\Libraries\ioLibrary\Ethernet\wizchip_conf.c.obj

.debug_frame    0x00000000     0x1a50
 .debug_frame   0x00000000       0x20 c:/progra~2/gnuarm~1/102021~1.10/bin/../lib/gcc/arm-none-eabi/10.3.1/../../../../arm-none-eabi/lib/thumb/v6-m/nofp\libc_nano.a(lib_a-memset.o)
 .debug_frame   0x00000020       0x54 CMakeFiles\WZTOE_DNSClient.dir\main.c.obj
 .debug_frame   0x00000074      0x1f0 CMakeFiles\WZTOE_DNSClient.dir\w7500x_it.c.obj
 .debug_frame   0x00000264       0xbc CMakeFiles\WZTOE_DNSClient.dir\retarget.c.obj
 .debug_frame   0x00000320       0x58 CMakeFiles\WZTOE_DNSClient.dir\__\__\__\__\Libraries\CMSIS\Device\WIZnet\W7500\Source\system_w7500x.c.obj
 .debug_frame   0x00000378      0x1a0 CMakeFiles\WZTOE_DNSClient.dir\__\__\__\__\Libraries\W7500x_StdPeriph_Driver\src\w7500x_gpio.c.obj
 .debug_frame   0x00000518      0x1d0 CMakeFiles\WZTOE_DNSClient.dir\__\__\__\__\Libraries\W7500x_StdPeriph_Driver\src\w7500x_uart.c.obj
 .debug_frame   0x000006e8      0x1b8 CMakeFiles\WZTOE_DNSClient.dir\__\__\__\__\Libraries\W7500x_StdPeriph_Driver\src\w7500x_crg.c.obj
 .debug_frame   0x000008a0       0xb8 CMakeFiles\WZTOE_DNSClient.dir\__\__\__\__\Libraries\W7500x_StdPeriph_Driver\src\w7500x_dualtimer.c.obj
 .debug_frame   0x00000958       0xf4 CMakeFiles\WZTOE_DNSClient.dir\__\__\__\__\Libraries\W7500x_StdPeriph_Driver\src\w7500x_miim.c.obj
 .debug_frame   0x00000a4c       0x30 CMakeFiles\WZTOE_DNSClient.dir\__\__\__\__\Libraries\W7500x_StdPeriph_Driver\src\w7500x_misc.c.obj
 .debug_frame   0x00000a7c      0x148 CMakeFiles\WZTOE_DNSClient.dir\__\__\__\__\Libraries\ioLibrary\Internet\DNS\dns.c.obj
 .debug_frame   0x00000bc4      0x1d4 CMakeFiles\WZTOE_DNSClient.dir\__\__\__\__\Libraries\ioLibrary\Ethernet\socket.c.obj
 .debug_frame   0x00000d98       0xd0 CMakeFiles\WZTOE_DNSClient.dir\__\__\__\__\Libraries\W7500x_StdPeriph_Driver\src\w7500x_wztoe.c.obj
 .debug_frame   0x00000e68      0x260 CMakeFiles\WZTOE_DNSClient.dir\__\__\__\__\Libraries\ioLibrary\Ethernet\wizchip_conf.c.obj
 .debug_frame   0x000010c8       0x20 c:/progra~2/gnuarm~1/102021~1.10/bin/../lib/gcc/arm-none-eabi/10.3.1/thumb/v6-m/nofp\libgcc.a(_udivsi3.o)
 .debug_frame   0x000010e8       0x28 c:/progra~2/gnuarm~1/102021~1.10/bin/../lib/gcc/arm-none-eabi/10.3.1/../../../../arm-none-eabi/lib/thumb/v6-m/nofp\libg_nano.a(lib_a-memcpy-stub.o)
 .debug_frame   0x00001110       0x50 c:/progra~2/gnuarm~1/102021~1.10/bin/../lib/gcc/arm-none-eabi/10.3.1/../../../../arm-none-eabi/lib/thumb/v6-m/nofp\libg_nano.a(lib_a-printf.o)
 .debug_frame   0x00001160       0x44 c:/progra~2/gnuarm~1/102021~1.10/bin/../lib/gcc/arm-none-eabi/10.3.1/../../../../arm-none-eabi/lib/thumb/v6-m/nofp\libg_nano.a(lib_a-puts.o)
 .debug_frame   0x000011a4       0x20 c:/progra~2/gnuarm~1/102021~1.10/bin/../lib/gcc/arm-none-eabi/10.3.1/../../../../arm-none-eabi/lib/thumb/v6-m/nofp\libg_nano.a(lib_a-stpcpy.o)
 .debug_frame   0x000011c4       0x20 c:/progra~2/gnuarm~1/102021~1.10/bin/../lib/gcc/arm-none-eabi/10.3.1/../../../../arm-none-eabi/lib/thumb/v6-m/nofp\libg_nano.a(lib_a-strchr.o)
 .debug_frame   0x000011e4       0x2c c:/progra~2/gnuarm~1/102021~1.10/bin/../lib/gcc/arm-none-eabi/10.3.1/../../../../arm-none-eabi/lib/thumb/v6-m/nofp\libg_nano.a(lib_a-strncpy.o)
 .debug_frame   0x00001210       0x48 c:/progra~2/gnuarm~1/102021~1.10/bin/../lib/gcc/arm-none-eabi/10.3.1/../../../../arm-none-eabi/lib/thumb/v6-m/nofp\libg_nano.a(lib_a-wbuf.o)
 .debug_frame   0x00001258       0x2c c:/progra~2/gnuarm~1/102021~1.10/bin/../lib/gcc/arm-none-eabi/10.3.1/../../../../arm-none-eabi/lib/thumb/v6-m/nofp\libg_nano.a(lib_a-wsetup.o)
 .debug_frame   0x00001284       0x68 c:/progra~2/gnuarm~1/102021~1.10/bin/../lib/gcc/arm-none-eabi/10.3.1/../../../../arm-none-eabi/lib/thumb/v6-m/nofp\libg_nano.a(lib_a-fflush.o)
 .debug_frame   0x000012ec      0x170 c:/progra~2/gnuarm~1/102021~1.10/bin/../lib/gcc/arm-none-eabi/10.3.1/../../../../arm-none-eabi/lib/thumb/v6-m/nofp\libg_nano.a(lib_a-findfp.o)
 .debug_frame   0x0000145c       0x58 c:/progra~2/gnuarm~1/102021~1.10/bin/../lib/gcc/arm-none-eabi/10.3.1/../../../../arm-none-eabi/lib/thumb/v6-m/nofp\libg_nano.a(lib_a-fwalk.o)
 .debug_frame   0x000014b4       0xb0 c:/progra~2/gnuarm~1/102021~1.10/bin/../lib/gcc/arm-none-eabi/10.3.1/../../../../arm-none-eabi/lib/thumb/v6-m/nofp\libg_nano.a(lib_a-lock.o)
 .debug_frame   0x00001564       0x54 c:/progra~2/gnuarm~1/102021~1.10/bin/../lib/gcc/arm-none-eabi/10.3.1/../../../../arm-none-eabi/lib/thumb/v6-m/nofp\libg_nano.a(lib_a-makebuf.o)
 .debug_frame   0x000015b8       0x2c c:/progra~2/gnuarm~1/102021~1.10/bin/../lib/gcc/arm-none-eabi/10.3.1/../../../../arm-none-eabi/lib/thumb/v6-m/nofp\libg_nano.a(lib_a-nano-freer.o)
 .debug_frame   0x000015e4       0x50 c:/progra~2/gnuarm~1/102021~1.10/bin/../lib/gcc/arm-none-eabi/10.3.1/../../../../arm-none-eabi/lib/thumb/v6-m/nofp\libg_nano.a(lib_a-nano-mallocr.o)
 .debug_frame   0x00001634       0x9c c:/progra~2/gnuarm~1/102021~1.10/bin/../lib/gcc/arm-none-eabi/10.3.1/../../../../arm-none-eabi/lib/thumb/v6-m/nofp\libg_nano.a(lib_a-nano-vfprintf.o)
 .debug_frame   0x000016d0       0x54 c:/progra~2/gnuarm~1/102021~1.10/bin/../lib/gcc/arm-none-eabi/10.3.1/../../../../arm-none-eabi/lib/thumb/v6-m/nofp\libg_nano.a(lib_a-nano-vfprintf_i.o)
 .debug_frame   0x00001724       0x2c c:/progra~2/gnuarm~1/102021~1.10/bin/../lib/gcc/arm-none-eabi/10.3.1/../../../../arm-none-eabi/lib/thumb/v6-m/nofp\libg_nano.a(lib_a-sbrkr.o)
 .debug_frame   0x00001750       0x90 c:/progra~2/gnuarm~1/102021~1.10/bin/../lib/gcc/arm-none-eabi/10.3.1/../../../../arm-none-eabi/lib/thumb/v6-m/nofp\libg_nano.a(lib_a-stdio.o)
 .debug_frame   0x000017e0       0x2c c:/progra~2/gnuarm~1/102021~1.10/bin/../lib/gcc/arm-none-eabi/10.3.1/../../../../arm-none-eabi/lib/thumb/v6-m/nofp\libg_nano.a(lib_a-writer.o)
 .debug_frame   0x0000180c       0x2c c:/progra~2/gnuarm~1/102021~1.10/bin/../lib/gcc/arm-none-eabi/10.3.1/../../../../arm-none-eabi/lib/thumb/v6-m/nofp\libg_nano.a(lib_a-closer.o)
 .debug_frame   0x00001838       0x2c c:/progra~2/gnuarm~1/102021~1.10/bin/../lib/gcc/arm-none-eabi/10.3.1/../../../../arm-none-eabi/lib/thumb/v6-m/nofp\libg_nano.a(lib_a-fstatr.o)
 .debug_frame   0x00001864       0x2c c:/progra~2/gnuarm~1/102021~1.10/bin/../lib/gcc/arm-none-eabi/10.3.1/../../../../arm-none-eabi/lib/thumb/v6-m/nofp\libg_nano.a(lib_a-isattyr.o)
 .debug_frame   0x00001890       0x2c c:/progra~2/gnuarm~1/102021~1.10/bin/../lib/gcc/arm-none-eabi/10.3.1/../../../../arm-none-eabi/lib/thumb/v6-m/nofp\libg_nano.a(lib_a-lseekr.o)
 .debug_frame   0x000018bc       0x20 c:/progra~2/gnuarm~1/102021~1.10/bin/../lib/gcc/arm-none-eabi/10.3.1/../../../../arm-none-eabi/lib/thumb/v6-m/nofp\libg_nano.a(lib_a-memchr-stub.o)
 .debug_frame   0x000018dc       0x40 c:/progra~2/gnuarm~1/102021~1.10/bin/../lib/gcc/arm-none-eabi/10.3.1/../../../../arm-none-eabi/lib/thumb/v6-m/nofp\libg_nano.a(lib_a-mlock.o)
 .debug_frame   0x0000191c       0x2c c:/progra~2/gnuarm~1/102021~1.10/bin/../lib/gcc/arm-none-eabi/10.3.1/../../../../arm-none-eabi/lib/thumb/v6-m/nofp\libg_nano.a(lib_a-readr.o)
 .debug_frame   0x00001948       0x48 c:/progra~2/gnuarm~1/102021~1.10/bin/../lib/gcc/arm-none-eabi/10.3.1/../../../../arm-none-eabi/lib/thumb/v6-m/nofp\libg_nano.a(lib_a-reent.o)
 .debug_frame   0x00001990       0x20 c:/progra~2/gnuarm~1/102021~1.10/bin/../lib/gcc/arm-none-eabi/10.3.1/../../../../arm-none-eabi/lib/thumb/v6-m/nofp\libnosys.a(close.o)
 .debug_frame   0x000019b0       0x20 c:/progra~2/gnuarm~1/102021~1.10/bin/../lib/gcc/arm-none-eabi/10.3.1/../../../../arm-none-eabi/lib/thumb/v6-m/nofp\libnosys.a(fstat.o)
 .debug_frame   0x000019d0       0x20 c:/progra~2/gnuarm~1/102021~1.10/bin/../lib/gcc/arm-none-eabi/10.3.1/../../../../arm-none-eabi/lib/thumb/v6-m/nofp\libnosys.a(isatty.o)
 .debug_frame   0x000019f0       0x20 c:/progra~2/gnuarm~1/102021~1.10/bin/../lib/gcc/arm-none-eabi/10.3.1/../../../../arm-none-eabi/lib/thumb/v6-m/nofp\libnosys.a(lseek.o)
 .debug_frame   0x00001a10       0x20 c:/progra~2/gnuarm~1/102021~1.10/bin/../lib/gcc/arm-none-eabi/10.3.1/../../../../arm-none-eabi/lib/thumb/v6-m/nofp\libnosys.a(read.o)
 .debug_frame   0x00001a30       0x20 c:/progra~2/gnuarm~1/102021~1.10/bin/../lib/gcc/arm-none-eabi/10.3.1/../../../../arm-none-eabi/lib/thumb/v6-m/nofp\libnosys.a(sbrk.o)

.debug_info     0x00000000     0x91e0
 .debug_info    0x00000000      0xf6e CMakeFiles\WZTOE_DNSClient.dir\main.c.obj
 .debug_info    0x00000f6e      0x2d2 CMakeFiles\WZTOE_DNSClient.dir\w7500x_it.c.obj
 .debug_info    0x00001240      0x50d CMakeFiles\WZTOE_DNSClient.dir\retarget.c.obj
 .debug_info    0x0000174d       0x26 CMakeFiles\WZTOE_DNSClient.dir\__\__\__\__\Libraries\CMSIS\Device\WIZnet\W7500\Source\GCC\startup_W7500.s.obj
 .debug_info    0x00001773      0x5f8 CMakeFiles\WZTOE_DNSClient.dir\__\__\__\__\Libraries\CMSIS\Device\WIZnet\W7500\Source\system_w7500x.c.obj
 .debug_info    0x00001d6b      0xb7e CMakeFiles\WZTOE_DNSClient.dir\__\__\__\__\Libraries\W7500x_StdPeriph_Driver\src\w7500x_gpio.c.obj
 .debug_info    0x000028e9      0xff2 CMakeFiles\WZTOE_DNSClient.dir\__\__\__\__\Libraries\W7500x_StdPeriph_Driver\src\w7500x_uart.c.obj
 .debug_info    0x000038db      0x9b1 CMakeFiles\WZTOE_DNSClient.dir\__\__\__\__\Libraries\W7500x_StdPeriph_Driver\src\w7500x_crg.c.obj
 .debug_info    0x0000428c      0x524 CMakeFiles\WZTOE_DNSClient.dir\__\__\__\__\Libraries\W7500x_StdPeriph_Driver\src\w7500x_dualtimer.c.obj
 .debug_info    0x000047b0      0xc19 CMakeFiles\WZTOE_DNSClient.dir\__\__\__\__\Libraries\W7500x_StdPeriph_Driver\src\w7500x_miim.c.obj
 .debug_info    0x000053c9      0x250 CMakeFiles\WZTOE_DNSClient.dir\__\__\__\__\Libraries\W7500x_StdPeriph_Driver\src\w7500x_misc.c.obj
 .debug_info    0x00005619      0xda5 CMakeFiles\WZTOE_DNSClient.dir\__\__\__\__\Libraries\ioLibrary\Internet\DNS\dns.c.obj
 .debug_info    0x000063be     0x122b CMakeFiles\WZTOE_DNSClient.dir\__\__\__\__\Libraries\ioLibrary\Ethernet\socket.c.obj
 .debug_info    0x000075e9      0x50f CMakeFiles\WZTOE_DNSClient.dir\__\__\__\__\Libraries\W7500x_StdPeriph_Driver\src\w7500x_wztoe.c.obj
 .debug_info    0x00007af8     0x16e8 CMakeFiles\WZTOE_DNSClient.dir\__\__\__\__\Libraries\ioLibrary\Ethernet\wizchip_conf.c.obj

.debug_abbrev   0x00000000     0x2269
 .debug_abbrev  0x00000000      0x385 CMakeFiles\WZTOE_DNSClient.dir\main.c.obj
 .debug_abbrev  0x00000385      0x134 CMakeFiles\WZTOE_DNSClient.dir\w7500x_it.c.obj
 .debug_abbrev  0x000004b9      0x1d5 CMakeFiles\WZTOE_DNSClient.dir\retarget.c.obj
 .debug_abbrev  0x0000068e       0x14 CMakeFiles\WZTOE_DNSClient.dir\__\__\__\__\Libraries\CMSIS\Device\WIZnet\W7500\Source\GCC\startup_W7500.s.obj
 .debug_abbrev  0x000006a2      0x1e6 CMakeFiles\WZTOE_DNSClient.dir\__\__\__\__\Libraries\CMSIS\Device\WIZnet\W7500\Source\system_w7500x.c.obj
 .debug_abbrev  0x00000888      0x2d0 CMakeFiles\WZTOE_DNSClient.dir\__\__\__\__\Libraries\W7500x_StdPeriph_Driver\src\w7500x_gpio.c.obj
 .debug_abbrev  0x00000b58      0x336 CMakeFiles\WZTOE_DNSClient.dir\__\__\__\__\Libraries\W7500x_StdPeriph_Driver\src\w7500x_uart.c.obj
 .debug_abbrev  0x00000e8e      0x1b0 CMakeFiles\WZTOE_DNSClient.dir\__\__\__\__\Libraries\W7500x_StdPeriph_Driver\src\w7500x_crg.c.obj
 .debug_abbrev  0x0000103e      0x219 CMakeFiles\WZTOE_DNSClient.dir\__\__\__\__\Libraries\W7500x_StdPeriph_Driver\src\w7500x_dualtimer.c.obj
 .debug_abbrev  0x00001257      0x36e CMakeFiles\WZTOE_DNSClient.dir\__\__\__\__\Libraries\W7500x_StdPeriph_Driver\src\w7500x_miim.c.obj
 .debug_abbrev  0x000015c5      0x12f CMakeFiles\WZTOE_DNSClient.dir\__\__\__\__\Libraries\W7500x_StdPeriph_Driver\src\w7500x_misc.c.obj
 .debug_abbrev  0x000016f4      0x356 CMakeFiles\WZTOE_DNSClient.dir\__\__\__\__\Libraries\ioLibrary\Internet\DNS\dns.c.obj
 .debug_abbrev  0x00001a4a      0x243 CMakeFiles\WZTOE_DNSClient.dir\__\__\__\__\Libraries\ioLibrary\Ethernet\socket.c.obj
 .debug_abbrev  0x00001c8d      0x17b CMakeFiles\WZTOE_DNSClient.dir\__\__\__\__\Libraries\W7500x_StdPeriph_Driver\src\w7500x_wztoe.c.obj
 .debug_abbrev  0x00001e08      0x461 CMakeFiles\WZTOE_DNSClient.dir\__\__\__\__\Libraries\ioLibrary\Ethernet\wizchip_conf.c.obj

.debug_loc      0x00000000     0x57c5
 .debug_loc     0x00000000       0xd3 CMakeFiles\WZTOE_DNSClient.dir\main.c.obj
 .debug_loc     0x000000d3      0x2af CMakeFiles\WZTOE_DNSClient.dir\retarget.c.obj
 .debug_loc     0x00000382      0xc59 CMakeFiles\WZTOE_DNSClient.dir\__\__\__\__\Libraries\W7500x_StdPeriph_Driver\src\w7500x_gpio.c.obj
 .debug_loc     0x00000fdb      0x507 CMakeFiles\WZTOE_DNSClient.dir\__\__\__\__\Libraries\W7500x_StdPeriph_Driver\src\w7500x_uart.c.obj
 .debug_loc     0x000014e2      0x18c CMakeFiles\WZTOE_DNSClient.dir\__\__\__\__\Libraries\W7500x_StdPeriph_Driver\src\w7500x_crg.c.obj
 .debug_loc     0x0000166e      0x161 CMakeFiles\WZTOE_DNSClient.dir\__\__\__\__\Libraries\W7500x_StdPeriph_Driver\src\w7500x_dualtimer.c.obj
 .debug_loc     0x000017cf      0x5a8 CMakeFiles\WZTOE_DNSClient.dir\__\__\__\__\Libraries\W7500x_StdPeriph_Driver\src\w7500x_miim.c.obj
 .debug_loc     0x00001d77       0x88 CMakeFiles\WZTOE_DNSClient.dir\__\__\__\__\Libraries\W7500x_StdPeriph_Driver\src\w7500x_misc.c.obj
 .debug_loc     0x00001dff     0x1394 CMakeFiles\WZTOE_DNSClient.dir\__\__\__\__\Libraries\ioLibrary\Internet\DNS\dns.c.obj
 .debug_loc     0x00003193     0x1691 CMakeFiles\WZTOE_DNSClient.dir\__\__\__\__\Libraries\ioLibrary\Ethernet\socket.c.obj
 .debug_loc     0x00004824      0x4ec CMakeFiles\WZTOE_DNSClient.dir\__\__\__\__\Libraries\W7500x_StdPeriph_Driver\src\w7500x_wztoe.c.obj
 .debug_loc     0x00004d10      0xab5 CMakeFiles\WZTOE_DNSClient.dir\__\__\__\__\Libraries\ioLibrary\Ethernet\wizchip_conf.c.obj

.debug_aranges  0x00000000      0x698
 .debug_aranges
                0x00000000       0x30 CMakeFiles\WZTOE_DNSClient.dir\main.c.obj
 .debug_aranges
                0x00000030       0x30 CMakeFiles\WZTOE_DNSClient.dir\w7500x_it.c.obj
 .debug_aranges
                0x00000060       0x50 CMakeFiles\WZTOE_DNSClient.dir\retarget.c.obj
 .debug_aranges
                0x000000b0       0x20 CMakeFiles\WZTOE_DNSClient.dir\__\__\__\__\Libraries\CMSIS\Device\WIZnet\W7500\Source\GCC\startup_W7500.s.obj
 .debug_aranges
                0x000000d0       0x38 CMakeFiles\WZTOE_DNSClient.dir\__\__\__\__\Libraries\CMSIS\Device\WIZnet\W7500\Source\system_w7500x.c.obj
 .debug_aranges
                0x00000108       0xc0 CMakeFiles\WZTOE_DNSClient.dir\__\__\__\__\Libraries\W7500x_StdPeriph_Driver\src\w7500x_gpio.c.obj
 .debug_aranges
                0x000001c8       0xe8 CMakeFiles\WZTOE_DNSClient.dir\__\__\__\__\Libraries\W7500x_StdPeriph_Driver\src\w7500x_uart.c.obj
 .debug_aranges
                0x000002b0       0xe8 CMakeFiles\WZTOE_DNSClient.dir\__\__\__\__\Libraries\W7500x_StdPeriph_Driver\src\w7500x_crg.c.obj
 .debug_aranges
                0x00000398       0x68 CMakeFiles\WZTOE_DNSClient.dir\__\__\__\__\Libraries\W7500x_StdPeriph_Driver\src\w7500x_dualtimer.c.obj
 .debug_aranges
                0x00000400       0x58 CMakeFiles\WZTOE_DNSClient.dir\__\__\__\__\Libraries\W7500x_StdPeriph_Driver\src\w7500x_miim.c.obj
 .debug_aranges
                0x00000458       0x20 CMakeFiles\WZTOE_DNSClient.dir\__\__\__\__\Libraries\W7500x_StdPeriph_Driver\src\w7500x_misc.c.obj
 .debug_aranges
                0x00000478       0x70 CMakeFiles\WZTOE_DNSClient.dir\__\__\__\__\Libraries\ioLibrary\Internet\DNS\dns.c.obj
 .debug_aranges
                0x000004e8       0x80 CMakeFiles\WZTOE_DNSClient.dir\__\__\__\__\Libraries\ioLibrary\Ethernet\socket.c.obj
 .debug_aranges
                0x00000568       0x58 CMakeFiles\WZTOE_DNSClient.dir\__\__\__\__\Libraries\W7500x_StdPeriph_Driver\src\w7500x_wztoe.c.obj
 .debug_aranges
                0x000005c0       0xd8 CMakeFiles\WZTOE_DNSClient.dir\__\__\__\__\Libraries\ioLibrary\Ethernet\wizchip_conf.c.obj

.debug_ranges   0x00000000      0xa58
 .debug_ranges  0x00000000       0x70 CMakeFiles\WZTOE_DNSClient.dir\main.c.obj
 .debug_ranges  0x00000070       0x20 CMakeFiles\WZTOE_DNSClient.dir\w7500x_it.c.obj
 .debug_ranges  0x00000090       0x70 CMakeFiles\WZTOE_DNSClient.dir\retarget.c.obj
 .debug_ranges  0x00000100       0x40 CMakeFiles\WZTOE_DNSClient.dir\__\__\__\__\Libraries\CMSIS\Device\WIZnet\W7500\Source\system_w7500x.c.obj
 .debug_ranges  0x00000140      0x1e0 CMakeFiles\WZTOE_DNSClient.dir\__\__\__\__\Libraries\W7500x_StdPeriph_Driver\src\w7500x_gpio.c.obj
 .debug_ranges  0x00000320      0x110 CMakeFiles\WZTOE_DNSClient.dir\__\__\__\__\Libraries\W7500x_StdPeriph_Driver\src\w7500x_uart.c.obj
 .debug_ranges  0x00000430       0xd8 CMakeFiles\WZTOE_DNSClient.dir\__\__\__\__\Libraries\W7500x_StdPeriph_Driver\src\w7500x_crg.c.obj
 .debug_ranges  0x00000508       0xa0 CMakeFiles\WZTOE_DNSClient.dir\__\__\__\__\Libraries\W7500x_StdPeriph_Driver\src\w7500x_dualtimer.c.obj
 .debug_ranges  0x000005a8       0x98 CMakeFiles\WZTOE_DNSClient.dir\__\__\__\__\Libraries\W7500x_StdPeriph_Driver\src\w7500x_miim.c.obj
 .debug_ranges  0x00000640       0x10 CMakeFiles\WZTOE_DNSClient.dir\__\__\__\__\Libraries\W7500x_StdPeriph_Driver\src\w7500x_misc.c.obj
 .debug_ranges  0x00000650      0x1e0 CMakeFiles\WZTOE_DNSClient.dir\__\__\__\__\Libraries\ioLibrary\Internet\DNS\dns.c.obj
 .debug_ranges  0x00000830       0x88 CMakeFiles\WZTOE_DNSClient.dir\__\__\__\__\Libraries\ioLibrary\Ethernet\socket.c.obj
 .debug_ranges  0x000008b8       0x48 CMakeFiles\WZTOE_DNSClient.dir\__\__\__\__\Libraries\W7500x_StdPeriph_Driver\src\w7500x_wztoe.c.obj
 .debug_ranges  0x00000900      0x158 CMakeFiles\WZTOE_DNSClient.dir\__\__\__\__\Libraries\ioLibrary\Ethernet\wizchip_conf.c.obj

.debug_macro    0x00000000     0x8ef6
 .debug_macro   0x00000000      0x2db CMakeFiles\WZTOE_DNSClient.dir\main.c.obj
 .debug_macro   0x000002db      0xa3c CMakeFiles\WZTOE_DNSClient.dir\main.c.obj
 .debug_macro   0x00000d17       0x22 CMakeFiles\WZTOE_DNSClient.dir\main.c.obj
 .debug_macro   0x00000d39       0x5e CMakeFiles\WZTOE_DNSClient.dir\main.c.obj
 .debug_macro   0x00000d97       0x18 CMakeFiles\WZTOE_DNSClient.dir\main.c.obj
 .debug_macro   0x00000daf       0x94 CMakeFiles\WZTOE_DNSClient.dir\main.c.obj
 .debug_macro   0x00000e43       0x35 CMakeFiles\WZTOE_DNSClient.dir\main.c.obj
 .debug_macro   0x00000e78       0x34 CMakeFiles\WZTOE_DNSClient.dir\main.c.obj
 .debug_macro   0x00000eac       0x16 CMakeFiles\WZTOE_DNSClient.dir\main.c.obj
 .debug_macro   0x00000ec2       0x57 CMakeFiles\WZTOE_DNSClient.dir\main.c.obj
 .debug_macro   0x00000f19       0x97 CMakeFiles\WZTOE_DNSClient.dir\main.c.obj
 .debug_macro   0x00000fb0      0x341 CMakeFiles\WZTOE_DNSClient.dir\main.c.obj
 .debug_macro   0x000012f1       0xfd CMakeFiles\WZTOE_DNSClient.dir\main.c.obj
 .debug_macro   0x000013ee       0x10 CMakeFiles\WZTOE_DNSClient.dir\main.c.obj
 .debug_macro   0x000013fe       0x16 CMakeFiles\WZTOE_DNSClient.dir\main.c.obj
 .debug_macro   0x00001414       0x43 CMakeFiles\WZTOE_DNSClient.dir\main.c.obj
 .debug_macro   0x00001457       0x34 CMakeFiles\WZTOE_DNSClient.dir\main.c.obj
 .debug_macro   0x0000148b       0x10 CMakeFiles\WZTOE_DNSClient.dir\main.c.obj
 .debug_macro   0x0000149b       0x58 CMakeFiles\WZTOE_DNSClient.dir\main.c.obj
 .debug_macro   0x000014f3      0x182 CMakeFiles\WZTOE_DNSClient.dir\main.c.obj
 .debug_macro   0x00001675       0x10 CMakeFiles\WZTOE_DNSClient.dir\main.c.obj
 .debug_macro   0x00001685       0x6a CMakeFiles\WZTOE_DNSClient.dir\main.c.obj
 .debug_macro   0x000016ef       0x1c CMakeFiles\WZTOE_DNSClient.dir\main.c.obj
 .debug_macro   0x0000170b       0x52 CMakeFiles\WZTOE_DNSClient.dir\main.c.obj
 .debug_macro   0x0000175d       0x22 CMakeFiles\WZTOE_DNSClient.dir\main.c.obj
 .debug_macro   0x0000177f       0x10 CMakeFiles\WZTOE_DNSClient.dir\main.c.obj
 .debug_macro   0x0000178f       0x52 CMakeFiles\WZTOE_DNSClient.dir\main.c.obj
 .debug_macro   0x000017e1       0xd5 CMakeFiles\WZTOE_DNSClient.dir\main.c.obj
 .debug_macro   0x000018b6       0x1c CMakeFiles\WZTOE_DNSClient.dir\main.c.obj
 .debug_macro   0x000018d2       0x3d CMakeFiles\WZTOE_DNSClient.dir\main.c.obj
 .debug_macro   0x0000190f       0x16 CMakeFiles\WZTOE_DNSClient.dir\main.c.obj
 .debug_macro   0x00001925      0x16f CMakeFiles\WZTOE_DNSClient.dir\main.c.obj
 .debug_macro   0x00001a94       0x56 CMakeFiles\WZTOE_DNSClient.dir\main.c.obj
 .debug_macro   0x00001aea       0x3a CMakeFiles\WZTOE_DNSClient.dir\main.c.obj
 .debug_macro   0x00001b24      0x103 CMakeFiles\WZTOE_DNSClient.dir\main.c.obj
 .debug_macro   0x00001c27      0x1df CMakeFiles\WZTOE_DNSClient.dir\main.c.obj
 .debug_macro   0x00001e06       0x1f CMakeFiles\WZTOE_DNSClient.dir\main.c.obj
 .debug_macro   0x00001e25      0x242 CMakeFiles\WZTOE_DNSClient.dir\main.c.obj
 .debug_macro   0x00002067     0x1486 CMakeFiles\WZTOE_DNSClient.dir\main.c.obj
 .debug_macro   0x000034ed       0x40 CMakeFiles\WZTOE_DNSClient.dir\main.c.obj
 .debug_macro   0x0000352d      0x145 CMakeFiles\WZTOE_DNSClient.dir\main.c.obj
 .debug_macro   0x00003672       0x29 CMakeFiles\WZTOE_DNSClient.dir\main.c.obj
 .debug_macro   0x0000369b      0x17b CMakeFiles\WZTOE_DNSClient.dir\main.c.obj
 .debug_macro   0x00003816       0x34 CMakeFiles\WZTOE_DNSClient.dir\main.c.obj
 .debug_macro   0x0000384a       0x16 CMakeFiles\WZTOE_DNSClient.dir\main.c.obj
 .debug_macro   0x00003860       0x10 CMakeFiles\WZTOE_DNSClient.dir\main.c.obj
 .debug_macro   0x00003870       0xd6 CMakeFiles\WZTOE_DNSClient.dir\main.c.obj
 .debug_macro   0x00003946       0x2e CMakeFiles\WZTOE_DNSClient.dir\main.c.obj
 .debug_macro   0x00003974       0x9d CMakeFiles\WZTOE_DNSClient.dir\main.c.obj
 .debug_macro   0x00003a11      0x1c5 CMakeFiles\WZTOE_DNSClient.dir\main.c.obj
 .debug_macro   0x00003bd6      0x23f CMakeFiles\WZTOE_DNSClient.dir\main.c.obj
 .debug_macro   0x00003e15       0x10 CMakeFiles\WZTOE_DNSClient.dir\main.c.obj
 .debug_macro   0x00003e25      0x5f3 CMakeFiles\WZTOE_DNSClient.dir\main.c.obj
 .debug_macro   0x00004418       0x48 CMakeFiles\WZTOE_DNSClient.dir\main.c.obj
 .debug_macro   0x00004460       0x66 CMakeFiles\WZTOE_DNSClient.dir\main.c.obj
 .debug_macro   0x000044c6       0x28 CMakeFiles\WZTOE_DNSClient.dir\main.c.obj
 .debug_macro   0x000044ee      0x2bc CMakeFiles\WZTOE_DNSClient.dir\w7500x_it.c.obj
 .debug_macro   0x000047aa      0x2fc CMakeFiles\WZTOE_DNSClient.dir\retarget.c.obj
 .debug_macro   0x00004aa6      0x239 CMakeFiles\WZTOE_DNSClient.dir\retarget.c.obj
 .debug_macro   0x00004cdf       0x10 CMakeFiles\WZTOE_DNSClient.dir\retarget.c.obj
 .debug_macro   0x00004cef       0x16 CMakeFiles\WZTOE_DNSClient.dir\retarget.c.obj
 .debug_macro   0x00004d05       0x35 CMakeFiles\WZTOE_DNSClient.dir\retarget.c.obj
 .debug_macro   0x00004d3a       0x10 CMakeFiles\WZTOE_DNSClient.dir\retarget.c.obj
 .debug_macro   0x00004d4a       0x10 CMakeFiles\WZTOE_DNSClient.dir\retarget.c.obj
 .debug_macro   0x00004d5a       0x35 CMakeFiles\WZTOE_DNSClient.dir\retarget.c.obj
 .debug_macro   0x00004d8f      0x12c CMakeFiles\WZTOE_DNSClient.dir\retarget.c.obj
 .debug_macro   0x00004ebb      0x2ab CMakeFiles\WZTOE_DNSClient.dir\__\__\__\__\Libraries\CMSIS\Device\WIZnet\W7500\Source\system_w7500x.c.obj
 .debug_macro   0x00005166       0x8e CMakeFiles\WZTOE_DNSClient.dir\__\__\__\__\Libraries\CMSIS\Device\WIZnet\W7500\Source\system_w7500x.c.obj
 .debug_macro   0x000051f4       0x51 CMakeFiles\WZTOE_DNSClient.dir\__\__\__\__\Libraries\CMSIS\Device\WIZnet\W7500\Source\system_w7500x.c.obj
 .debug_macro   0x00005245       0x64 CMakeFiles\WZTOE_DNSClient.dir\__\__\__\__\Libraries\CMSIS\Device\WIZnet\W7500\Source\system_w7500x.c.obj
 .debug_macro   0x000052a9      0x5ed CMakeFiles\WZTOE_DNSClient.dir\__\__\__\__\Libraries\CMSIS\Device\WIZnet\W7500\Source\system_w7500x.c.obj
 .debug_macro   0x00005896      0x2b5 CMakeFiles\WZTOE_DNSClient.dir\__\__\__\__\Libraries\W7500x_StdPeriph_Driver\src\w7500x_gpio.c.obj
 .debug_macro   0x00005b4b      0x175 CMakeFiles\WZTOE_DNSClient.dir\__\__\__\__\Libraries\W7500x_StdPeriph_Driver\src\w7500x_gpio.c.obj
 .debug_macro   0x00005cc0      0x2b9 CMakeFiles\WZTOE_DNSClient.dir\__\__\__\__\Libraries\W7500x_StdPeriph_Driver\src\w7500x_uart.c.obj
 .debug_macro   0x00005f79      0x2b5 CMakeFiles\WZTOE_DNSClient.dir\__\__\__\__\Libraries\W7500x_StdPeriph_Driver\src\w7500x_crg.c.obj
 .debug_macro   0x0000622e      0x2b5 CMakeFiles\WZTOE_DNSClient.dir\__\__\__\__\Libraries\W7500x_StdPeriph_Driver\src\w7500x_dualtimer.c.obj
 .debug_macro   0x000064e3       0x23 CMakeFiles\WZTOE_DNSClient.dir\__\__\__\__\Libraries\W7500x_StdPeriph_Driver\src\w7500x_dualtimer.c.obj
 .debug_macro   0x00006506      0x2e9 CMakeFiles\WZTOE_DNSClient.dir\__\__\__\__\Libraries\W7500x_StdPeriph_Driver\src\w7500x_miim.c.obj
 .debug_macro   0x000067ef      0x2b6 CMakeFiles\WZTOE_DNSClient.dir\__\__\__\__\Libraries\W7500x_StdPeriph_Driver\src\w7500x_misc.c.obj
 .debug_macro   0x00006aa5      0x401 CMakeFiles\WZTOE_DNSClient.dir\__\__\__\__\Libraries\ioLibrary\Internet\DNS\dns.c.obj
 .debug_macro   0x00006ea6      0x174 CMakeFiles\WZTOE_DNSClient.dir\__\__\__\__\Libraries\ioLibrary\Internet\DNS\dns.c.obj
 .debug_macro   0x0000701a       0x10 CMakeFiles\WZTOE_DNSClient.dir\__\__\__\__\Libraries\ioLibrary\Internet\DNS\dns.c.obj
 .debug_macro   0x0000702a       0x16 CMakeFiles\WZTOE_DNSClient.dir\__\__\__\__\Libraries\ioLibrary\Internet\DNS\dns.c.obj
 .debug_macro   0x00007040       0x16 CMakeFiles\WZTOE_DNSClient.dir\__\__\__\__\Libraries\ioLibrary\Internet\DNS\dns.c.obj
 .debug_macro   0x00007056       0x29 CMakeFiles\WZTOE_DNSClient.dir\__\__\__\__\Libraries\ioLibrary\Internet\DNS\dns.c.obj
 .debug_macro   0x0000707f       0x42 CMakeFiles\WZTOE_DNSClient.dir\__\__\__\__\Libraries\ioLibrary\Internet\DNS\dns.c.obj
 .debug_macro   0x000070c1       0x56 CMakeFiles\WZTOE_DNSClient.dir\__\__\__\__\Libraries\ioLibrary\Internet\DNS\dns.c.obj
 .debug_macro   0x00007117     0x1486 CMakeFiles\WZTOE_DNSClient.dir\__\__\__\__\Libraries\ioLibrary\Internet\DNS\dns.c.obj
 .debug_macro   0x0000859d       0x1c CMakeFiles\WZTOE_DNSClient.dir\__\__\__\__\Libraries\ioLibrary\Internet\DNS\dns.c.obj
 .debug_macro   0x000085b9       0xd5 CMakeFiles\WZTOE_DNSClient.dir\__\__\__\__\Libraries\ioLibrary\Internet\DNS\dns.c.obj
 .debug_macro   0x0000868e      0x2f1 CMakeFiles\WZTOE_DNSClient.dir\__\__\__\__\Libraries\ioLibrary\Ethernet\socket.c.obj
 .debug_macro   0x0000897f      0x2af CMakeFiles\WZTOE_DNSClient.dir\__\__\__\__\Libraries\W7500x_StdPeriph_Driver\src\w7500x_wztoe.c.obj
 .debug_macro   0x00008c2e      0x2c8 CMakeFiles\WZTOE_DNSClient.dir\__\__\__\__\Libraries\ioLibrary\Ethernet\wizchip_conf.c.obj

.debug_line     0x00000000     0x9bab
 .debug_line    0x00000000      0x8d9 CMakeFiles\WZTOE_DNSClient.dir\main.c.obj
 .debug_line    0x000008d9      0x5d9 CMakeFiles\WZTOE_DNSClient.dir\w7500x_it.c.obj
 .debug_line    0x00000eb2      0x78d CMakeFiles\WZTOE_DNSClient.dir\retarget.c.obj
 .debug_line    0x0000163f       0xc9 CMakeFiles\WZTOE_DNSClient.dir\__\__\__\__\Libraries\CMSIS\Device\WIZnet\W7500\Source\GCC\startup_W7500.s.obj
 .debug_line    0x00001708      0x646 CMakeFiles\WZTOE_DNSClient.dir\__\__\__\__\Libraries\CMSIS\Device\WIZnet\W7500\Source\system_w7500x.c.obj
 .debug_line    0x00001d4e      0xf72 CMakeFiles\WZTOE_DNSClient.dir\__\__\__\__\Libraries\W7500x_StdPeriph_Driver\src\w7500x_gpio.c.obj
 .debug_line    0x00002cc0      0xbd1 CMakeFiles\WZTOE_DNSClient.dir\__\__\__\__\Libraries\W7500x_StdPeriph_Driver\src\w7500x_uart.c.obj
 .debug_line    0x00003891      0xd95 CMakeFiles\WZTOE_DNSClient.dir\__\__\__\__\Libraries\W7500x_StdPeriph_Driver\src\w7500x_crg.c.obj
 .debug_line    0x00004626      0x7e3 CMakeFiles\WZTOE_DNSClient.dir\__\__\__\__\Libraries\W7500x_StdPeriph_Driver\src\w7500x_dualtimer.c.obj
 .debug_line    0x00004e09      0xa3f CMakeFiles\WZTOE_DNSClient.dir\__\__\__\__\Libraries\W7500x_StdPeriph_Driver\src\w7500x_miim.c.obj
 .debug_line    0x00005848      0x5e9 CMakeFiles\WZTOE_DNSClient.dir\__\__\__\__\Libraries\W7500x_StdPeriph_Driver\src\w7500x_misc.c.obj
 .debug_line    0x00005e31     0x107e CMakeFiles\WZTOE_DNSClient.dir\__\__\__\__\Libraries\ioLibrary\Internet\DNS\dns.c.obj
 .debug_line    0x00006eaf     0x166d CMakeFiles\WZTOE_DNSClient.dir\__\__\__\__\Libraries\ioLibrary\Ethernet\socket.c.obj
 .debug_line    0x0000851c      0x868 CMakeFiles\WZTOE_DNSClient.dir\__\__\__\__\Libraries\W7500x_StdPeriph_Driver\src\w7500x_wztoe.c.obj
 .debug_line    0x00008d84      0xe27 CMakeFiles\WZTOE_DNSClient.dir\__\__\__\__\Libraries\ioLibrary\Ethernet\wizchip_conf.c.obj

.debug_str      0x00000000    0x19209
 .debug_str     0x00000000    0x1667a CMakeFiles\WZTOE_DNSClient.dir\main.c.obj
                              0x168b4 (size before relaxing)
 .debug_str     0x0001667a      0x238 CMakeFiles\WZTOE_DNSClient.dir\w7500x_it.c.obj
                              0x15ffc (size before relaxing)
 .debug_str     0x000168b2      0x68e CMakeFiles\WZTOE_DNSClient.dir\retarget.c.obj
                              0x1640d (size before relaxing)
 .debug_str     0x00016f40       0x66 CMakeFiles\WZTOE_DNSClient.dir\__\__\__\__\Libraries\CMSIS\Device\WIZnet\W7500\Source\GCC\startup_W7500.s.obj
                                 0xbe (size before relaxing)
 .debug_str     0x00016fa6      0x375 CMakeFiles\WZTOE_DNSClient.dir\__\__\__\__\Libraries\CMSIS\Device\WIZnet\W7500\Source\system_w7500x.c.obj
                              0x160ef (size before relaxing)
 .debug_str     0x0001731b      0x3b3 CMakeFiles\WZTOE_DNSClient.dir\__\__\__\__\Libraries\W7500x_StdPeriph_Driver\src\w7500x_gpio.c.obj
                              0x161c6 (size before relaxing)
 .debug_str     0x000176ce      0x244 CMakeFiles\WZTOE_DNSClient.dir\__\__\__\__\Libraries\W7500x_StdPeriph_Driver\src\w7500x_uart.c.obj
                              0x16599 (size before relaxing)
 .debug_str     0x00017912      0x37e CMakeFiles\WZTOE_DNSClient.dir\__\__\__\__\Libraries\W7500x_StdPeriph_Driver\src\w7500x_crg.c.obj
                              0x163bb (size before relaxing)
 .debug_str     0x00017c90       0xe5 CMakeFiles\WZTOE_DNSClient.dir\__\__\__\__\Libraries\W7500x_StdPeriph_Driver\src\w7500x_dualtimer.c.obj
                              0x16028 (size before relaxing)
 .debug_str     0x00017d75      0x2a8 CMakeFiles\WZTOE_DNSClient.dir\__\__\__\__\Libraries\W7500x_StdPeriph_Driver\src\w7500x_miim.c.obj
                              0x161bf (size before relaxing)
 .debug_str     0x0001801d       0x69 CMakeFiles\WZTOE_DNSClient.dir\__\__\__\__\Libraries\W7500x_StdPeriph_Driver\src\w7500x_misc.c.obj
                              0x15e3d (size before relaxing)
 .debug_str     0x00018086      0x7af CMakeFiles\WZTOE_DNSClient.dir\__\__\__\__\Libraries\ioLibrary\Internet\DNS\dns.c.obj
                              0x16852 (size before relaxing)
 .debug_str     0x00018835      0x44a CMakeFiles\WZTOE_DNSClient.dir\__\__\__\__\Libraries\ioLibrary\Ethernet\socket.c.obj
                              0x167ba (size before relaxing)
 .debug_str     0x00018c7f       0x9d CMakeFiles\WZTOE_DNSClient.dir\__\__\__\__\Libraries\W7500x_StdPeriph_Driver\src\w7500x_wztoe.c.obj
                              0x15e27 (size before relaxing)
 .debug_str     0x00018d1c      0x4ed CMakeFiles\WZTOE_DNSClient.dir\__\__\__\__\Libraries\ioLibrary\Ethernet\wizchip_conf.c.obj
                              0x165bd (size before relaxing)

.stab           0x00000000       0x84
 .stab          0x00000000       0x24 c:/progra~2/gnuarm~1/102021~1.10/bin/../lib/gcc/arm-none-eabi/10.3.1/../../../../arm-none-eabi/lib/thumb/v6-m/nofp\libnosys.a(close.o)
 .stab          0x00000024       0x18 c:/progra~2/gnuarm~1/102021~1.10/bin/../lib/gcc/arm-none-eabi/10.3.1/../../../../arm-none-eabi/lib/thumb/v6-m/nofp\libnosys.a(fstat.o)
                                 0x24 (size before relaxing)
 .stab          0x0000003c       0x18 c:/progra~2/gnuarm~1/102021~1.10/bin/../lib/gcc/arm-none-eabi/10.3.1/../../../../arm-none-eabi/lib/thumb/v6-m/nofp\libnosys.a(isatty.o)
                                 0x24 (size before relaxing)
 .stab          0x00000054       0x18 c:/progra~2/gnuarm~1/102021~1.10/bin/../lib/gcc/arm-none-eabi/10.3.1/../../../../arm-none-eabi/lib/thumb/v6-m/nofp\libnosys.a(lseek.o)
                                 0x24 (size before relaxing)
 .stab          0x0000006c       0x18 c:/progra~2/gnuarm~1/102021~1.10/bin/../lib/gcc/arm-none-eabi/10.3.1/../../../../arm-none-eabi/lib/thumb/v6-m/nofp\libnosys.a(read.o)
                                 0x24 (size before relaxing)

.stabstr        0x00000000      0x117
 .stabstr       0x00000000      0x117 c:/progra~2/gnuarm~1/102021~1.10/bin/../lib/gcc/arm-none-eabi/10.3.1/../../../../arm-none-eabi/lib/thumb/v6-m/nofp\libnosys.a(close.o)

Cross Reference Table

Symbol                                            File
ADC_ChannelConfig                                 CMakeFiles\WZTOE_DNSClient.dir\__\__\__\__\Libraries\W7500x_StdPeriph_Driver\src\w7500x_adc.c.obj
ADC_ClearIT                                       CMakeFiles\WZTOE_DNSClient.dir\__\__\__\__\Libraries\W7500x_StdPeriph_Driver\src\w7500x_adc.c.obj
ADC_Cmd                                           CMakeFiles\WZTOE_DNSClient.dir\__\__\__\__\Libraries\W7500x_StdPeriph_Driver\src\w7500x_adc.c.obj
ADC_GetConversionValue                            CMakeFiles\WZTOE_DNSClient.dir\__\__\__\__\Libraries\W7500x_StdPeriph_Driver\src\w7500x_adc.c.obj
ADC_GetITStatus                                   CMakeFiles\WZTOE_DNSClient.dir\__\__\__\__\Libraries\W7500x_StdPeriph_Driver\src\w7500x_adc.c.obj
ADC_Handler                                       CMakeFiles\WZTOE_DNSClient.dir\w7500x_it.c.obj
ADC_ITConfig                                      CMakeFiles\WZTOE_DNSClient.dir\__\__\__\__\Libraries\W7500x_StdPeriph_Driver\src\w7500x_adc.c.obj
ADC_StartOfConversion                             CMakeFiles\WZTOE_DNSClient.dir\__\__\__\__\Libraries\W7500x_StdPeriph_Driver\src\w7500x_adc.c.obj
BusFault_Handler                                  CMakeFiles\WZTOE_DNSClient.dir\__\__\__\__\Libraries\CMSIS\Device\WIZnet\W7500\Source\GCC\startup_W7500.s.obj